11:46:21 **** Incremental Build of configuration Debug for project com_dalmi ****
make -j12 all 
arm-none-eabi-size   com_dalmi.elf 
   text	   data	    bss	    dec	    hex	filename
  55256	   1196	   2532	  58984	   e668	com_dalmi.elf
Finished building: default.size.stdout
 
11:56:47 **** Incremental Build of configuration Debug for project com_dalmi ****
make -j12 all 
arm-none-eabi-size   com_dalmi.elf 
   text	   data	    bss	    dec	    hex	filename
  55256	   1196	   2532	  58984	   e668	com_dalmi.elf
Finished building: default.size.stdout
 
11:58:22 **** Incremental Build of configuration Debug for project com_dalmi ****
make -j12 all 
arm-none-eabi-gcc "../Core/Src/main.c" -mcpu=cortex-m4 -std=gnu11 -g3 -DUSE_HAL_DRIVER -DSTM32L476xx -DDEBUG -c -I../Core/Inc -I../Drivers/STM32L4xx_HAL_Driver/Inc -I../Drivers/STM32L4xx_HAL_Driver/Inc/Legacy -I../Drivers/CMSIS/Device/ST/STM32L4xx/Include -I../Drivers/CMSIS/Include -I../Drivers/VL53L0X/platform/inc -I../Drivers/VL53L0X/core/inc -O0 -ffunction-sections -fdata-sections -Wall -fstack-usage -MMD -MP -MF"Core/Src/main.d" -MT"Core/Src/main.o" --specs=nano.specs -mfpu=fpv4-sp-d16 -mfloat-abi=hard -mthumb -o "Core/Src/main.o"
arm-none-eabi-gcc -o "com_dalmi.elf" @"objects.list"   -mcpu=cortex-m4 -T"C:\Users\adamj\Desktop\Studia\Semestr_6\WDS\ATMEGA\STM32\Uart_dalmierz\com_dalmi\STM32L476RGTX_FLASH.ld" --specs=nosys.specs -Wl,-Map="com_dalmi.map" -Wl,--gc-sections -static --specs=nano.specs -mfpu=fpv4-sp-d16 -mfloat-abi=hard -mthumb -Wl,--start-group -lc -lm -Wl,--end-group
Finished building target: com_dalmi.elf
 
arm-none-eabi-objdump -h -S  com_dalmi.elf  > "com_dalmi.list"
arm-none-eabi-objcopy  -O binary  com_dalmi.elf  "com_dalmi.bin"
arm-none-eabi-size   com_dalmi.elf 
   text	   data	    bss	    dec	    hex	filename
  54944	   1196	   2532	  58672	   e530	com_dalmi.elf
Finished building: default.size.stdout
 
Finished building: com_dalmi.bin
 
Finished building: com_dalmi.list
 
11:59:20 **** Incremental Build of configuration Debug for project com_dalmi ****
make -j12 all 
arm-none-eabi-size   com_dalmi.elf 
   text	   data	    bss	    dec	    hex	filename
  54944	   1196	   2532	  58672	   e530	com_dalmi.elf
Finished building: default.size.stdout
 
12:00:54 **** Incremental Build of configuration Debug for project com_dalmi ****
make -j12 all 
arm-none-eabi-size   com_dalmi.elf 
   text	   data	    bss	    dec	    hex	filename
  54944	   1196	   2532	  58672	   e530	com_dalmi.elf
Finished building: default.size.stdout
 
12:01:09 **** Incremental Build of configuration Debug for project com_dalmi ****
make -j12 all 
arm-none-eabi-size   com_dalmi.elf 
   text	   data	    bss	    dec	    hex	filename
  54944	   1196	   2532	  58672	   e530	com_dalmi.elf
Finished building: default.size.stdout
 
12:05:13 **** Incremental Build of configuration Debug for project com_dalmi ****
make -j12 all 
arm-none-eabi-size   com_dalmi.elf 
   text	   data	    bss	    dec	    hex	filename
  54944	   1196	   2532	  58672	   e530	com_dalmi.elf
Finished building: default.size.stdout
 
12:12:40 **** Incremental Build of configuration Debug for project com_dalmi ****
make -j12 all 
arm-none-eabi-gcc "../Core/Src/main.c" -mcpu=cortex-m4 -std=gnu11 -g3 -DUSE_HAL_DRIVER -DSTM32L476xx -DDEBUG -c -I../Core/Inc -I../Drivers/STM32L4xx_HAL_Driver/Inc -I../Drivers/STM32L4xx_HAL_Driver/Inc/Legacy -I../Drivers/CMSIS/Device/ST/STM32L4xx/Include -I../Drivers/CMSIS/Include -I../Drivers/VL53L0X/platform/inc -I../Drivers/VL53L0X/core/inc -O0 -ffunction-sections -fdata-sections -Wall -fstack-usage -MMD -MP -MF"Core/Src/main.d" -MT"Core/Src/main.o" --specs=nano.specs -mfpu=fpv4-sp-d16 -mfloat-abi=hard -mthumb -o "Core/Src/main.o"
arm-none-eabi-gcc -o "com_dalmi.elf" @"objects.list"   -mcpu=cortex-m4 -T"C:\Users\adamj\Desktop\Studia\Semestr_6\WDS\ATMEGA\STM32\Uart_dalmierz\com_dalmi\STM32L476RGTX_FLASH.ld" --specs=nosys.specs -Wl,-Map="com_dalmi.map" -Wl,--gc-sections -static --specs=nano.specs -mfpu=fpv4-sp-d16 -mfloat-abi=hard -mthumb -Wl,--start-group -lc -lm -Wl,--end-group
Finished building target: com_dalmi.elf
 
arm-none-eabi-objdump -h -S  com_dalmi.elf  > "com_dalmi.list"
arm-none-eabi-objcopy  -O binary  com_dalmi.elf  "com_dalmi.bin"
arm-none-eabi-size   com_dalmi.elf 
   text	   data	    bss	    dec	    hex	filename
  54956	   1196	   2532	  58684	   e53c	com_dalmi.elf
Finished building: default.size.stdout
 
Finished building: com_dalmi.bin
 
Finished building: com_dalmi.list
 
12:14:25 **** Incremental Build of configuration Debug for project com_dalmi ****
make -j12 all 
arm-none-eabi-gcc "../Core/Src/main.c" -mcpu=cortex-m4 -std=gnu11 -g3 -DUSE_HAL_DRIVER -DSTM32L476xx -DDEBUG -c -I../Core/Inc -I../Drivers/STM32L4xx_HAL_Driver/Inc -I../Drivers/STM32L4xx_HAL_Driver/Inc/Legacy -I../Drivers/CMSIS/Device/ST/STM32L4xx/Include -I../Drivers/CMSIS/Include -I../Drivers/VL53L0X/platform/inc -I../Drivers/VL53L0X/core/inc -O0 -ffunction-sections -fdata-sections -Wall -fstack-usage -MMD -MP -MF"Core/Src/main.d" -MT"Core/Src/main.o" --specs=nano.specs -mfpu=fpv4-sp-d16 -mfloat-abi=hard -mthumb -o "Core/Src/main.o"
arm-none-eabi-gcc -o "com_dalmi.elf" @"objects.list"   -mcpu=cortex-m4 -T"C:\Users\adamj\Desktop\Studia\Semestr_6\WDS\ATMEGA\STM32\Uart_dalmierz\com_dalmi\STM32L476RGTX_FLASH.ld" --specs=nosys.specs -Wl,-Map="com_dalmi.map" -Wl,--gc-sections -static --specs=nano.specs -mfpu=fpv4-sp-d16 -mfloat-abi=hard -mthumb -Wl,--start-group -lc -lm -Wl,--end-group
Finished building target: com_dalmi.elf
 
arm-none-eabi-objdump -h -S  com_dalmi.elf  > "com_dalmi.list"
arm-none-eabi-objcopy  -O binary  com_dalmi.elf  "com_dalmi.bin"
arm-none-eabi-size   com_dalmi.elf 
   text	   data	    bss	    dec	    hex	filename
  54948	   1196	   2532	  58676	   e534	com_dalmi.elf
Finished building: default.size.stdout
 
Finished building: com_dalmi.bin
 
Finished building: com_dalmi.list
 
12:16:04 **** Incremental Build of configuration Debug for project com_dalmi ****
make -j12 all 
arm-none-eabi-size   com_dalmi.elf 
   text	   data	    bss	    dec	    hex	filename
  54948	   1196	   2532	  58676	   e534	com_dalmi.elf
Finished building: default.size.stdout
 
12:18:05 **** Incremental Build of configuration Debug for project com_dalmi ****
make -j12 all 
arm-none-eabi-size   com_dalmi.elf 
   text	   data	    bss	    dec	    hex	filename
  54948	   1196	   2532	  58676	   e534	com_dalmi.elf
Finished building: default.size.stdout
 
12:19:24 **** Incremental Build of configuration Debug for project com_dalmi ****
make -j12 all 
arm-none-eabi-size   com_dalmi.elf 
   text	   data	    bss	    dec	    hex	filename
  54948	   1196	   2532	  58676	   e534	com_dalmi.elf
Finished building: default.size.stdout
 
12:20:19 **** Incremental Build of configuration Debug for project com_dalmi ****
make -j12 all 
arm-none-eabi-size   com_dalmi.elf 
   text	   data	    bss	    dec	    hex	filename
  54948	   1196	   2532	  58676	   e534	com_dalmi.elf
Finished building: default.size.stdout
 
12:21:11 **** Incremental Build of configuration Debug for project com_dalmi ****
make -j12 all 
arm-none-eabi-gcc "../Core/Src/main.c" -mcpu=cortex-m4 -std=gnu11 -g3 -DUSE_HAL_DRIVER -DSTM32L476xx -DDEBUG -c -I../Core/Inc -I../Drivers/STM32L4xx_HAL_Driver/Inc -I../Drivers/STM32L4xx_HAL_Driver/Inc/Legacy -I../Drivers/CMSIS/Device/ST/STM32L4xx/Include -I../Drivers/CMSIS/Include -I../Drivers/VL53L0X/platform/inc -I../Drivers/VL53L0X/core/inc -O0 -ffunction-sections -fdata-sections -Wall -fstack-usage -MMD -MP -MF"Core/Src/main.d" -MT"Core/Src/main.o" --specs=nano.specs -mfpu=fpv4-sp-d16 -mfloat-abi=hard -mthumb -o "Core/Src/main.o"
arm-none-eabi-gcc -o "com_dalmi.elf" @"objects.list"   -mcpu=cortex-m4 -T"C:\Users\adamj\Desktop\Studia\Semestr_6\WDS\ATMEGA\STM32\Uart_dalmierz\com_dalmi\STM32L476RGTX_FLASH.ld" --specs=nosys.specs -Wl,-Map="com_dalmi.map" -Wl,--gc-sections -static --specs=nano.specs -mfpu=fpv4-sp-d16 -mfloat-abi=hard -mthumb -Wl,--start-group -lc -lm -Wl,--end-group
Finished building target: com_dalmi.elf
 
arm-none-eabi-objdump -h -S  com_dalmi.elf  > "com_dalmi.list"
arm-none-eabi-objcopy  -O binary  com_dalmi.elf  "com_dalmi.bin"
arm-none-eabi-size   com_dalmi.elf 
   text	   data	    bss	    dec	    hex	filename
  54968	   1196	   2532	  58696	   e548	com_dalmi.elf
Finished building: default.size.stdout
 
Finished building: com_dalmi.bin
 
Finished building: com_dalmi.list
 
12:21:24 **** Incremental Build of configuration Debug for project com_dalmi ****
make -j12 all 
arm-none-eabi-size   com_dalmi.elf 
   text	   data	    bss	    dec	    hex	filename
  54968	   1196	   2532	  58696	   e548	com_dalmi.elf
Finished building: default.size.stdout
 
12:22:54 **** Incremental Build of configuration Debug for project com_dalmi ****
make -j12 all 
arm-none-eabi-size   com_dalmi.elf 
   text	   data	    bss	    dec	    hex	filename
  54968	   1196	   2532	  58696	   e548	com_dalmi.elf
Finished building: default.size.stdout
 
12:23:50 **** Incremental Build of configuration Debug for project com_dalmi ****
make -j12 all 
arm-none-eabi-gcc "../Core/Src/main.c" -mcpu=cortex-m4 -std=gnu11 -g3 -DUSE_HAL_DRIVER -DSTM32L476xx -DDEBUG -c -I../Core/Inc -I../Drivers/STM32L4xx_HAL_Driver/Inc -I../Drivers/STM32L4xx_HAL_Driver/Inc/Legacy -I../Drivers/CMSIS/Device/ST/STM32L4xx/Include -I../Drivers/CMSIS/Include -I../Drivers/VL53L0X/platform/inc -I../Drivers/VL53L0X/core/inc -O0 -ffunction-sections -fdata-sections -Wall -fstack-usage -MMD -MP -MF"Core/Src/main.d" -MT"Core/Src/main.o" --specs=nano.specs -mfpu=fpv4-sp-d16 -mfloat-abi=hard -mthumb -o "Core/Src/main.o"
arm-none-eabi-gcc -o "com_dalmi.elf" @"objects.list"   -mcpu=cortex-m4 -T"C:\Users\adamj\Desktop\Studia\Semestr_6\WDS\ATMEGA\STM32\Uart_dalmierz\com_dalmi\STM32L476RGTX_FLASH.ld" --specs=nosys.specs -Wl,-Map="com_dalmi.map" -Wl,--gc-sections -static --specs=nano.specs -mfpu=fpv4-sp-d16 -mfloat-abi=hard -mthumb -Wl,--start-group -lc -lm -Wl,--end-group
Finished building target: com_dalmi.elf
 
arm-none-eabi-objdump -h -S  com_dalmi.elf  > "com_dalmi.list"
arm-none-eabi-objcopy  -O binary  com_dalmi.elf  "com_dalmi.bin"
arm-none-eabi-size   com_dalmi.elf 
   text	   data	    bss	    dec	    hex	filename
  54944	   1196	   2532	  58672	   e530	com_dalmi.elf
Finished building: default.size.stdout
 
Finished building: com_dalmi.bin
 
Finished building: com_dalmi.list
 
12:25:11 **** Incremental Build of configuration Debug for project com_dalmi ****
make -j12 all 
arm-none-eabi-size   com_dalmi.elf 
   text	   data	    bss	    dec	    hex	filename
  54944	   1196	   2532	  58672	   e530	com_dalmi.elf
Finished building: default.size.stdout
 
12:29:29 **** Incremental Build of configuration Debug for project com_dalmi ****
make -j12 all 
arm-none-eabi-size   com_dalmi.elf 
   text	   data	    bss	    dec	    hex	filename
  54944	   1196	   2532	  58672	   e530	com_dalmi.elf
Finished building: default.size.stdout
 
12:33:20 **** Incremental Build of configuration Debug for project com_dalmi ****
make -j12 all 
arm-none-eabi-size   com_dalmi.elf 
   text	   data	    bss	    dec	    hex	filename
  54944	   1196	   2532	  58672	   e530	com_dalmi.elf
Finished building: default.size.stdout
 
12:36:31 **** Incremental Build of configuration Debug for project com_dalmi ****
make -j12 all 
arm-none-eabi-size   com_dalmi.elf 
   text	   data	    bss	    dec	    hex	filename
  54944	   1196	   2532	  58672	   e530	com_dalmi.elf
Finished building: default.size.stdout
 
12:36:42 **** Incremental Build of configuration Debug for project com_dalmi ****
make -j12 all 
arm-none-eabi-size   com_dalmi.elf 
   text	   data	    bss	    dec	    hex	filename
  54944	   1196	   2532	  58672	   e530	com_dalmi.elf
Finished building: default.size.stdout
 
12:37:23 **** Incremental Build of configuration Debug for project com_dalmi ****
make -j12 all 
arm-none-eabi-gcc "../Core/Src/main.c" -mcpu=cortex-m4 -std=gnu11 -g3 -DUSE_HAL_DRIVER -DSTM32L476xx -DDEBUG -c -I../Core/Inc -I../Drivers/STM32L4xx_HAL_Driver/Inc -I../Drivers/STM32L4xx_HAL_Driver/Inc/Legacy -I../Drivers/CMSIS/Device/ST/STM32L4xx/Include -I../Drivers/CMSIS/Include -I../Drivers/VL53L0X/platform/inc -I../Drivers/VL53L0X/core/inc -O0 -ffunction-sections -fdata-sections -Wall -fstack-usage -MMD -MP -MF"Core/Src/main.d" -MT"Core/Src/main.o" --specs=nano.specs -mfpu=fpv4-sp-d16 -mfloat-abi=hard -mthumb -o "Core/Src/main.o"
arm-none-eabi-gcc -o "com_dalmi.elf" @"objects.list"   -mcpu=cortex-m4 -T"C:\Users\adamj\Desktop\Studia\Semestr_6\WDS\ATMEGA\STM32\Uart_dalmierz\com_dalmi\STM32L476RGTX_FLASH.ld" --specs=nosys.specs -Wl,-Map="com_dalmi.map" -Wl,--gc-sections -static --specs=nano.specs -mfpu=fpv4-sp-d16 -mfloat-abi=hard -mthumb -Wl,--start-group -lc -lm -Wl,--end-group
Finished building target: com_dalmi.elf
 
arm-none-eabi-objdump -h -S  com_dalmi.elf  > "com_dalmi.list"
arm-none-eabi-objcopy  -O binary  com_dalmi.elf  "com_dalmi.bin"
arm-none-eabi-size   com_dalmi.elf 
   text	   data	    bss	    dec	    hex	filename
  54944	   1196	   2532	  58672	   e530	com_dalmi.elf
Finished building: default.size.stdout
 
Finished building: com_dalmi.bin
 
Finished building: com_dalmi.list
 
12:38:19 **** Incremental Build of configuration Debug for project com_dalmi ****
make -j12 all 
arm-none-eabi-gcc "../Core/Src/main.c" -mcpu=cortex-m4 -std=gnu11 -g3 -DUSE_HAL_DRIVER -DSTM32L476xx -DDEBUG -c -I../Core/Inc -I../Drivers/STM32L4xx_HAL_Driver/Inc -I../Drivers/STM32L4xx_HAL_Driver/Inc/Legacy -I../Drivers/CMSIS/Device/ST/STM32L4xx/Include -I../Drivers/CMSIS/Include -I../Drivers/VL53L0X/platform/inc -I../Drivers/VL53L0X/core/inc -O0 -ffunction-sections -fdata-sections -Wall -fstack-usage -MMD -MP -MF"Core/Src/main.d" -MT"Core/Src/main.o" --specs=nano.specs -mfpu=fpv4-sp-d16 -mfloat-abi=hard -mthumb -o "Core/Src/main.o"
arm-none-eabi-gcc -o "com_dalmi.elf" @"objects.list"   -mcpu=cortex-m4 -T"C:\Users\adamj\Desktop\Studia\Semestr_6\WDS\ATMEGA\STM32\Uart_dalmierz\com_dalmi\STM32L476RGTX_FLASH.ld" --specs=nosys.specs -Wl,-Map="com_dalmi.map" -Wl,--gc-sections -static --specs=nano.specs -mfpu=fpv4-sp-d16 -mfloat-abi=hard -mthumb -Wl,--start-group -lc -lm -Wl,--end-group
Finished building target: com_dalmi.elf
 
arm-none-eabi-objdump -h -S  com_dalmi.elf  > "com_dalmi.list"
arm-none-eabi-objcopy  -O binary  com_dalmi.elf  "com_dalmi.bin"
arm-none-eabi-size   com_dalmi.elf 
   text	   data	    bss	    dec	    hex	filename
  54944	   1196	   2532	  58672	   e530	com_dalmi.elf
Finished building: default.size.stdout
 
Finished building: com_dalmi.bin
 
Finished building: com_dalmi.list
 
12:40:27 **** Incremental Build of configuration Debug for project com_dalmi ****
make -j12 all 
arm-none-eabi-size   com_dalmi.elf 
   text	   data	    bss	    dec	    hex	filename
  54944	   1196	   2532	  58672	   e530	com_dalmi.elf
Finished building: default.size.stdout
 
12:45:02 **** Incremental Build of configuration Debug for project com_dalmi ****
make -j12 all 
arm-none-eabi-size   com_dalmi.elf 
   text	   data	    bss	    dec	    hex	filename
  54944	   1196	   2532	  58672	   e530	com_dalmi.elf
Finished building: default.size.stdout
 
19:08:09 **** Incremental Build of configuration Debug for project com_dalmi ****
make -j12 all 
arm-none-eabi-gcc "../Core/Src/main.c" -mcpu=cortex-m4 -std=gnu11 -g3 -DUSE_HAL_DRIVER -DSTM32L476xx -DDEBUG -c -I../Core/Inc -I../Drivers/STM32L4xx_HAL_Driver/Inc -I../Drivers/STM32L4xx_HAL_Driver/Inc/Legacy -I../Drivers/CMSIS/Device/ST/STM32L4xx/Include -I../Drivers/CMSIS/Include -I../Drivers/VL53L0X/platform/inc -I../Drivers/VL53L0X/core/inc -O0 -ffunction-sections -fdata-sections -Wall -fstack-usage -MMD -MP -MF"Core/Src/main.d" -MT"Core/Src/main.o" --specs=nano.specs -mfpu=fpv4-sp-d16 -mfloat-abi=hard -mthumb -o "Core/Src/main.o"
arm-none-eabi-gcc -o "com_dalmi.elf" @"objects.list"   -mcpu=cortex-m4 -T"C:\Users\adamj\Desktop\Studia\Semestr_6\WDS\ATMEGA\STM32\Uart_dalmierz\com_dalmi\STM32L476RGTX_FLASH.ld" --specs=nosys.specs -Wl,-Map="com_dalmi.map" -Wl,--gc-sections -static --specs=nano.specs -mfpu=fpv4-sp-d16 -mfloat-abi=hard -mthumb -Wl,--start-group -lc -lm -Wl,--end-group
Finished building target: com_dalmi.elf
 
arm-none-eabi-objdump -h -S  com_dalmi.elf  > "com_dalmi.list"
arm-none-eabi-objcopy  -O binary  com_dalmi.elf  "com_dalmi.bin"
arm-none-eabi-size   com_dalmi.elf 
   text	   data	    bss	    dec	    hex	filename
  54944	   1196	   2532	  58672	   e530	com_dalmi.elf
Finished building: default.size.stdout
 
Finished building: com_dalmi.bin
 
Finished building: com_dalmi.list
 
19:15:55 **** Incremental Build of configuration Debug for project com_dalmi ****
make -j12 all 
arm-none-eabi-size   com_dalmi.elf 
   text	   data	    bss	    dec	    hex	filename
  54944	   1196	   2532	  58672	   e530	com_dalmi.elf
Finished building: default.size.stdout
 
