Archive member included to satisfy reference by file (symbol)

c:/st/stm32cubeide_1.4.0/stm32cubeide/plugins/com.st.stm32cube.ide.mcu.externaltools.gnu-tools-for-stm32.7-2018-q2-update.win32_1.4.0.202007081208/tools/bin/../lib/gcc/arm-none-eabi/7.3.1/../../../../arm-none-eabi/lib/thumb/v7e-m/fpv4-sp/hard\libc_nano.a(lib_a-errno.o)
                              Core/Src/syscalls.o (__errno)
c:/st/stm32cubeide_1.4.0/stm32cubeide/plugins/com.st.stm32cube.ide.mcu.externaltools.gnu-tools-for-stm32.7-2018-q2-update.win32_1.4.0.202007081208/tools/bin/../lib/gcc/arm-none-eabi/7.3.1/../../../../arm-none-eabi/lib/thumb/v7e-m/fpv4-sp/hard\libc_nano.a(lib_a-exit.o)
                              c:/st/stm32cubeide_1.4.0/stm32cubeide/plugins/com.st.stm32cube.ide.mcu.externaltools.gnu-tools-for-stm32.7-2018-q2-update.win32_1.4.0.202007081208/tools/bin/../lib/gcc/arm-none-eabi/7.3.1/../../../../arm-none-eabi/lib/thumb/v7e-m/fpv4-sp/hard/crt0.o (exit)
c:/st/stm32cubeide_1.4.0/stm32cubeide/plugins/com.st.stm32cube.ide.mcu.externaltools.gnu-tools-for-stm32.7-2018-q2-update.win32_1.4.0.202007081208/tools/bin/../lib/gcc/arm-none-eabi/7.3.1/../../../../arm-none-eabi/lib/thumb/v7e-m/fpv4-sp/hard\libc_nano.a(lib_a-impure.o)
                              c:/st/stm32cubeide_1.4.0/stm32cubeide/plugins/com.st.stm32cube.ide.mcu.externaltools.gnu-tools-for-stm32.7-2018-q2-update.win32_1.4.0.202007081208/tools/bin/../lib/gcc/arm-none-eabi/7.3.1/../../../../arm-none-eabi/lib/thumb/v7e-m/fpv4-sp/hard\libc_nano.a(lib_a-exit.o) (_global_impure_ptr)
c:/st/stm32cubeide_1.4.0/stm32cubeide/plugins/com.st.stm32cube.ide.mcu.externaltools.gnu-tools-for-stm32.7-2018-q2-update.win32_1.4.0.202007081208/tools/bin/../lib/gcc/arm-none-eabi/7.3.1/../../../../arm-none-eabi/lib/thumb/v7e-m/fpv4-sp/hard\libc_nano.a(lib_a-init.o)
                              c:/st/stm32cubeide_1.4.0/stm32cubeide/plugins/com.st.stm32cube.ide.mcu.externaltools.gnu-tools-for-stm32.7-2018-q2-update.win32_1.4.0.202007081208/tools/bin/../lib/gcc/arm-none-eabi/7.3.1/../../../../arm-none-eabi/lib/thumb/v7e-m/fpv4-sp/hard/crt0.o (__libc_init_array)
c:/st/stm32cubeide_1.4.0/stm32cubeide/plugins/com.st.stm32cube.ide.mcu.externaltools.gnu-tools-for-stm32.7-2018-q2-update.win32_1.4.0.202007081208/tools/bin/../lib/gcc/arm-none-eabi/7.3.1/../../../../arm-none-eabi/lib/thumb/v7e-m/fpv4-sp/hard\libc_nano.a(lib_a-memcpy-stub.o)
                              Drivers/VL53L0X/core/src/vl53l0x_api_calibration.o (memcpy)
c:/st/stm32cubeide_1.4.0/stm32cubeide/plugins/com.st.stm32cube.ide.mcu.externaltools.gnu-tools-for-stm32.7-2018-q2-update.win32_1.4.0.202007081208/tools/bin/../lib/gcc/arm-none-eabi/7.3.1/../../../../arm-none-eabi/lib/thumb/v7e-m/fpv4-sp/hard\libc_nano.a(lib_a-memset.o)
                              c:/st/stm32cubeide_1.4.0/stm32cubeide/plugins/com.st.stm32cube.ide.mcu.externaltools.gnu-tools-for-stm32.7-2018-q2-update.win32_1.4.0.202007081208/tools/bin/../lib/gcc/arm-none-eabi/7.3.1/../../../../arm-none-eabi/lib/thumb/v7e-m/fpv4-sp/hard/crt0.o (memset)
c:/st/stm32cubeide_1.4.0/stm32cubeide/plugins/com.st.stm32cube.ide.mcu.externaltools.gnu-tools-for-stm32.7-2018-q2-update.win32_1.4.0.202007081208/tools/bin/../lib/gcc/arm-none-eabi/7.3.1/../../../../arm-none-eabi/lib/thumb/v7e-m/fpv4-sp/hard\libc_nano.a(lib_a-printf.o)
                              Core/Src/main.o (printf)
c:/st/stm32cubeide_1.4.0/stm32cubeide/plugins/com.st.stm32cube.ide.mcu.externaltools.gnu-tools-for-stm32.7-2018-q2-update.win32_1.4.0.202007081208/tools/bin/../lib/gcc/arm-none-eabi/7.3.1/../../../../arm-none-eabi/lib/thumb/v7e-m/fpv4-sp/hard\libc_nano.a(lib_a-puts.o)
                              Core/Src/main.o (puts)
c:/st/stm32cubeide_1.4.0/stm32cubeide/plugins/com.st.stm32cube.ide.mcu.externaltools.gnu-tools-for-stm32.7-2018-q2-update.win32_1.4.0.202007081208/tools/bin/../lib/gcc/arm-none-eabi/7.3.1/../../../../arm-none-eabi/lib/thumb/v7e-m/fpv4-sp/hard\libc_nano.a(lib_a-sscanf.o)
                              Core/Src/main.o (sscanf)
c:/st/stm32cubeide_1.4.0/stm32cubeide/plugins/com.st.stm32cube.ide.mcu.externaltools.gnu-tools-for-stm32.7-2018-q2-update.win32_1.4.0.202007081208/tools/bin/../lib/gcc/arm-none-eabi/7.3.1/../../../../arm-none-eabi/lib/thumb/v7e-m/fpv4-sp/hard\libc_nano.a(lib_a-stdio.o)
                              c:/st/stm32cubeide_1.4.0/stm32cubeide/plugins/com.st.stm32cube.ide.mcu.externaltools.gnu-tools-for-stm32.7-2018-q2-update.win32_1.4.0.202007081208/tools/bin/../lib/gcc/arm-none-eabi/7.3.1/../../../../arm-none-eabi/lib/thumb/v7e-m/fpv4-sp/hard\libc_nano.a(lib_a-sscanf.o) (__seofread)
c:/st/stm32cubeide_1.4.0/stm32cubeide/plugins/com.st.stm32cube.ide.mcu.externaltools.gnu-tools-for-stm32.7-2018-q2-update.win32_1.4.0.202007081208/tools/bin/../lib/gcc/arm-none-eabi/7.3.1/../../../../arm-none-eabi/lib/thumb/v7e-m/fpv4-sp/hard\libc_nano.a(lib_a-strcpy.o)
                              Drivers/VL53L0X/core/src/vl53l0x_api_core.o (strcpy)
[...]
Memory Configuration

Name             Origin             Length             Attributes
RAM              0x0000000020000000 0x0000000000018000 xrw
RAM2             0x0000000010000000 0x0000000000008000 xrw
FLASH            0x0000000008000000 0x0000000000100000 xr
*default*        0x0000000000000000 0xffffffffffffffff

Linker script and memory map

LOAD c:/st/stm32cubeide_1.4.0/stm32cubeide/plugins/com.st.stm32cube.ide.mcu.externaltools.gnu-tools-for-stm32.7-2018-q2-update.win32_1.4.0.202007081208/tools/bin/../lib/gcc/arm-none-eabi/7.3.1/thumb/v7e-m/fpv4-sp/hard/crti.o
LOAD c:/st/stm32cubeide_1.4.0/stm32cubeide/plugins/com.st.stm32cube.ide.mcu.externaltools.gnu-tools-for-stm32.7-2018-q2-update.win32_1.4.0.202007081208/tools/bin/../lib/gcc/arm-none-eabi/7.3.1/thumb/v7e-m/fpv4-sp/hard/crtbegin.o
LOAD c:/st/stm32cubeide_1.4.0/stm32cubeide/plugins/com.st.stm32cube.ide.mcu.externaltools.gnu-tools-for-stm32.7-2018-q2-update.win32_1.4.0.202007081208/tools/bin/../lib/gcc/arm-none-eabi/7.3.1/../../../../arm-none-eabi/lib/thumb/v7e-m/fpv4-sp/hard/crt0.o
LOAD Core/Src/gpio.o
LOAD Core/Src/i2c.o
LOAD Core/Src/main.o
LOAD Core/Src/stm32l4xx_hal_msp.o
LOAD Core/Src/stm32l4xx_it.o
LOAD Core/Src/syscalls.o
LOAD Core/Src/sysmem.o
LOAD Core/Src/system_stm32l4xx.o
LOAD Core/Src/usart.o
LOAD Core/Startup/startup_stm32l476rgtx.o
LOAD Drivers/STM32L4xx_HAL_Driver/Src/stm32l4xx_hal.o
LOAD Drivers/STM32L4xx_HAL_Driver/Src/stm32l4xx_hal_cortex.o
LOAD Drivers/STM32L4xx_HAL_Driver/Src/stm32l4xx_hal_dma.o
LOAD Drivers/STM32L4xx_HAL_Driver/Src/stm32l4xx_hal_dma_ex.o
LOAD Drivers/STM32L4xx_HAL_Driver/Src/stm32l4xx_hal_exti.o
LOAD Drivers/STM32L4xx_HAL_Driver/Src/stm32l4xx_hal_flash.o
LOAD Drivers/STM32L4xx_HAL_Driver/Src/stm32l4xx_hal_flash_ex.o
LOAD Drivers/STM32L4xx_HAL_Driver/Src/stm32l4xx_hal_flash_ramfunc.o
LOAD Drivers/STM32L4xx_HAL_Driver/Src/stm32l4xx_hal_gpio.o
LOAD Drivers/STM32L4xx_HAL_Driver/Src/stm32l4xx_hal_i2c.o
LOAD Drivers/STM32L4xx_HAL_Driver/Src/stm32l4xx_hal_i2c_ex.o
LOAD Drivers/STM32L4xx_HAL_Driver/Src/stm32l4xx_hal_pwr.o
LOAD Drivers/STM32L4xx_HAL_Driver/Src/stm32l4xx_hal_pwr_ex.o
LOAD Drivers/STM32L4xx_HAL_Driver/Src/stm32l4xx_hal_rcc.o
LOAD Drivers/STM32L4xx_HAL_Driver/Src/stm32l4xx_hal_rcc_ex.o
LOAD Drivers/STM32L4xx_HAL_Driver/Src/stm32l4xx_hal_tim.o
LOAD Drivers/STM32L4xx_HAL_Driver/Src/stm32l4xx_hal_tim_ex.o
LOAD Drivers/STM32L4xx_HAL_Driver/Src/stm32l4xx_hal_uart.o
LOAD Drivers/STM32L4xx_HAL_Driver/Src/stm32l4xx_hal_uart_ex.o
LOAD Drivers/VL53L0X/core/src/vl53l0x_api.o
LOAD Drivers/VL53L0X/core/src/vl53l0x_api_calibration.o
LOAD Drivers/VL53L0X/core/src/vl53l0x_api_core.o
LOAD Drivers/VL53L0X/core/src/vl53l0x_api_ranging.o
LOAD Drivers/VL53L0X/core/src/vl53l0x_api_strings.o
LOAD Drivers/VL53L0X/platform/src/vl53l0x_platform.o
LOAD Drivers/VL53L0X/platform/src/vl53l0x_platform_log.o
START GROUP
LOAD c:/st/stm32cubeide_1.4.0/stm32cubeide/plugins/com.st.stm32cube.ide.mcu.externaltools.gnu-tools-for-stm32.7-2018-q2-update.win32_1.4.0.202007081208/tools/bin/../lib/gcc/arm-none-eabi/7.3.1/../../../../arm-none-eabi/lib/thumb/v7e-m/fpv4-sp/hard\libc_nano.a
LOAD c:/st/stm32cubeide_1.4.0/stm32cubeide/plugins/com.st.stm32cube.ide.mcu.externaltools.gnu-tools-for-stm32.7-2018-q2-update.win32_1.4.0.202007081208/tools/bin/../lib/gcc/arm-none-eabi/7.3.1/../../../../arm-none-eabi/lib/thumb/v7e-m/fpv4-sp/hard\libm.a
END GROUP
START GROUP
LOAD c:/st/stm32cubeide_1.4.0/stm32cubeide/plugins/com.st.stm32cube.ide.mcu.externaltools.gnu-tools-for-stm32.7-2018-q2-update.win32_1.4.0.202007081208/tools/bin/../lib/gcc/arm-none-eabi/7.3.1/thumb/v7e-m/fpv4-sp/hard\libgcc.a
LOAD c:/st/stm32cubeide_1.4.0/stm32cubeide/plugins/com.st.stm32cube.ide.mcu.externaltools.gnu-tools-for-stm32.7-2018-q2-update.win32_1.4.0.202007081208/tools/bin/../lib/gcc/arm-none-eabi/7.3.1/../../../../arm-none-eabi/lib/thumb/v7e-m/fpv4-sp/hard\libc_nano.a
END GROUP
START GROUP
LOAD c:/st/stm32cubeide_1.4.0/stm32cubeide/plugins/com.st.stm32cube.ide.mcu.externaltools.gnu-tools-for-stm32.7-2018-q2-update.win32_1.4.0.202007081208/tools/bin/../lib/gcc/arm-none-eabi/7.3.1/thumb/v7e-m/fpv4-sp/hard\libgcc.a
LOAD c:/st/stm32cubeide_1.4.0/stm32cubeide/plugins/com.st.stm32cube.ide.mcu.externaltools.gnu-tools-for-stm32.7-2018-q2-update.win32_1.4.0.202007081208/tools/bin/../lib/gcc/arm-none-eabi/7.3.1/../../../../arm-none-eabi/lib/thumb/v7e-m/fpv4-sp/hard\libc_nano.a
LOAD c:/st/stm32cubeide_1.4.0/stm32cubeide/plugins/com.st.stm32cube.ide.mcu.externaltools.gnu-tools-for-stm32.7-2018-q2-update.win32_1.4.0.202007081208/tools/bin/../lib/gcc/arm-none-eabi/7.3.1/../../../../arm-none-eabi/lib/thumb/v7e-m/fpv4-sp/hard\libnosys.a
END GROUP
START GROUP
LOAD c:/st/stm32cubeide_1.4.0/stm32cubeide/plugins/com.st.stm32cube.ide.mcu.externaltools.gnu-tools-for-stm32.7-2018-q2-update.win32_1.4.0.202007081208/tools/bin/../lib/gcc/arm-none-eabi/7.3.1/thumb/v7e-m/fpv4-sp/hard\libgcc.a
LOAD c:/st/stm32cubeide_1.4.0/stm32cubeide/plugins/com.st.stm32cube.ide.mcu.externaltools.gnu-tools-for-stm32.7-2018-q2-update.win32_1.4.0.202007081208/tools/bin/../lib/gcc/arm-none-eabi/7.3.1/../../../../arm-none-eabi/lib/thumb/v7e-m/fpv4-sp/hard\libc_nano.a
LOAD c:/st/stm32cubeide_1.4.0/stm32cubeide/plugins/com.st.stm32cube.ide.mcu.externaltools.gnu-tools-for-stm32.7-2018-q2-update.win32_1.4.0.202007081208/tools/bin/../lib/gcc/arm-none-eabi/7.3.1/../../../../arm-none-eabi/lib/thumb/v7e-m/fpv4-sp/hard\libnosys.a
END GROUP
LOAD c:/st/stm32cubeide_1.4.0/stm32cubeide/plugins/com.st.stm32cube.ide.mcu.externaltools.gnu-tools-for-stm32.7-2018-q2-update.win32_1.4.0.202007081208/tools/bin/../lib/gcc/arm-none-eabi/7.3.1/thumb/v7e-m/fpv4-sp/hard/crtend.o
LOAD c:/st/stm32cubeide_1.4.0/stm32cubeide/plugins/com.st.stm32cube.ide.mcu.externaltools.gnu-tools-for-stm32.7-2018-q2-update.win32_1.4.0.202007081208/tools/bin/../lib/gcc/arm-none-eabi/7.3.1/thumb/v7e-m/fpv4-sp/hard/crtn.o
                0x0000000020018000                _estack = (ORIGIN (RAM) + LENGTH (RAM))
                0x0000000000000200                _Min_Heap_Size = 0x200
                0x0000000000000400                _Min_Stack_Size = 0x400

.isr_vector     0x0000000008000000      0x188
                0x0000000008000000                . = ALIGN (0x4)
 *(.isr_vector)
 .isr_vector    0x0000000008000000      0x188 Core/Startup/startup_stm32l476rgtx.o
                0x0000000008000000                g_pfnVectors
                0x0000000008000188                . = ALIGN (0x4)

.text           0x0000000008000190     0xc23c
                0x0000000008000190                . = ALIGN (0x4)
 *(.text)
 .text          0x0000000008000190       0x40 c:/st/stm32cubeide_1.4.0/stm32cubeide/plugins/com.st.stm32cube.ide.mcu.externaltools.gnu-tools-for-stm32.7-2018-q2-update.win32_1.4.0.202007081208/tools/bin/../lib/gcc/arm-none-eabi/7.3.1/thumb/v7e-m/fpv4-sp/hard/crtbegin.o
 .text          0x00000000080001d0       0x10 c:/st/stm32cubeide_1.4.0/stm32cubeide/plugins/com.st.stm32cube.ide.mcu.externaltools.gnu-tools-for-stm32.7-2018-q2-update.win32_1.4.0.202007081208/tools/bin/../lib/gcc/arm-none-eabi/7.3.1/../../../../arm-none-eabi/lib/thumb/v7e-m/fpv4-sp/hard\libc_nano.a(lib_a-strlen.o)
                0x00000000080001d0                strlen
 .text          0x00000000080001e0       0xa0 c:/st/stm32cubeide_1.4.0/stm32cubeide/plugins/com.st.stm32cube.ide.mcu.externaltools.gnu-tools-for-stm32.7-2018-q2-update.win32_1.4.0.202007081208/tools/bin/../lib/gcc/arm-none-eabi/7.3.1/../../../../arm-none-eabi/lib/thumb/v7e-m/fpv4-sp/hard\libc_nano.a(lib_a-memchr.o)
                0x00000000080001e0                memchr
 .text          0x0000000008000280      0x378 c:/st/stm32cubeide_1.4.0/stm32cubeide/plugins/com.st.stm32cube.ide.mcu.externaltools.gnu-tools-for-stm32.7-2018-q2-update.win32_1.4.0.202007081208/tools/bin/../lib/gcc/arm-none-eabi/7.3.1/thumb/v7e-m/fpv4-sp/hard\libgcc.a(_arm_addsubdf3.o)
                0x0000000008000280                __aeabi_drsub
                0x0000000008000288                __aeabi_dsub
                0x0000000008000288                __subdf3
                0x000000000800028c                __aeabi_dadd
                0x000000000800028c                __adddf3
                0x0000000008000504                __floatunsidf
                0x0000000008000504                __aeabi_ui2d
                0x0000000008000524                __floatsidf
                0x0000000008000524                __aeabi_i2d
                0x0000000008000548                __aeabi_f2d
                0x0000000008000548                __extendsfdf2
                0x000000000800058c                __floatundidf
                0x000000000800058c                __aeabi_ul2d
                0x000000000800059c                __floatdidf
                0x000000000800059c                __aeabi_l2d
 .text          0x00000000080005f8      0x424 c:/st/stm32cubeide_1.4.0/stm32cubeide/plugins/com.st.stm32cube.ide.mcu.externaltools.gnu-tools-for-stm32.7-2018-q2-update.win32_1.4.0.202007081208/tools/bin/../lib/gcc/arm-none-eabi/7.3.1/thumb/v7e-m/fpv4-sp/hard\libgcc.a(_arm_muldivdf3.o)
                0x00000000080005f8                __aeabi_dmul
                0x00000000080005f8                __muldf3
                0x000000000800084c                __divdf3
                0x000000000800084c                __aeabi_ddiv
 .text          0x0000000008000a1c       0xa0 c:/st/stm32cubeide_1.4.0/stm32cubeide/plugins/com.st.stm32cube.ide.mcu.externaltools.gnu-tools-for-stm32.7-2018-q2-update.win32_1.4.0.202007081208/tools/bin/../lib/gcc/arm-none-eabi/7.3.1/thumb/v7e-m/fpv4-sp/hard\libgcc.a(_arm_truncdfsf2.o)
                0x0000000008000a1c                __truncdfsf2
                0x0000000008000a1c                __aeabi_d2f
 .text          0x0000000008000abc       0x30 c:/st/stm32cubeide_1.4.0/stm32cubeide/plugins/com.st.stm32cube.ide.mcu.externaltools.gnu-tools-for-stm32.7-2018-q2-update.win32_1.4.0.202007081208/tools/bin/../lib/gcc/arm-none-eabi/7.3.1/thumb/v7e-m/fpv4-sp/hard\libgcc.a(_aeabi_uldivmod.o)
                0x0000000008000abc                __aeabi_uldivmod
 .text          0x0000000008000aec      0x2cc c:/st/stm32cubeide_1.4.0/stm32cubeide/plugins/com.st.stm32cube.ide.mcu.externaltools.gnu-tools-for-stm32.7-2018-q2-update.win32_1.4.0.202007081208/tools/bin/../lib/gcc/arm-none-eabi/7.3.1/thumb/v7e-m/fpv4-sp/hard\libgcc.a(_udivmoddi4.o)
                0x0000000008000aec                __udivmoddi4
 .text          0x0000000008000db8        0x4 c:/st/stm32cubeide_1.4.0/stm32cubeide/plugins/com.st.stm32cube.ide.mcu.externaltools.gnu-tools-for-stm32.7-2018-q2-update.win32_1.4.0.202007081208/tools/bin/../lib/gcc/arm-none-eabi/7.3.1/thumb/v7e-m/fpv4-sp/hard\libgcc.a(_dvmd_tls.o)
                0x0000000008000db8                __aeabi_idiv0
                0x0000000008000db8                __aeabi_ldiv0
 *(.text*)
 .text.MX_GPIO_Init
                0x0000000008000dbc       0xd0 Core/Src/gpio.o
                0x0000000008000dbc                MX_GPIO_Init
 .text.MX_I2C1_Init
                0x0000000008000e8c       0x80 Core/Src/i2c.o
                0x0000000008000e8c                MX_I2C1_Init
 .text.HAL_I2C_MspInit
                0x0000000008000f0c       0x88 Core/Src/i2c.o
                0x0000000008000f0c                HAL_I2C_MspInit
 *fill*         0x0000000008000f94        0x4 
 .text.main     0x0000000008000f98      0x254 Core/Src/main.o
                0x0000000008000f98                main
 .text.SystemClock_Config
                0x00000000080011ec       0xee Core/Src/main.o
                0x00000000080011ec                SystemClock_Config
 *fill*         0x00000000080012da        0x2 
 .text._write   0x00000000080012dc       0x34 Core/Src/main.o
                0x00000000080012dc                _write
 .text.send     0x0000000008001310       0x38 Core/Src/main.o
                0x0000000008001310                send
 .text.resetuj  0x0000000008001348       0x42 Core/Src/main.o
                0x0000000008001348                resetuj
 *fill*         0x000000000800138a        0x2 
 .text.HAL_UART_RxCpltCallback
                0x000000000800138c       0xe8 Core/Src/main.o
                0x000000000800138c                HAL_UART_RxCpltCallback
 .text.Error_Handler
                0x0000000008001474        0xe Core/Src/main.o
                0x0000000008001474                Error_Handler
 *fill*         0x0000000008001482        0x2 
 .text.HAL_MspInit
                0x0000000008001484       0x48 Core/Src/stm32l4xx_hal_msp.o
                0x0000000008001484                HAL_MspInit
 .text.NMI_Handler
                0x00000000080014cc        0xe Core/Src/stm32l4xx_it.o
                0x00000000080014cc                NMI_Handler
 .text.HardFault_Handler
                0x00000000080014da        0x6 Core/Src/stm32l4xx_it.o
                0x00000000080014da                HardFault_Handler
 .text.MemManage_Handler
                0x00000000080014e0        0x6 Core/Src/stm32l4xx_it.o
                0x00000000080014e0                MemManage_Handler
 .text.BusFault_Handler
                0x00000000080014e6        0x6 Core/Src/stm32l4xx_it.o
                0x00000000080014e6                BusFault_Handler
 .text.UsageFault_Handler
                0x00000000080014ec        0x6 Core/Src/stm32l4xx_it.o
                0x00000000080014ec                UsageFault_Handler
 .text.SVC_Handler
                0x00000000080014f2        0xe Core/Src/stm32l4xx_it.o
                0x00000000080014f2                SVC_Handler
 .text.DebugMon_Handler
                0x0000000008001500        0xe Core/Src/stm32l4xx_it.o
                0x0000000008001500                DebugMon_Handler
 .text.PendSV_Handler
                0x000000000800150e        0xe Core/Src/stm32l4xx_it.o
                0x000000000800150e                PendSV_Handler
 .text.SysTick_Handler
                0x000000000800151c        0xc Core/Src/stm32l4xx_it.o
                0x000000000800151c                SysTick_Handler
 .text.USART2_IRQHandler
                0x0000000008001528       0x20 Core/Src/stm32l4xx_it.o
                0x0000000008001528                USART2_IRQHandler
 .text._read    0x0000000008001548       0x3a Core/Src/syscalls.o
                0x0000000008001548                _read
 .text._close   0x0000000008001582       0x18 Core/Src/syscalls.o
                0x0000000008001582                _close
 .text._fstat   0x000000000800159a       0x20 Core/Src/syscalls.o
                0x000000000800159a                _fstat
 .text._isatty  0x00000000080015ba       0x16 Core/Src/syscalls.o
                0x00000000080015ba                _isatty
 .text._lseek   0x00000000080015d0       0x1a Core/Src/syscalls.o
                0x00000000080015d0                _lseek
 *fill*         0x00000000080015ea        0x2 
 .text._sbrk    0x00000000080015ec       0x6c Core/Src/sysmem.o
                0x00000000080015ec                _sbrk
 .text.SystemInit
                0x0000000008001658       0x6c Core/Src/system_stm32l4xx.o
                0x0000000008001658                SystemInit
 .text.MX_USART2_UART_Init
                0x00000000080016c4       0x60 Core/Src/usart.o
                0x00000000080016c4                MX_USART2_UART_Init
 .text.HAL_UART_MspInit
                0x0000000008001724       0x94 Core/Src/usart.o
                0x0000000008001724                HAL_UART_MspInit
 .text.Reset_Handler
                0x00000000080017b8       0x50 Core/Startup/startup_stm32l476rgtx.o
                0x00000000080017b8                Reset_Handler
 .text.Default_Handler
                0x0000000008001808        0x2 Core/Startup/startup_stm32l476rgtx.o
                0x0000000008001808                RTC_Alarm_IRQHandler
                0x0000000008001808                EXTI2_IRQHandler
                0x0000000008001808                TIM8_TRG_COM_IRQHandler
                0x0000000008001808                TIM8_CC_IRQHandler
                0x0000000008001808                TIM1_CC_IRQHandler
                0x0000000008001808                TSC_IRQHandler
                0x0000000008001808                TAMP_STAMP_IRQHandler
                0x0000000008001808                EXTI3_IRQHandler
                0x0000000008001808                LPTIM2_IRQHandler
                0x0000000008001808                DFSDM1_FLT1_IRQHandler
                0x0000000008001808                I2C3_ER_IRQHandler
                0x0000000008001808                DFSDM1_FLT2_IRQHandler
                0x0000000008001808                EXTI0_IRQHandler
                0x0000000008001808                I2C2_EV_IRQHandler
                0x0000000008001808                CAN1_RX0_IRQHandler
                0x0000000008001808                FPU_IRQHandler
                0x0000000008001808                TIM1_UP_TIM16_IRQHandler
                0x0000000008001808                ADC1_2_IRQHandler
                0x0000000008001808                SPI1_IRQHandler
                0x0000000008001808                TIM6_DAC_IRQHandler
                0x0000000008001808                TIM8_UP_IRQHandler
                0x0000000008001808                DMA2_Channel2_IRQHandler
                0x0000000008001808                DMA1_Channel4_IRQHandler
                0x0000000008001808                SAI2_IRQHandler
                0x0000000008001808                DFSDM1_FLT3_IRQHandler
                0x0000000008001808                USART3_IRQHandler
                0x0000000008001808                DMA1_Channel7_IRQHandler
                0x0000000008001808                CAN1_RX1_IRQHandler
                0x0000000008001808                LCD_IRQHandler
                0x0000000008001808                UART5_IRQHandler
                0x0000000008001808                ADC3_IRQHandler
                0x0000000008001808                TIM4_IRQHandler
                0x0000000008001808                DMA2_Channel1_IRQHandler
                0x0000000008001808                QUADSPI_IRQHandler
                0x0000000008001808                I2C1_EV_IRQHandler
                0x0000000008001808                DMA1_Channel6_IRQHandler
                0x0000000008001808                UART4_IRQHandler
                0x0000000008001808                DMA2_Channel4_IRQHandler
                0x0000000008001808                TIM3_IRQHandler
                0x0000000008001808                RCC_IRQHandler
                0x0000000008001808                DMA1_Channel1_IRQHandler
                0x0000000008001808                Default_Handler
                0x0000000008001808                DMA2_Channel7_IRQHandler
                0x0000000008001808                EXTI15_10_IRQHandler
                0x0000000008001808                TIM7_IRQHandler
                0x0000000008001808                SDMMC1_IRQHandler
                0x0000000008001808                TIM5_IRQHandler
                0x0000000008001808                I2C3_EV_IRQHandler
                0x0000000008001808                EXTI9_5_IRQHandler
                0x0000000008001808                RTC_WKUP_IRQHandler
                0x0000000008001808                PVD_PVM_IRQHandler
                0x0000000008001808                SPI2_IRQHandler
                0x0000000008001808                CAN1_TX_IRQHandler
                0x0000000008001808                DMA2_Channel5_IRQHandler
                0x0000000008001808                DMA1_Channel5_IRQHandler
                0x0000000008001808                EXTI4_IRQHandler
                0x0000000008001808                RNG_IRQHandler
                0x0000000008001808                TIM1_TRG_COM_TIM17_IRQHandler
                0x0000000008001808                DMA1_Channel3_IRQHandler
                0x0000000008001808                COMP_IRQHandler
                0x0000000008001808                WWDG_IRQHandler
                0x0000000008001808                LPUART1_IRQHandler
                0x0000000008001808                DMA2_Channel6_IRQHandler
                0x0000000008001808                TIM2_IRQHandler
                0x0000000008001808                EXTI1_IRQHandler
                0x0000000008001808                DFSDM1_FLT0_IRQHandler
                0x0000000008001808                I2C2_ER_IRQHandler
                0x0000000008001808                DMA1_Channel2_IRQHandler
                0x0000000008001808                TIM8_BRK_IRQHandler
                0x0000000008001808                CAN1_SCE_IRQHandler
                0x0000000008001808                FLASH_IRQHandler
                0x0000000008001808                USART1_IRQHandler
                0x0000000008001808                OTG_FS_IRQHandler
                0x0000000008001808                SPI3_IRQHandler
                0x0000000008001808                I2C1_ER_IRQHandler
                0x0000000008001808                FMC_IRQHandler
                0x0000000008001808                SWPMI1_IRQHandler
                0x0000000008001808                LPTIM1_IRQHandler
                0x0000000008001808                SAI1_IRQHandler
                0x0000000008001808                DMA2_Channel3_IRQHandler
                0x0000000008001808                TIM1_BRK_TIM15_IRQHandler
 *fill*         0x000000000800180a        0x2 
 .text.HAL_Init
                0x000000000800180c       0x40 Drivers/STM32L4xx_HAL_Driver/Src/stm32l4xx_hal.o
                0x000000000800180c                HAL_Init
 .text.HAL_InitTick
                0x000000000800184c       0x78 Drivers/STM32L4xx_HAL_Driver/Src/stm32l4xx_hal.o
                0x000000000800184c                HAL_InitTick
 .text.HAL_IncTick
                0x00000000080018c4       0x28 Drivers/STM32L4xx_HAL_Driver/Src/stm32l4xx_hal.o
                0x00000000080018c4                HAL_IncTick
 .text.HAL_GetTick
                0x00000000080018ec       0x18 Drivers/STM32L4xx_HAL_Driver/Src/stm32l4xx_hal.o
                0x00000000080018ec                HAL_GetTick
 .text.HAL_Delay
                0x0000000008001904       0x44 Drivers/STM32L4xx_HAL_Driver/Src/stm32l4xx_hal.o
                0x0000000008001904                HAL_Delay
 .text.__NVIC_SetPriorityGrouping
                0x0000000008001948       0x48 Drivers/STM32L4xx_HAL_Driver/Src/stm32l4xx_hal_cortex.o
 .text.__NVIC_GetPriorityGrouping
                0x0000000008001990       0x1c Drivers/STM32L4xx_HAL_Driver/Src/stm32l4xx_hal_cortex.o
 .text.__NVIC_EnableIRQ
                0x00000000080019ac       0x3c Drivers/STM32L4xx_HAL_Driver/Src/stm32l4xx_hal_cortex.o
 .text.__NVIC_SetPriority
                0x00000000080019e8       0x54 Drivers/STM32L4xx_HAL_Driver/Src/stm32l4xx_hal_cortex.o
 .text.NVIC_EncodePriority
                0x0000000008001a3c       0x66 Drivers/STM32L4xx_HAL_Driver/Src/stm32l4xx_hal_cortex.o
 *fill*         0x0000000008001aa2        0x2 
 .text.SysTick_Config
                0x0000000008001aa4       0x44 Drivers/STM32L4xx_HAL_Driver/Src/stm32l4xx_hal_cortex.o
 .text.HAL_NVIC_SetPriorityGrouping
                0x0000000008001ae8       0x16 Drivers/STM32L4xx_HAL_Driver/Src/stm32l4xx_hal_cortex.o
                0x0000000008001ae8                HAL_NVIC_SetPriorityGrouping
 .text.HAL_NVIC_SetPriority
                0x0000000008001afe       0x38 Drivers/STM32L4xx_HAL_Driver/Src/stm32l4xx_hal_cortex.o
                0x0000000008001afe                HAL_NVIC_SetPriority
 .text.HAL_NVIC_EnableIRQ
                0x0000000008001b36       0x1c Drivers/STM32L4xx_HAL_Driver/Src/stm32l4xx_hal_cortex.o
                0x0000000008001b36                HAL_NVIC_EnableIRQ
 .text.HAL_SYSTICK_Config
                0x0000000008001b52       0x18 Drivers/STM32L4xx_HAL_Driver/Src/stm32l4xx_hal_cortex.o
                0x0000000008001b52                HAL_SYSTICK_Config
 .text.HAL_DMA_Abort_IT
                0x0000000008001b6a       0x82 Drivers/STM32L4xx_HAL_Driver/Src/stm32l4xx_hal_dma.o
                0x0000000008001b6a                HAL_DMA_Abort_IT
 .text.HAL_GPIO_Init
                0x0000000008001bec      0x350 Drivers/STM32L4xx_HAL_Driver/Src/stm32l4xx_hal_gpio.o
                0x0000000008001bec                HAL_GPIO_Init
 .text.HAL_GPIO_WritePin
                0x0000000008001f3c       0x30 Drivers/STM32L4xx_HAL_Driver/Src/stm32l4xx_hal_gpio.o
                0x0000000008001f3c                HAL_GPIO_WritePin
 .text.HAL_I2C_Init
                0x0000000008001f6c      0x11e Drivers/STM32L4xx_HAL_Driver/Src/stm32l4xx_hal_i2c.o
                0x0000000008001f6c                HAL_I2C_Init
 *fill*         0x000000000800208a        0x2 
 .text.HAL_I2C_Master_Transmit
                0x000000000800208c      0x1e8 Drivers/STM32L4xx_HAL_Driver/Src/stm32l4xx_hal_i2c.o
                0x000000000800208c                HAL_I2C_Master_Transmit
 .text.HAL_I2C_Master_Receive
                0x0000000008002274      0x1ec Drivers/STM32L4xx_HAL_Driver/Src/stm32l4xx_hal_i2c.o
                0x0000000008002274                HAL_I2C_Master_Receive
 .text.I2C_Flush_TXDR
                0x0000000008002460       0x48 Drivers/STM32L4xx_HAL_Driver/Src/stm32l4xx_hal_i2c.o
 .text.I2C_WaitOnFlagUntilTimeout
                0x00000000080024a8       0x80 Drivers/STM32L4xx_HAL_Driver/Src/stm32l4xx_hal_i2c.o
 .text.I2C_WaitOnTXISFlagUntilTimeout
                0x0000000008002528       0x80 Drivers/STM32L4xx_HAL_Driver/Src/stm32l4xx_hal_i2c.o
 .text.I2C_WaitOnSTOPFlagUntilTimeout
                0x00000000080025a8       0x78 Drivers/STM32L4xx_HAL_Driver/Src/stm32l4xx_hal_i2c.o
 .text.I2C_WaitOnRXNEFlagUntilTimeout
                0x0000000008002620       0xd8 Drivers/STM32L4xx_HAL_Driver/Src/stm32l4xx_hal_i2c.o
 .text.I2C_IsAcknowledgeFailed
                0x00000000080026f8       0xcc Drivers/STM32L4xx_HAL_Driver/Src/stm32l4xx_hal_i2c.o
 .text.I2C_TransferConfig
                0x00000000080027c4       0x5c Drivers/STM32L4xx_HAL_Driver/Src/stm32l4xx_hal_i2c.o
 .text.HAL_I2CEx_ConfigAnalogFilter
                0x0000000008002820       0x96 Drivers/STM32L4xx_HAL_Driver/Src/stm32l4xx_hal_i2c_ex.o
                0x0000000008002820                HAL_I2CEx_ConfigAnalogFilter
 .text.HAL_I2CEx_ConfigDigitalFilter
                0x00000000080028b6       0x98 Drivers/STM32L4xx_HAL_Driver/Src/stm32l4xx_hal_i2c_ex.o
                0x00000000080028b6                HAL_I2CEx_ConfigDigitalFilter
 *fill*         0x000000000800294e        0x2 
 .text.HAL_PWREx_GetVoltageRange
                0x0000000008002950       0x1c Drivers/STM32L4xx_HAL_Driver/Src/stm32l4xx_hal_pwr_ex.o
                0x0000000008002950                HAL_PWREx_GetVoltageRange
 .text.HAL_PWREx_ControlVoltageScaling
                0x000000000800296c       0xac Drivers/STM32L4xx_HAL_Driver/Src/stm32l4xx_hal_pwr_ex.o
                0x000000000800296c                HAL_PWREx_ControlVoltageScaling
 .text.HAL_RCC_OscConfig
                0x0000000008002a18      0x7cc Drivers/STM32L4xx_HAL_Driver/Src/stm32l4xx_hal_rcc.o
                0x0000000008002a18                HAL_RCC_OscConfig
 .text.HAL_RCC_ClockConfig
                0x00000000080031e4      0x1c4 Drivers/STM32L4xx_HAL_Driver/Src/stm32l4xx_hal_rcc.o
                0x00000000080031e4                HAL_RCC_ClockConfig
 .text.HAL_RCC_GetSysClockFreq
                0x00000000080033a8      0x114 Drivers/STM32L4xx_HAL_Driver/Src/stm32l4xx_hal_rcc.o
                0x00000000080033a8                HAL_RCC_GetSysClockFreq
 .text.HAL_RCC_GetHCLKFreq
                0x00000000080034bc       0x18 Drivers/STM32L4xx_HAL_Driver/Src/stm32l4xx_hal_rcc.o
                0x00000000080034bc                HAL_RCC_GetHCLKFreq
 .text.HAL_RCC_GetPCLK1Freq
                0x00000000080034d4       0x2c Drivers/STM32L4xx_HAL_Driver/Src/stm32l4xx_hal_rcc.o
                0x00000000080034d4                HAL_RCC_GetPCLK1Freq
 .text.HAL_RCC_GetPCLK2Freq
                0x0000000008003500       0x2c Drivers/STM32L4xx_HAL_Driver/Src/stm32l4xx_hal_rcc.o
                0x0000000008003500                HAL_RCC_GetPCLK2Freq
 .text.RCC_SetFlashLatencyFromMSIRange
                0x000000000800352c       0xc0 Drivers/STM32L4xx_HAL_Driver/Src/stm32l4xx_hal_rcc.o
 .text.HAL_RCCEx_PeriphCLKConfig
                0x00000000080035ec      0x5cc Drivers/STM32L4xx_HAL_Driver/Src/stm32l4xx_hal_rcc_ex.o
                0x00000000080035ec                HAL_RCCEx_PeriphCLKConfig
 .text.RCCEx_PLLSAI1_Config
                0x0000000008003bb8      0x1e0 Drivers/STM32L4xx_HAL_Driver/Src/stm32l4xx_hal_rcc_ex.o
 .text.RCCEx_PLLSAI2_Config
                0x0000000008003d98      0x1b4 Drivers/STM32L4xx_HAL_Driver/Src/stm32l4xx_hal_rcc_ex.o
 .text.HAL_UART_Init
                0x0000000008003f4c       0x9c Drivers/STM32L4xx_HAL_Driver/Src/stm32l4xx_hal_uart.o
                0x0000000008003f4c                HAL_UART_Init
 .text.HAL_UART_Transmit
                0x0000000008003fe8      0x126 Drivers/STM32L4xx_HAL_Driver/Src/stm32l4xx_hal_uart.o
                0x0000000008003fe8                HAL_UART_Transmit
 *fill*         0x000000000800410e        0x2 
 .text.HAL_UART_Receive_IT
                0x0000000008004110      0x144 Drivers/STM32L4xx_HAL_Driver/Src/stm32l4xx_hal_uart.o
                0x0000000008004110                HAL_UART_Receive_IT
 .text.HAL_UART_IRQHandler
                0x0000000008004254      0x290 Drivers/STM32L4xx_HAL_Driver/Src/stm32l4xx_hal_uart.o
                0x0000000008004254                HAL_UART_IRQHandler
 .text.HAL_UART_TxCpltCallback
                0x00000000080044e4       0x14 Drivers/STM32L4xx_HAL_Driver/Src/stm32l4xx_hal_uart.o
                0x00000000080044e4                HAL_UART_TxCpltCallback
 .text.HAL_UART_ErrorCallback
                0x00000000080044f8       0x14 Drivers/STM32L4xx_HAL_Driver/Src/stm32l4xx_hal_uart.o
                0x00000000080044f8                HAL_UART_ErrorCallback
 .text.UART_SetConfig
                0x000000000800450c      0x514 Drivers/STM32L4xx_HAL_Driver/Src/stm32l4xx_hal_uart.o
                0x000000000800450c                UART_SetConfig
 .text.UART_AdvFeatureConfig
                0x0000000008004a20      0x144 Drivers/STM32L4xx_HAL_Driver/Src/stm32l4xx_hal_uart.o
                0x0000000008004a20                UART_AdvFeatureConfig
 .text.UART_CheckIdleState
                0x0000000008004b64       0x8a Drivers/STM32L4xx_HAL_Driver/Src/stm32l4xx_hal_uart.o
                0x0000000008004b64                UART_CheckIdleState
 .text.UART_WaitOnFlagUntilTimeout
                0x0000000008004bee       0xf6 Drivers/STM32L4xx_HAL_Driver/Src/stm32l4xx_hal_uart.o
                0x0000000008004bee                UART_WaitOnFlagUntilTimeout
 .text.UART_EndRxTransfer
                0x0000000008004ce4       0x40 Drivers/STM32L4xx_HAL_Driver/Src/stm32l4xx_hal_uart.o
 .text.UART_DMAAbortOnError
                0x0000000008004d24       0x2c Drivers/STM32L4xx_HAL_Driver/Src/stm32l4xx_hal_uart.o
 .text.UART_EndTransmit_IT
                0x0000000008004d50       0x32 Drivers/STM32L4xx_HAL_Driver/Src/stm32l4xx_hal_uart.o
 .text.UART_RxISR_8BIT
                0x0000000008004d82       0xaa Drivers/STM32L4xx_HAL_Driver/Src/stm32l4xx_hal_uart.o
 .text.UART_RxISR_16BIT
                0x0000000008004e2c       0xaa Drivers/STM32L4xx_HAL_Driver/Src/stm32l4xx_hal_uart.o
 .text.HAL_UARTEx_WakeupCallback
                0x0000000008004ed6       0x14 Drivers/STM32L4xx_HAL_Driver/Src/stm32l4xx_hal_uart_ex.o
                0x0000000008004ed6                HAL_UARTEx_WakeupCallback
 .text.VL53L0X_GetOffsetCalibrationDataMicroMeter
                0x0000000008004eea       0x26 Drivers/VL53L0X/core/src/vl53l0x_api.o
                0x0000000008004eea                VL53L0X_GetOffsetCalibrationDataMicroMeter
 .text.VL53L0X_DataInit
                0x0000000008004f10      0x2c8 Drivers/VL53L0X/core/src/vl53l0x_api.o
                0x0000000008004f10                VL53L0X_DataInit
 .text.VL53L0X_StaticInit
                0x00000000080051d8      0x304 Drivers/VL53L0X/core/src/vl53l0x_api.o
                0x00000000080051d8                VL53L0X_StaticInit
 .text.VL53L0X_WaitDeviceBooted
                0x00000000080054dc       0x1c Drivers/VL53L0X/core/src/vl53l0x_api.o
                0x00000000080054dc                VL53L0X_WaitDeviceBooted
 .text.VL53L0X_GetDeviceParameters
                0x00000000080054f8      0x120 Drivers/VL53L0X/core/src/vl53l0x_api.o
                0x00000000080054f8                VL53L0X_GetDeviceParameters
 .text.VL53L0X_SetDeviceMode
                0x0000000008005618       0x90 Drivers/VL53L0X/core/src/vl53l0x_api.o
                0x0000000008005618                VL53L0X_SetDeviceMode
 .text.VL53L0X_GetDeviceMode
                0x00000000080056a8       0x26 Drivers/VL53L0X/core/src/vl53l0x_api.o
                0x00000000080056a8                VL53L0X_GetDeviceMode
 .text.VL53L0X_GetFractionEnable
                0x00000000080056ce       0x3e Drivers/VL53L0X/core/src/vl53l0x_api.o
                0x00000000080056ce                VL53L0X_GetFractionEnable
 .text.VL53L0X_SetMeasurementTimingBudgetMicroSeconds
                0x000000000800570c       0x26 Drivers/VL53L0X/core/src/vl53l0x_api.o
                0x000000000800570c                VL53L0X_SetMeasurementTimingBudgetMicroSeconds
 .text.VL53L0X_GetMeasurementTimingBudgetMicroSeconds
                0x0000000008005732       0x26 Drivers/VL53L0X/core/src/vl53l0x_api.o
                0x0000000008005732                VL53L0X_GetMeasurementTimingBudgetMicroSeconds
 .text.VL53L0X_SetVcselPulsePeriod
                0x0000000008005758       0x30 Drivers/VL53L0X/core/src/vl53l0x_api.o
                0x0000000008005758                VL53L0X_SetVcselPulsePeriod
 .text.VL53L0X_GetVcselPulsePeriod
                0x0000000008005788       0x2e Drivers/VL53L0X/core/src/vl53l0x_api.o
                0x0000000008005788                VL53L0X_GetVcselPulsePeriod
 *fill*         0x00000000080057b6        0x2 
 .text.VL53L0X_SetSequenceStepEnable
                0x00000000080057b8      0x144 Drivers/VL53L0X/core/src/vl53l0x_api.o
                0x00000000080057b8                VL53L0X_SetSequenceStepEnable
 .text.sequence_step_enabled
                0x00000000080058fc       0xa4 Drivers/VL53L0X/core/src/vl53l0x_api.o
                0x00000000080058fc                sequence_step_enabled
 .text.VL53L0X_GetSequenceStepEnables
                0x00000000080059a0       0xb0 Drivers/VL53L0X/core/src/vl53l0x_api.o
                0x00000000080059a0                VL53L0X_GetSequenceStepEnables
 .text.VL53L0X_GetInterMeasurementPeriodMilliSeconds
                0x0000000008005a50       0x68 Drivers/VL53L0X/core/src/vl53l0x_api.o
                0x0000000008005a50                VL53L0X_GetInterMeasurementPeriodMilliSeconds
 .text.VL53L0X_GetXTalkCompensationEnable
                0x0000000008005ab8       0x2a Drivers/VL53L0X/core/src/vl53l0x_api.o
                0x0000000008005ab8                VL53L0X_GetXTalkCompensationEnable
 .text.VL53L0X_GetXTalkCompensationRateMegaCps
                0x0000000008005ae2       0x66 Drivers/VL53L0X/core/src/vl53l0x_api.o
                0x0000000008005ae2                VL53L0X_GetXTalkCompensationRateMegaCps
 .text.VL53L0X_SetLimitCheckEnable
                0x0000000008005b48      0x118 Drivers/VL53L0X/core/src/vl53l0x_api.o
                0x0000000008005b48                VL53L0X_SetLimitCheckEnable
 .text.VL53L0X_GetLimitCheckEnable
                0x0000000008005c60       0x46 Drivers/VL53L0X/core/src/vl53l0x_api.o
                0x0000000008005c60                VL53L0X_GetLimitCheckEnable
 *fill*         0x0000000008005ca6        0x2 
 .text.VL53L0X_SetLimitCheckValue
                0x0000000008005ca8       0xc4 Drivers/VL53L0X/core/src/vl53l0x_api.o
                0x0000000008005ca8                VL53L0X_SetLimitCheckValue
 .text.VL53L0X_GetLimitCheckValue
                0x0000000008005d6c      0x11c Drivers/VL53L0X/core/src/vl53l0x_api.o
                0x0000000008005d6c                VL53L0X_GetLimitCheckValue
 .text.VL53L0X_GetWrapAroundCheckEnable
                0x0000000008005e88       0x64 Drivers/VL53L0X/core/src/vl53l0x_api.o
                0x0000000008005e88                VL53L0X_GetWrapAroundCheckEnable
 .text.VL53L0X_PerformSingleMeasurement
                0x0000000008005eec       0x68 Drivers/VL53L0X/core/src/vl53l0x_api.o
                0x0000000008005eec                VL53L0X_PerformSingleMeasurement
 .text.VL53L0X_PerformRefCalibration
                0x0000000008005f54       0x2c Drivers/VL53L0X/core/src/vl53l0x_api.o
                0x0000000008005f54                VL53L0X_PerformRefCalibration
 .text.VL53L0X_CheckAndLoadInterruptSettings
                0x0000000008005f80       0xcc Drivers/VL53L0X/core/src/vl53l0x_api.o
                0x0000000008005f80                VL53L0X_CheckAndLoadInterruptSettings
 .text.VL53L0X_StartMeasurement
                0x000000000800604c      0x17e Drivers/VL53L0X/core/src/vl53l0x_api.o
                0x000000000800604c                VL53L0X_StartMeasurement
 .text.VL53L0X_GetMeasurementDataReady
                0x00000000080061ca       0x80 Drivers/VL53L0X/core/src/vl53l0x_api.o
                0x00000000080061ca                VL53L0X_GetMeasurementDataReady
 *fill*         0x000000000800624a        0x2 
 .text.VL53L0X_GetRangingMeasurementData
                0x000000000800624c      0x24c Drivers/VL53L0X/core/src/vl53l0x_api.o
                0x000000000800624c                VL53L0X_GetRangingMeasurementData
 .text.VL53L0X_PerformSingleRangingMeasurement
                0x0000000008006498       0x60 Drivers/VL53L0X/core/src/vl53l0x_api.o
                0x0000000008006498                VL53L0X_PerformSingleRangingMeasurement
 .text.VL53L0X_SetGpioConfig
                0x00000000080064f8      0x248 Drivers/VL53L0X/core/src/vl53l0x_api.o
                0x00000000080064f8                VL53L0X_SetGpioConfig
 .text.VL53L0X_GetInterruptThresholds
                0x0000000008006740       0x6c Drivers/VL53L0X/core/src/vl53l0x_api.o
                0x0000000008006740                VL53L0X_GetInterruptThresholds
 .text.VL53L0X_ClearInterruptMask
                0x00000000080067ac       0x80 Drivers/VL53L0X/core/src/vl53l0x_api.o
                0x00000000080067ac                VL53L0X_ClearInterruptMask
 .text.VL53L0X_GetInterruptMaskStatus
                0x000000000800682c       0x44 Drivers/VL53L0X/core/src/vl53l0x_api.o
                0x000000000800682c                VL53L0X_GetInterruptMaskStatus
 .text.VL53L0X_PerformRefSpadManagement
                0x0000000008006870       0x2a Drivers/VL53L0X/core/src/vl53l0x_api.o
                0x0000000008006870                VL53L0X_PerformRefSpadManagement
 .text.VL53L0X_get_offset_calibration_data_micro_meter
                0x000000000800689a       0x7e Drivers/VL53L0X/core/src/vl53l0x_api_calibration.o
                0x000000000800689a                VL53L0X_get_offset_calibration_data_micro_meter
 .text.get_next_good_spad
                0x0000000008006918       0xbc Drivers/VL53L0X/core/src/vl53l0x_api_calibration.o
                0x0000000008006918                get_next_good_spad
 .text.is_aperture
                0x00000000080069d4       0x34 Drivers/VL53L0X/core/src/vl53l0x_api_calibration.o
                0x00000000080069d4                is_aperture
 .text.enable_spad_bit
                0x0000000008006a08       0x70 Drivers/VL53L0X/core/src/vl53l0x_api_calibration.o
                0x0000000008006a08                enable_spad_bit
 .text.set_ref_spad_map
                0x0000000008006a78       0x26 Drivers/VL53L0X/core/src/vl53l0x_api_calibration.o
                0x0000000008006a78                set_ref_spad_map
 .text.get_ref_spad_map
                0x0000000008006a9e       0x26 Drivers/VL53L0X/core/src/vl53l0x_api_calibration.o
                0x0000000008006a9e                get_ref_spad_map
 .text.enable_ref_spads
                0x0000000008006ac4       0xf8 Drivers/VL53L0X/core/src/vl53l0x_api_calibration.o
                0x0000000008006ac4                enable_ref_spads
 .text.perform_ref_signal_measurement
                0x0000000008006bbc       0xd4 Drivers/VL53L0X/core/src/vl53l0x_api_calibration.o
                0x0000000008006bbc                perform_ref_signal_measurement
 .text.VL53L0X_perform_ref_spad_management
                0x0000000008006c90      0x418 Drivers/VL53L0X/core/src/vl53l0x_api_calibration.o
                0x0000000008006c90                VL53L0X_perform_ref_spad_management
 .text.VL53L0X_set_reference_spads
                0x00000000080070a8      0x14a Drivers/VL53L0X/core/src/vl53l0x_api_calibration.o
                0x00000000080070a8                VL53L0X_set_reference_spads
 .text.VL53L0X_perform_single_ref_calibration
                0x00000000080071f2       0x76 Drivers/VL53L0X/core/src/vl53l0x_api_calibration.o
                0x00000000080071f2                VL53L0X_perform_single_ref_calibration
 .text.VL53L0X_ref_calibration_io
                0x0000000008007268      0x132 Drivers/VL53L0X/core/src/vl53l0x_api_calibration.o
                0x0000000008007268                VL53L0X_ref_calibration_io
 .text.VL53L0X_perform_vhv_calibration
                0x000000000800739a       0xce Drivers/VL53L0X/core/src/vl53l0x_api_calibration.o
                0x000000000800739a                VL53L0X_perform_vhv_calibration
 .text.VL53L0X_perform_phase_calibration
                0x0000000008007468       0xca Drivers/VL53L0X/core/src/vl53l0x_api_calibration.o
                0x0000000008007468                VL53L0X_perform_phase_calibration
 .text.VL53L0X_perform_ref_calibration
                0x0000000008007532       0x7a Drivers/VL53L0X/core/src/vl53l0x_api_calibration.o
                0x0000000008007532                VL53L0X_perform_ref_calibration
 .text.VL53L0X_measurement_poll_for_completion
                0x00000000080075ac       0x60 Drivers/VL53L0X/core/src/vl53l0x_api_core.o
                0x00000000080075ac                VL53L0X_measurement_poll_for_completion
 .text.VL53L0X_decode_vcsel_period
                0x000000000800760c       0x26 Drivers/VL53L0X/core/src/vl53l0x_api_core.o
                0x000000000800760c                VL53L0X_decode_vcsel_period
 .text.VL53L0X_encode_vcsel_period
                0x0000000008007632       0x26 Drivers/VL53L0X/core/src/vl53l0x_api_core.o
                0x0000000008007632                VL53L0X_encode_vcsel_period
 .text.VL53L0X_isqrt
                0x0000000008007658       0x68 Drivers/VL53L0X/core/src/vl53l0x_api_core.o
                0x0000000008007658                VL53L0X_isqrt
 .text.VL53L0X_device_read_strobe
                0x00000000080076c0       0x86 Drivers/VL53L0X/core/src/vl53l0x_api_core.o
                0x00000000080076c0                VL53L0X_device_read_strobe
 .text.VL53L0X_get_info_from_device
                0x0000000008007746      0x99a Drivers/VL53L0X/core/src/vl53l0x_api_core.o
                0x0000000008007746                VL53L0X_get_info_from_device
 .text.VL53L0X_calc_macro_period_ps
                0x00000000080080e0       0x3a Drivers/VL53L0X/core/src/vl53l0x_api_core.o
                0x00000000080080e0                VL53L0X_calc_macro_period_ps
 .text.VL53L0X_encode_timeout
                0x000000000800811a       0x58 Drivers/VL53L0X/core/src/vl53l0x_api_core.o
                0x000000000800811a                VL53L0X_encode_timeout
 .text.VL53L0X_decode_timeout
                0x0000000008008172       0x2c Drivers/VL53L0X/core/src/vl53l0x_api_core.o
                0x0000000008008172                VL53L0X_decode_timeout
 *fill*         0x000000000800819e        0x2 
 .text.VL53L0X_calc_timeout_mclks
                0x00000000080081a0       0x54 Drivers/VL53L0X/core/src/vl53l0x_api_core.o
                0x00000000080081a0                VL53L0X_calc_timeout_mclks
 .text.VL53L0X_calc_timeout_us
                0x00000000080081f4       0x54 Drivers/VL53L0X/core/src/vl53l0x_api_core.o
                0x00000000080081f4                VL53L0X_calc_timeout_us
 .text.get_sequence_step_timeout
                0x0000000008008248      0x1c2 Drivers/VL53L0X/core/src/vl53l0x_api_core.o
                0x0000000008008248                get_sequence_step_timeout
 .text.set_sequence_step_timeout
                0x000000000800840a      0x1e4 Drivers/VL53L0X/core/src/vl53l0x_api_core.o
                0x000000000800840a                set_sequence_step_timeout
 .text.VL53L0X_set_vcsel_pulse_period
                0x00000000080085ee      0x512 Drivers/VL53L0X/core/src/vl53l0x_api_core.o
                0x00000000080085ee                VL53L0X_set_vcsel_pulse_period
 .text.VL53L0X_get_vcsel_pulse_period
                0x0000000008008b00       0x6e Drivers/VL53L0X/core/src/vl53l0x_api_core.o
                0x0000000008008b00                VL53L0X_get_vcsel_pulse_period
 .text.VL53L0X_set_measurement_timing_budget_micro_seconds
                0x0000000008008b6e      0x1c0 Drivers/VL53L0X/core/src/vl53l0x_api_core.o
                0x0000000008008b6e                VL53L0X_set_measurement_timing_budget_micro_seconds
 .text.VL53L0X_get_measurement_timing_budget_micro_seconds
                0x0000000008008d2e      0x162 Drivers/VL53L0X/core/src/vl53l0x_api_core.o
                0x0000000008008d2e                VL53L0X_get_measurement_timing_budget_micro_seconds
 .text.VL53L0X_load_tuning_settings
                0x0000000008008e90      0x1c4 Drivers/VL53L0X/core/src/vl53l0x_api_core.o
                0x0000000008008e90                VL53L0X_load_tuning_settings
 .text.VL53L0X_get_total_xtalk_rate
                0x0000000008009054       0x5e Drivers/VL53L0X/core/src/vl53l0x_api_core.o
                0x0000000008009054                VL53L0X_get_total_xtalk_rate
 .text.VL53L0X_get_total_signal_rate
                0x00000000080090b2       0x4a Drivers/VL53L0X/core/src/vl53l0x_api_core.o
                0x00000000080090b2                VL53L0X_get_total_signal_rate
 .text.VL53L0X_calc_dmax
                0x00000000080090fc      0x240 Drivers/VL53L0X/core/src/vl53l0x_api_core.o
                0x00000000080090fc                VL53L0X_calc_dmax
 .text.VL53L0X_calc_sigma_estimate
                0x000000000800933c      0x4a4 Drivers/VL53L0X/core/src/vl53l0x_api_core.o
                0x000000000800933c                VL53L0X_calc_sigma_estimate
 .text.VL53L0X_get_pal_range_status
                0x00000000080097e0      0x3b6 Drivers/VL53L0X/core/src/vl53l0x_api_core.o
                0x00000000080097e0                VL53L0X_get_pal_range_status
 .text._I2CWrite
                0x0000000008009b96       0x3e Drivers/VL53L0X/platform/src/vl53l0x_platform.o
                0x0000000008009b96                _I2CWrite
 .text._I2CRead
                0x0000000008009bd4       0x44 Drivers/VL53L0X/platform/src/vl53l0x_platform.o
                0x0000000008009bd4                _I2CRead
 .text.VL53L0X_WriteMulti
                0x0000000008009c18       0x60 Drivers/VL53L0X/platform/src/vl53l0x_platform.o
                0x0000000008009c18                VL53L0X_WriteMulti
 .text.VL53L0X_ReadMulti
                0x0000000008009c78       0x56 Drivers/VL53L0X/platform/src/vl53l0x_platform.o
                0x0000000008009c78                VL53L0X_ReadMulti
 *fill*         0x0000000008009cce        0x2 
 .text.VL53L0X_WrByte
                0x0000000008009cd0       0x48 Drivers/VL53L0X/platform/src/vl53l0x_platform.o
                0x0000000008009cd0                VL53L0X_WrByte
 .text.VL53L0X_WrWord
                0x0000000008009d18       0x54 Drivers/VL53L0X/platform/src/vl53l0x_platform.o
                0x0000000008009d18                VL53L0X_WrWord
 .text.VL53L0X_UpdateByte
                0x0000000008009d6c       0x68 Drivers/VL53L0X/platform/src/vl53l0x_platform.o
                0x0000000008009d6c                VL53L0X_UpdateByte
 .text.VL53L0X_RdByte
                0x0000000008009dd4       0x54 Drivers/VL53L0X/platform/src/vl53l0x_platform.o
                0x0000000008009dd4                VL53L0X_RdByte
 .text.VL53L0X_RdWord
                0x0000000008009e28       0x70 Drivers/VL53L0X/platform/src/vl53l0x_platform.o
                0x0000000008009e28                VL53L0X_RdWord
 .text.VL53L0X_RdDWord
                0x0000000008009e98       0x78 Drivers/VL53L0X/platform/src/vl53l0x_platform.o
                0x0000000008009e98                VL53L0X_RdDWord
 .text.VL53L0X_PollingDelay
                0x0000000008009f10       0x1e Drivers/VL53L0X/platform/src/vl53l0x_platform.o
                0x0000000008009f10                VL53L0X_PollingDelay
 *fill*         0x0000000008009f2e        0x2 
 .text.__errno  0x0000000008009f30        0xc c:/st/stm32cubeide_1.4.0/stm32cubeide/plugins/com.st.stm32cube.ide.mcu.externaltools.gnu-tools-for-stm32.7-2018-q2-update.win32_1.4.0.202007081208/tools/bin/../lib/gcc/arm-none-eabi/7.3.1/../../../../arm-none-eabi/lib/thumb/v7e-m/fpv4-sp/hard\libc_nano.a(lib_a-errno.o)
                0x0000000008009f30                __errno
 .text.__libc_init_array
                0x0000000008009f3c       0x48 c:/st/stm32cubeide_1.4.0/stm32cubeide/plugins/com.st.stm32cube.ide.mcu.externaltools.gnu-tools-for-stm32.7-2018-q2-update.win32_1.4.0.202007081208/tools/bin/../lib/gcc/arm-none-eabi/7.3.1/../../../../arm-none-eabi/lib/thumb/v7e-m/fpv4-sp/hard\libc_nano.a(lib_a-init.o)
                0x0000000008009f3c                __libc_init_array
 .text.memcpy   0x0000000008009f84       0x16 c:/st/stm32cubeide_1.4.0/stm32cubeide/plugins/com.st.stm32cube.ide.mcu.externaltools.gnu-tools-for-stm32.7-2018-q2-update.win32_1.4.0.202007081208/tools/bin/../lib/gcc/arm-none-eabi/7.3.1/../../../../arm-none-eabi/lib/thumb/v7e-m/fpv4-sp/hard\libc_nano.a(lib_a-memcpy-stub.o)
                0x0000000008009f84                memcpy
 .text.memset   0x0000000008009f9a       0x10 c:/st/stm32cubeide_1.4.0/stm32cubeide/plugins/com.st.stm32cube.ide.mcu.externaltools.gnu-tools-for-stm32.7-2018-q2-update.win32_1.4.0.202007081208/tools/bin/../lib/gcc/arm-none-eabi/7.3.1/../../../../arm-none-eabi/lib/thumb/v7e-m/fpv4-sp/hard\libc_nano.a(lib_a-memset.o)
                0x0000000008009f9a                memset
 *fill*         0x0000000008009faa        0x2 
 .text.printf   0x0000000008009fac       0x30 c:/st/stm32cubeide_1.4.0/stm32cubeide/plugins/com.st.stm32cube.ide.mcu.externaltools.gnu-tools-for-stm32.7-2018-q2-update.win32_1.4.0.202007081208/tools/bin/../lib/gcc/arm-none-eabi/7.3.1/../../../../arm-none-eabi/lib/thumb/v7e-m/fpv4-sp/hard\libc_nano.a(lib_a-printf.o)
                0x0000000008009fac                iprintf
                0x0000000008009fac                printf
 .text._puts_r  0x0000000008009fdc       0xb8 c:/st/stm32cubeide_1.4.0/stm32cubeide/plugins/com.st.stm32cube.ide.mcu.externaltools.gnu-tools-for-stm32.7-2018-q2-update.win32_1.4.0.202007081208/tools/bin/../lib/gcc/arm-none-eabi/7.3.1/../../../../arm-none-eabi/lib/thumb/v7e-m/fpv4-sp/hard\libc_nano.a(lib_a-puts.o)
                0x0000000008009fdc                _puts_r
 .text.puts     0x000000000800a094       0x10 c:/st/stm32cubeide_1.4.0/stm32cubeide/plugins/com.st.stm32cube.ide.mcu.externaltools.gnu-tools-for-stm32.7-2018-q2-update.win32_1.4.0.202007081208/tools/bin/../lib/gcc/arm-none-eabi/7.3.1/../../../../arm-none-eabi/lib/thumb/v7e-m/fpv4-sp/hard\libc_nano.a(lib_a-puts.o)
                0x000000000800a094                puts
 .text.sscanf   0x000000000800a0a4       0x54 c:/st/stm32cubeide_1.4.0/stm32cubeide/plugins/com.st.stm32cube.ide.mcu.externaltools.gnu-tools-for-stm32.7-2018-q2-update.win32_1.4.0.202007081208/tools/bin/../lib/gcc/arm-none-eabi/7.3.1/../../../../arm-none-eabi/lib/thumb/v7e-m/fpv4-sp/hard\libc_nano.a(lib_a-sscanf.o)
                0x000000000800a0a4                siscanf
                0x000000000800a0a4                sscanf
 .text.__sread  0x000000000800a0f8       0x22 c:/st/stm32cubeide_1.4.0/stm32cubeide/plugins/com.st.stm32cube.ide.mcu.externaltools.gnu-tools-for-stm32.7-2018-q2-update.win32_1.4.0.202007081208/tools/bin/../lib/gcc/arm-none-eabi/7.3.1/../../../../arm-none-eabi/lib/thumb/v7e-m/fpv4-sp/hard\libc_nano.a(lib_a-stdio.o)
                0x000000000800a0f8                __sread
 .text.__seofread
                0x000000000800a11a        0x4 c:/st/stm32cubeide_1.4.0/stm32cubeide/plugins/com.st.stm32cube.ide.mcu.externaltools.gnu-tools-for-stm32.7-2018-q2-update.win32_1.4.0.202007081208/tools/bin/../lib/gcc/arm-none-eabi/7.3.1/../../../../arm-none-eabi/lib/thumb/v7e-m/fpv4-sp/hard\libc_nano.a(lib_a-stdio.o)
                0x000000000800a11a                __seofread
 .text.__swrite
                0x000000000800a11e       0x38 c:/st/stm32cubeide_1.4.0/stm32cubeide/plugins/com.st.stm32cube.ide.mcu.externaltools.gnu-tools-for-stm32.7-2018-q2-update.win32_1.4.0.202007081208/tools/bin/../lib/gcc/arm-none-eabi/7.3.1/../../../../arm-none-eabi/lib/thumb/v7e-m/fpv4-sp/hard\libc_nano.a(lib_a-stdio.o)
                0x000000000800a11e                __swrite
 .text.__sseek  0x000000000800a156       0x24 c:/st/stm32cubeide_1.4.0/stm32cubeide/plugins/com.st.stm32cube.ide.mcu.externaltools.gnu-tools-for-stm32.7-2018-q2-update.win32_1.4.0.202007081208/tools/bin/../lib/gcc/arm-none-eabi/7.3.1/../../../../arm-none-eabi/lib/thumb/v7e-m/fpv4-sp/hard\libc_nano.a(lib_a-stdio.o)
                0x000000000800a156                __sseek
 .text.__sclose
                0x000000000800a17a        0x8 c:/st/stm32cubeide_1.4.0/stm32cubeide/plugins/com.st.stm32cube.ide.mcu.externaltools.gnu-tools-for-stm32.7-2018-q2-update.win32_1.4.0.202007081208/tools/bin/../lib/gcc/arm-none-eabi/7.3.1/../../../../arm-none-eabi/lib/thumb/v7e-m/fpv4-sp/hard\libc_nano.a(lib_a-stdio.o)
                0x000000000800a17a                __sclose
 .text.strcpy   0x000000000800a182       0x10 c:/st/stm32cubeide_1.4.0/stm32cubeide/plugins/com.st.stm32cube.ide.mcu.externaltools.gnu-tools-for-stm32.7-2018-q2-update.win32_1.4.0.202007081208/tools/bin/../lib/gcc/arm-none-eabi/7.3.1/../../../../arm-none-eabi/lib/thumb/v7e-m/fpv4-sp/hard\libc_nano.a(lib_a-strcpy.o)
                0x000000000800a182                strcpy
 .text.strncpy  0x000000000800a192       0x2a c:/st/stm32cubeide_1.4.0/stm32cubeide/plugins/com.st.stm32cube.ide.mcu.externaltools.gnu-tools-for-stm32.7-2018-q2-update.win32_1.4.0.202007081208/tools/bin/../lib/gcc/arm-none-eabi/7.3.1/../../../../arm-none-eabi/lib/thumb/v7e-m/fpv4-sp/hard\libc_nano.a(lib_a-strncpy.o)
                0x000000000800a192                strncpy
 .text.__swbuf_r
                0x000000000800a1bc       0xa4 c:/st/stm32cubeide_1.4.0/stm32cubeide/plugins/com.st.stm32cube.ide.mcu.externaltools.gnu-tools-for-stm32.7-2018-q2-update.win32_1.4.0.202007081208/tools/bin/../lib/gcc/arm-none-eabi/7.3.1/../../../../arm-none-eabi/lib/thumb/v7e-m/fpv4-sp/hard\libc_nano.a(lib_a-wbuf.o)
                0x000000000800a1bc                __swbuf_r
 .text._write_r
                0x000000000800a260       0x24 c:/st/stm32cubeide_1.4.0/stm32cubeide/plugins/com.st.stm32cube.ide.mcu.externaltools.gnu-tools-for-stm32.7-2018-q2-update.win32_1.4.0.202007081208/tools/bin/../lib/gcc/arm-none-eabi/7.3.1/../../../../arm-none-eabi/lib/thumb/v7e-m/fpv4-sp/hard\libc_nano.a(lib_a-writer.o)
                0x000000000800a260                _write_r
 .text.__swsetup_r
                0x000000000800a284       0xdc c:/st/stm32cubeide_1.4.0/stm32cubeide/plugins/com.st.stm32cube.ide.mcu.externaltools.gnu-tools-for-stm32.7-2018-q2-update.win32_1.4.0.202007081208/tools/bin/../lib/gcc/arm-none-eabi/7.3.1/../../../../arm-none-eabi/lib/thumb/v7e-m/fpv4-sp/hard\libc_nano.a(lib_a-wsetup.o)
                0x000000000800a284                __swsetup_r
 .text._close_r
                0x000000000800a360       0x20 c:/st/stm32cubeide_1.4.0/stm32cubeide/plugins/com.st.stm32cube.ide.mcu.externaltools.gnu-tools-for-stm32.7-2018-q2-update.win32_1.4.0.202007081208/tools/bin/../lib/gcc/arm-none-eabi/7.3.1/../../../../arm-none-eabi/lib/thumb/v7e-m/fpv4-sp/hard\libc_nano.a(lib_a-closer.o)
                0x000000000800a360                _close_r
 .text.__sflush_r
                0x000000000800a380      0x10c c:/st/stm32cubeide_1.4.0/stm32cubeide/plugins/com.st.stm32cube.ide.mcu.externaltools.gnu-tools-for-stm32.7-2018-q2-update.win32_1.4.0.202007081208/tools/bin/../lib/gcc/arm-none-eabi/7.3.1/../../../../arm-none-eabi/lib/thumb/v7e-m/fpv4-sp/hard\libc_nano.a(lib_a-fflush.o)
                0x000000000800a380                __sflush_r
 .text._fflush_r
                0x000000000800a48c       0x54 c:/st/stm32cubeide_1.4.0/stm32cubeide/plugins/com.st.stm32cube.ide.mcu.externaltools.gnu-tools-for-stm32.7-2018-q2-update.win32_1.4.0.202007081208/tools/bin/../lib/gcc/arm-none-eabi/7.3.1/../../../../arm-none-eabi/lib/thumb/v7e-m/fpv4-sp/hard\libc_nano.a(lib_a-fflush.o)
                0x000000000800a48c                _fflush_r
 .text.std      0x000000000800a4e0       0x48 c:/st/stm32cubeide_1.4.0/stm32cubeide/plugins/com.st.stm32cube.ide.mcu.externaltools.gnu-tools-for-stm32.7-2018-q2-update.win32_1.4.0.202007081208/tools/bin/../lib/gcc/arm-none-eabi/7.3.1/../../../../arm-none-eabi/lib/thumb/v7e-m/fpv4-sp/hard\libc_nano.a(lib_a-findfp.o)
 .text._cleanup_r
                0x000000000800a528        0xc c:/st/stm32cubeide_1.4.0/stm32cubeide/plugins/com.st.stm32cube.ide.mcu.externaltools.gnu-tools-for-stm32.7-2018-q2-update.win32_1.4.0.202007081208/tools/bin/../lib/gcc/arm-none-eabi/7.3.1/../../../../arm-none-eabi/lib/thumb/v7e-m/fpv4-sp/hard\libc_nano.a(lib_a-findfp.o)
                0x000000000800a528                _cleanup_r
 .text.__sfmoreglue
                0x000000000800a534       0x2c c:/st/stm32cubeide_1.4.0/stm32cubeide/plugins/com.st.stm32cube.ide.mcu.externaltools.gnu-tools-for-stm32.7-2018-q2-update.win32_1.4.0.202007081208/tools/bin/../lib/gcc/arm-none-eabi/7.3.1/../../../../arm-none-eabi/lib/thumb/v7e-m/fpv4-sp/hard\libc_nano.a(lib_a-findfp.o)
                0x000000000800a534                __sfmoreglue
 .text.__sinit  0x000000000800a560       0x60 c:/st/stm32cubeide_1.4.0/stm32cubeide/plugins/com.st.stm32cube.ide.mcu.externaltools.gnu-tools-for-stm32.7-2018-q2-update.win32_1.4.0.202007081208/tools/bin/../lib/gcc/arm-none-eabi/7.3.1/../../../../arm-none-eabi/lib/thumb/v7e-m/fpv4-sp/hard\libc_nano.a(lib_a-findfp.o)
                0x000000000800a560                __sinit
 .text.__sfp    0x000000000800a5c0       0x78 c:/st/stm32cubeide_1.4.0/stm32cubeide/plugins/com.st.stm32cube.ide.mcu.externaltools.gnu-tools-for-stm32.7-2018-q2-update.win32_1.4.0.202007081208/tools/bin/../lib/gcc/arm-none-eabi/7.3.1/../../../../arm-none-eabi/lib/thumb/v7e-m/fpv4-sp/hard\libc_nano.a(lib_a-findfp.o)
                0x000000000800a5c0                __sfp
 .text._fwalk_reent
                0x000000000800a638       0x3c c:/st/stm32cubeide_1.4.0/stm32cubeide/plugins/com.st.stm32cube.ide.mcu.externaltools.gnu-tools-for-stm32.7-2018-q2-update.win32_1.4.0.202007081208/tools/bin/../lib/gcc/arm-none-eabi/7.3.1/../../../../arm-none-eabi/lib/thumb/v7e-m/fpv4-sp/hard\libc_nano.a(lib_a-fwalk.o)
                0x000000000800a638                _fwalk_reent
 .text._lseek_r
                0x000000000800a674       0x24 c:/st/stm32cubeide_1.4.0/stm32cubeide/plugins/com.st.stm32cube.ide.mcu.externaltools.gnu-tools-for-stm32.7-2018-q2-update.win32_1.4.0.202007081208/tools/bin/../lib/gcc/arm-none-eabi/7.3.1/../../../../arm-none-eabi/lib/thumb/v7e-m/fpv4-sp/hard\libc_nano.a(lib_a-lseekr.o)
                0x000000000800a674                _lseek_r
 .text.__swhatbuf_r
                0x000000000800a698       0x48 c:/st/stm32cubeide_1.4.0/stm32cubeide/plugins/com.st.stm32cube.ide.mcu.externaltools.gnu-tools-for-stm32.7-2018-q2-update.win32_1.4.0.202007081208/tools/bin/../lib/gcc/arm-none-eabi/7.3.1/../../../../arm-none-eabi/lib/thumb/v7e-m/fpv4-sp/hard\libc_nano.a(lib_a-makebuf.o)
                0x000000000800a698                __swhatbuf_r
 .text.__smakebuf_r
                0x000000000800a6e0       0x80 c:/st/stm32cubeide_1.4.0/stm32cubeide/plugins/com.st.stm32cube.ide.mcu.externaltools.gnu-tools-for-stm32.7-2018-q2-update.win32_1.4.0.202007081208/tools/bin/../lib/gcc/arm-none-eabi/7.3.1/../../../../arm-none-eabi/lib/thumb/v7e-m/fpv4-sp/hard\libc_nano.a(lib_a-makebuf.o)
                0x000000000800a6e0                __smakebuf_r
 .text._free_r  0x000000000800a760       0x9c c:/st/stm32cubeide_1.4.0/stm32cubeide/plugins/com.st.stm32cube.ide.mcu.externaltools.gnu-tools-for-stm32.7-2018-q2-update.win32_1.4.0.202007081208/tools/bin/../lib/gcc/arm-none-eabi/7.3.1/../../../../arm-none-eabi/lib/thumb/v7e-m/fpv4-sp/hard\libc_nano.a(lib_a-nano-freer.o)
                0x000000000800a760                _free_r
 .text._malloc_r
                0x000000000800a7fc       0xb4 c:/st/stm32cubeide_1.4.0/stm32cubeide/plugins/com.st.stm32cube.ide.mcu.externaltools.gnu-tools-for-stm32.7-2018-q2-update.win32_1.4.0.202007081208/tools/bin/../lib/gcc/arm-none-eabi/7.3.1/../../../../arm-none-eabi/lib/thumb/v7e-m/fpv4-sp/hard\libc_nano.a(lib_a-nano-mallocr.o)
                0x000000000800a7fc                _malloc_r
 .text._sungetc_r
                0x000000000800a8b0       0x7a c:/st/stm32cubeide_1.4.0/stm32cubeide/plugins/com.st.stm32cube.ide.mcu.externaltools.gnu-tools-for-stm32.7-2018-q2-update.win32_1.4.0.202007081208/tools/bin/../lib/gcc/arm-none-eabi/7.3.1/../../../../arm-none-eabi/lib/thumb/v7e-m/fpv4-sp/hard\libc_nano.a(lib_a-nano-svfscanf.o)
                0x000000000800a8b0                _sungetc_r
 .text.__ssrefill_r
                0x000000000800a92a       0x3a c:/st/stm32cubeide_1.4.0/stm32cubeide/plugins/com.st.stm32cube.ide.mcu.externaltools.gnu-tools-for-stm32.7-2018-q2-update.win32_1.4.0.202007081208/tools/bin/../lib/gcc/arm-none-eabi/7.3.1/../../../../arm-none-eabi/lib/thumb/v7e-m/fpv4-sp/hard\libc_nano.a(lib_a-nano-svfscanf.o)
                0x000000000800a92a                __ssrefill_r
 .text.__ssvfscanf_r
                0x000000000800a964      0x2a0 c:/st/stm32cubeide_1.4.0/stm32cubeide/plugins/com.st.stm32cube.ide.mcu.externaltools.gnu-tools-for-stm32.7-2018-q2-update.win32_1.4.0.202007081208/tools/bin/../lib/gcc/arm-none-eabi/7.3.1/../../../../arm-none-eabi/lib/thumb/v7e-m/fpv4-sp/hard\libc_nano.a(lib_a-nano-svfscanf.o)
                0x000000000800a964                __ssvfiscanf_r
                0x000000000800a964                __ssvfscanf_r
 .text.__sfputc_r
                0x000000000800ac04       0x2e c:/st/stm32cubeide_1.4.0/stm32cubeide/plugins/com.st.stm32cube.ide.mcu.externaltools.gnu-tools-for-stm32.7-2018-q2-update.win32_1.4.0.202007081208/tools/bin/../lib/gcc/arm-none-eabi/7.3.1/../../../../arm-none-eabi/lib/thumb/v7e-m/fpv4-sp/hard\libc_nano.a(lib_a-nano-vfprintf.o)
 .text.__sfputs_r
                0x000000000800ac32       0x24 c:/st/stm32cubeide_1.4.0/stm32cubeide/plugins/com.st.stm32cube.ide.mcu.externaltools.gnu-tools-for-stm32.7-2018-q2-update.win32_1.4.0.202007081208/tools/bin/../lib/gcc/arm-none-eabi/7.3.1/../../../../arm-none-eabi/lib/thumb/v7e-m/fpv4-sp/hard\libc_nano.a(lib_a-nano-vfprintf.o)
                0x000000000800ac32                __sfputs_r
 *fill*         0x000000000800ac56        0x2 
 .text._vfprintf_r
                0x000000000800ac58      0x22c c:/st/stm32cubeide_1.4.0/stm32cubeide/plugins/com.st.stm32cube.ide.mcu.externaltools.gnu-tools-for-stm32.7-2018-q2-update.win32_1.4.0.202007081208/tools/bin/../lib/gcc/arm-none-eabi/7.3.1/../../../../arm-none-eabi/lib/thumb/v7e-m/fpv4-sp/hard\libc_nano.a(lib_a-nano-vfprintf.o)
                0x000000000800ac58                _vfprintf_r
                0x000000000800ac58                _vfiprintf_r
 .text._printf_common
                0x000000000800ae84       0xea c:/st/stm32cubeide_1.4.0/stm32cubeide/plugins/com.st.stm32cube.ide.mcu.externaltools.gnu-tools-for-stm32.7-2018-q2-update.win32_1.4.0.202007081208/tools/bin/../lib/gcc/arm-none-eabi/7.3.1/../../../../arm-none-eabi/lib/thumb/v7e-m/fpv4-sp/hard\libc_nano.a(lib_a-nano-vfprintf_i.o)
                0x000000000800ae84                _printf_common
 *fill*         0x000000000800af6e        0x2 
 .text._printf_i
                0x000000000800af70      0x224 c:/st/stm32cubeide_1.4.0/stm32cubeide/plugins/com.st.stm32cube.ide.mcu.externaltools.gnu-tools-for-stm32.7-2018-q2-update.win32_1.4.0.202007081208/tools/bin/../lib/gcc/arm-none-eabi/7.3.1/../../../../arm-none-eabi/lib/thumb/v7e-m/fpv4-sp/hard\libc_nano.a(lib_a-nano-vfprintf_i.o)
                0x000000000800af70                _printf_i
 .text._scanf_chars
                0x000000000800b194       0xc6 c:/st/stm32cubeide_1.4.0/stm32cubeide/plugins/com.st.stm32cube.ide.mcu.externaltools.gnu-tools-for-stm32.7-2018-q2-update.win32_1.4.0.202007081208/tools/bin/../lib/gcc/arm-none-eabi/7.3.1/../../../../arm-none-eabi/lib/thumb/v7e-m/fpv4-sp/hard\libc_nano.a(lib_a-nano-vfscanf_i.o)
                0x000000000800b194                _scanf_chars
 *fill*         0x000000000800b25a        0x2 
 .text._scanf_i
                0x000000000800b25c      0x1e8 c:/st/stm32cubeide_1.4.0/stm32cubeide/plugins/com.st.stm32cube.ide.mcu.externaltools.gnu-tools-for-stm32.7-2018-q2-update.win32_1.4.0.202007081208/tools/bin/../lib/gcc/arm-none-eabi/7.3.1/../../../../arm-none-eabi/lib/thumb/v7e-m/fpv4-sp/hard\libc_nano.a(lib_a-nano-vfscanf_i.o)
                0x000000000800b25c                _scanf_i
 .text._read_r  0x000000000800b444       0x24 c:/st/stm32cubeide_1.4.0/stm32cubeide/plugins/com.st.stm32cube.ide.mcu.externaltools.gnu-tools-for-stm32.7-2018-q2-update.win32_1.4.0.202007081208/tools/bin/../lib/gcc/arm-none-eabi/7.3.1/../../../../arm-none-eabi/lib/thumb/v7e-m/fpv4-sp/hard\libc_nano.a(lib_a-readr.o)
                0x000000000800b444                _read_r
 .text._sbrk_r  0x000000000800b468       0x20 c:/st/stm32cubeide_1.4.0/stm32cubeide/plugins/com.st.stm32cube.ide.mcu.externaltools.gnu-tools-for-stm32.7-2018-q2-update.win32_1.4.0.202007081208/tools/bin/../lib/gcc/arm-none-eabi/7.3.1/../../../../arm-none-eabi/lib/thumb/v7e-m/fpv4-sp/hard\libc_nano.a(lib_a-sbrkr.o)
                0x000000000800b468                _sbrk_r
 .text.__sccl   0x000000000800b488       0x64 c:/st/stm32cubeide_1.4.0/stm32cubeide/plugins/com.st.stm32cube.ide.mcu.externaltools.gnu-tools-for-stm32.7-2018-q2-update.win32_1.4.0.202007081208/tools/bin/../lib/gcc/arm-none-eabi/7.3.1/../../../../arm-none-eabi/lib/thumb/v7e-m/fpv4-sp/hard\libc_nano.a(lib_a-sccl.o)
                0x000000000800b488                __sccl
 .text._strtol_l.isra.0
                0x000000000800b4ec       0xf6 c:/st/stm32cubeide_1.4.0/stm32cubeide/plugins/com.st.stm32cube.ide.mcu.externaltools.gnu-tools-for-stm32.7-2018-q2-update.win32_1.4.0.202007081208/tools/bin/../lib/gcc/arm-none-eabi/7.3.1/../../../../arm-none-eabi/lib/thumb/v7e-m/fpv4-sp/hard\libc_nano.a(lib_a-strtol.o)
 *fill*         0x000000000800b5e2        0x2 
 .text._strtol_r
                0x000000000800b5e4       0x24 c:/st/stm32cubeide_1.4.0/stm32cubeide/plugins/com.st.stm32cube.ide.mcu.externaltools.gnu-tools-for-stm32.7-2018-q2-update.win32_1.4.0.202007081208/tools/bin/../lib/gcc/arm-none-eabi/7.3.1/../../../../arm-none-eabi/lib/thumb/v7e-m/fpv4-sp/hard\libc_nano.a(lib_a-strtol.o)
                0x000000000800b5e4                _strtol_r
 .text._strtoul_l.isra.0
                0x000000000800b608       0xf4 c:/st/stm32cubeide_1.4.0/stm32cubeide/plugins/com.st.stm32cube.ide.mcu.externaltools.gnu-tools-for-stm32.7-2018-q2-update.win32_1.4.0.202007081208/tools/bin/../lib/gcc/arm-none-eabi/7.3.1/../../../../arm-none-eabi/lib/thumb/v7e-m/fpv4-sp/hard\libc_nano.a(lib_a-strtoul.o)
 .text._strtoul_r
                0x000000000800b6fc       0x24 c:/st/stm32cubeide_1.4.0/stm32cubeide/plugins/com.st.stm32cube.ide.mcu.externaltools.gnu-tools-for-stm32.7-2018-q2-update.win32_1.4.0.202007081208/tools/bin/../lib/gcc/arm-none-eabi/7.3.1/../../../../arm-none-eabi/lib/thumb/v7e-m/fpv4-sp/hard\libc_nano.a(lib_a-strtoul.o)
                0x000000000800b6fc                _strtoul_r
 .text.__submore
                0x000000000800b720       0x74 c:/st/stm32cubeide_1.4.0/stm32cubeide/plugins/com.st.stm32cube.ide.mcu.externaltools.gnu-tools-for-stm32.7-2018-q2-update.win32_1.4.0.202007081208/tools/bin/../lib/gcc/arm-none-eabi/7.3.1/../../../../arm-none-eabi/lib/thumb/v7e-m/fpv4-sp/hard\libc_nano.a(lib_a-ungetc.o)
                0x000000000800b720                __submore
 .text._fstat_r
                0x000000000800b794       0x24 c:/st/stm32cubeide_1.4.0/stm32cubeide/plugins/com.st.stm32cube.ide.mcu.externaltools.gnu-tools-for-stm32.7-2018-q2-update.win32_1.4.0.202007081208/tools/bin/../lib/gcc/arm-none-eabi/7.3.1/../../../../arm-none-eabi/lib/thumb/v7e-m/fpv4-sp/hard\libc_nano.a(lib_a-fstatr.o)
                0x000000000800b794                _fstat_r
 .text._isatty_r
                0x000000000800b7b8       0x20 c:/st/stm32cubeide_1.4.0/stm32cubeide/plugins/com.st.stm32cube.ide.mcu.externaltools.gnu-tools-for-stm32.7-2018-q2-update.win32_1.4.0.202007081208/tools/bin/../lib/gcc/arm-none-eabi/7.3.1/../../../../arm-none-eabi/lib/thumb/v7e-m/fpv4-sp/hard\libc_nano.a(lib_a-isattyr.o)
                0x000000000800b7b8                _isatty_r
 .text.__locale_ctype_ptr_l
                0x000000000800b7d8        0x6 c:/st/stm32cubeide_1.4.0/stm32cubeide/plugins/com.st.stm32cube.ide.mcu.externaltools.gnu-tools-for-stm32.7-2018-q2-update.win32_1.4.0.202007081208/tools/bin/../lib/gcc/arm-none-eabi/7.3.1/../../../../arm-none-eabi/lib/thumb/v7e-m/fpv4-sp/hard\libc_nano.a(lib_a-locale.o)
                0x000000000800b7d8                __locale_ctype_ptr_l
 *fill*         0x000000000800b7de        0x2 
 .text.__locale_ctype_ptr
                0x000000000800b7e0       0x1c c:/st/stm32cubeide_1.4.0/stm32cubeide/plugins/com.st.stm32cube.ide.mcu.externaltools.gnu-tools-for-stm32.7-2018-q2-update.win32_1.4.0.202007081208/tools/bin/../lib/gcc/arm-none-eabi/7.3.1/../../../../arm-none-eabi/lib/thumb/v7e-m/fpv4-sp/hard\libc_nano.a(lib_a-locale.o)
                0x000000000800b7e0                __locale_ctype_ptr
 .text.__ascii_mbtowc
                0x000000000800b7fc       0x24 c:/st/stm32cubeide_1.4.0/stm32cubeide/plugins/com.st.stm32cube.ide.mcu.externaltools.gnu-tools-for-stm32.7-2018-q2-update.win32_1.4.0.202007081208/tools/bin/../lib/gcc/arm-none-eabi/7.3.1/../../../../arm-none-eabi/lib/thumb/v7e-m/fpv4-sp/hard\libc_nano.a(lib_a-mbtowc_r.o)
                0x000000000800b7fc                __ascii_mbtowc
 .text.__malloc_lock
                0x000000000800b820        0x2 c:/st/stm32cubeide_1.4.0/stm32cubeide/plugins/com.st.stm32cube.ide.mcu.externaltools.gnu-tools-for-stm32.7-2018-q2-update.win32_1.4.0.202007081208/tools/bin/../lib/gcc/arm-none-eabi/7.3.1/../../../../arm-none-eabi/lib/thumb/v7e-m/fpv4-sp/hard\libc_nano.a(lib_a-mlock.o)
                0x000000000800b820                __malloc_lock
 .text.__malloc_unlock
                0x000000000800b822        0x2 c:/st/stm32cubeide_1.4.0/stm32cubeide/plugins/com.st.stm32cube.ide.mcu.externaltools.gnu-tools-for-stm32.7-2018-q2-update.win32_1.4.0.202007081208/tools/bin/../lib/gcc/arm-none-eabi/7.3.1/../../../../arm-none-eabi/lib/thumb/v7e-m/fpv4-sp/hard\libc_nano.a(lib_a-mlock.o)
                0x000000000800b822                __malloc_unlock
 .text._realloc_r
                0x000000000800b824       0x4c c:/st/stm32cubeide_1.4.0/stm32cubeide/plugins/com.st.stm32cube.ide.mcu.externaltools.gnu-tools-for-stm32.7-2018-q2-update.win32_1.4.0.202007081208/tools/bin/../lib/gcc/arm-none-eabi/7.3.1/../../../../arm-none-eabi/lib/thumb/v7e-m/fpv4-sp/hard\libc_nano.a(lib_a-nano-reallocr.o)
                0x000000000800b824                _realloc_r
 .text.__ascii_wctomb
                0x000000000800b870       0x1a c:/st/stm32cubeide_1.4.0/stm32cubeide/plugins/com.st.stm32cube.ide.mcu.externaltools.gnu-tools-for-stm32.7-2018-q2-update.win32_1.4.0.202007081208/tools/bin/../lib/gcc/arm-none-eabi/7.3.1/../../../../arm-none-eabi/lib/thumb/v7e-m/fpv4-sp/hard\libc_nano.a(lib_a-wctomb_r.o)
                0x000000000800b870                __ascii_wctomb
 .text._malloc_usable_size_r
                0x000000000800b88a       0x10 c:/st/stm32cubeide_1.4.0/stm32cubeide/plugins/com.st.stm32cube.ide.mcu.externaltools.gnu-tools-for-stm32.7-2018-q2-update.win32_1.4.0.202007081208/tools/bin/../lib/gcc/arm-none-eabi/7.3.1/../../../../arm-none-eabi/lib/thumb/v7e-m/fpv4-sp/hard\libc_nano.a(lib_a-nano-msizer.o)
                0x000000000800b88a                _malloc_usable_size_r
 *fill*         0x000000000800b89a        0x2 
 .text.cosf     0x000000000800b89c       0x80 c:/st/stm32cubeide_1.4.0/stm32cubeide/plugins/com.st.stm32cube.ide.mcu.externaltools.gnu-tools-for-stm32.7-2018-q2-update.win32_1.4.0.202007081208/tools/bin/../lib/gcc/arm-none-eabi/7.3.1/../../../../arm-none-eabi/lib/thumb/v7e-m/fpv4-sp/hard\libm.a(lib_a-sf_cos.o)
                0x000000000800b89c                cosf
 .text.sinf     0x000000000800b91c       0x84 c:/st/stm32cubeide_1.4.0/stm32cubeide/plugins/com.st.stm32cube.ide.mcu.externaltools.gnu-tools-for-stm32.7-2018-q2-update.win32_1.4.0.202007081208/tools/bin/../lib/gcc/arm-none-eabi/7.3.1/../../../../arm-none-eabi/lib/thumb/v7e-m/fpv4-sp/hard\libm.a(lib_a-sf_sin.o)
                0x000000000800b91c                sinf
 .text.__ieee754_rem_pio2f
                0x000000000800b9a0      0x258 c:/st/stm32cubeide_1.4.0/stm32cubeide/plugins/com.st.stm32cube.ide.mcu.externaltools.gnu-tools-for-stm32.7-2018-q2-update.win32_1.4.0.202007081208/tools/bin/../lib/gcc/arm-none-eabi/7.3.1/../../../../arm-none-eabi/lib/thumb/v7e-m/fpv4-sp/hard\libm.a(lib_a-ef_rem_pio2.o)
                0x000000000800b9a0                __ieee754_rem_pio2f
 .text.__kernel_cosf
                0x000000000800bbf8       0xbc c:/st/stm32cubeide_1.4.0/stm32cubeide/plugins/com.st.stm32cube.ide.mcu.externaltools.gnu-tools-for-stm32.7-2018-q2-update.win32_1.4.0.202007081208/tools/bin/../lib/gcc/arm-none-eabi/7.3.1/../../../../arm-none-eabi/lib/thumb/v7e-m/fpv4-sp/hard\libm.a(lib_a-kf_cos.o)
                0x000000000800bbf8                __kernel_cosf
 .text.__kernel_rem_pio2f
                0x000000000800bcb4      0x504 c:/st/stm32cubeide_1.4.0/stm32cubeide/plugins/com.st.stm32cube.ide.mcu.externaltools.gnu-tools-for-stm32.7-2018-q2-update.win32_1.4.0.202007081208/tools/bin/../lib/gcc/arm-none-eabi/7.3.1/../../../../arm-none-eabi/lib/thumb/v7e-m/fpv4-sp/hard\libm.a(lib_a-kf_rem_pio2.o)
                0x000000000800bcb4                __kernel_rem_pio2f
 .text.__kernel_sinf
                0x000000000800c1b8       0x90 c:/st/stm32cubeide_1.4.0/stm32cubeide/plugins/com.st.stm32cube.ide.mcu.externaltools.gnu-tools-for-stm32.7-2018-q2-update.win32_1.4.0.202007081208/tools/bin/../lib/gcc/arm-none-eabi/7.3.1/../../../../arm-none-eabi/lib/thumb/v7e-m/fpv4-sp/hard\libm.a(lib_a-kf_sin.o)
                0x000000000800c1b8                __kernel_sinf
 .text.fabsf    0x000000000800c248        0xe c:/st/stm32cubeide_1.4.0/stm32cubeide/plugins/com.st.stm32cube.ide.mcu.externaltools.gnu-tools-for-stm32.7-2018-q2-update.win32_1.4.0.202007081208/tools/bin/../lib/gcc/arm-none-eabi/7.3.1/../../../../arm-none-eabi/lib/thumb/v7e-m/fpv4-sp/hard\libm.a(lib_a-sf_fabs.o)
                0x000000000800c248                fabsf
 *fill*         0x000000000800c256        0x2 
 .text.floorf   0x000000000800c258       0x84 c:/st/stm32cubeide_1.4.0/stm32cubeide/plugins/com.st.stm32cube.ide.mcu.externaltools.gnu-tools-for-stm32.7-2018-q2-update.win32_1.4.0.202007081208/tools/bin/../lib/gcc/arm-none-eabi/7.3.1/../../../../arm-none-eabi/lib/thumb/v7e-m/fpv4-sp/hard\libm.a(lib_a-sf_floor.o)
                0x000000000800c258                floorf
 .text.scalbnf  0x000000000800c2dc       0xc0 c:/st/stm32cubeide_1.4.0/stm32cubeide/plugins/com.st.stm32cube.ide.mcu.externaltools.gnu-tools-for-stm32.7-2018-q2-update.win32_1.4.0.202007081208/tools/bin/../lib/gcc/arm-none-eabi/7.3.1/../../../../arm-none-eabi/lib/thumb/v7e-m/fpv4-sp/hard\libm.a(lib_a-sf_scalbn.o)
                0x000000000800c2dc                scalbnf
 .text.copysignf
                0x000000000800c39c       0x18 c:/st/stm32cubeide_1.4.0/stm32cubeide/plugins/com.st.stm32cube.ide.mcu.externaltools.gnu-tools-for-stm32.7-2018-q2-update.win32_1.4.0.202007081208/tools/bin/../lib/gcc/arm-none-eabi/7.3.1/../../../../arm-none-eabi/lib/thumb/v7e-m/fpv4-sp/hard\libm.a(lib_a-sf_copysign.o)
                0x000000000800c39c                copysignf
 *(.glue_7)
 .glue_7        0x000000000800c3b4        0x0 linker stubs
 *(.glue_7t)
 .glue_7t       0x000000000800c3b4        0x0 linker stubs
 *(.eh_frame)
 .eh_frame      0x000000000800c3b4        0x0 c:/st/stm32cubeide_1.4.0/stm32cubeide/plugins/com.st.stm32cube.ide.mcu.externaltools.gnu-tools-for-stm32.7-2018-q2-update.win32_1.4.0.202007081208/tools/bin/../lib/gcc/arm-none-eabi/7.3.1/thumb/v7e-m/fpv4-sp/hard/crtbegin.o
 *(.init)
 .init          0x000000000800c3b4        0x4 c:/st/stm32cubeide_1.4.0/stm32cubeide/plugins/com.st.stm32cube.ide.mcu.externaltools.gnu-tools-for-stm32.7-2018-q2-update.win32_1.4.0.202007081208/tools/bin/../lib/gcc/arm-none-eabi/7.3.1/thumb/v7e-m/fpv4-sp/hard/crti.o
                0x000000000800c3b4                _init
 .init          0x000000000800c3b8        0x8 c:/st/stm32cubeide_1.4.0/stm32cubeide/plugins/com.st.stm32cube.ide.mcu.externaltools.gnu-tools-for-stm32.7-2018-q2-update.win32_1.4.0.202007081208/tools/bin/../lib/gcc/arm-none-eabi/7.3.1/thumb/v7e-m/fpv4-sp/hard/crtn.o
 *(.fini)
 .fini          0x000000000800c3c0        0x4 c:/st/stm32cubeide_1.4.0/stm32cubeide/plugins/com.st.stm32cube.ide.mcu.externaltools.gnu-tools-for-stm32.7-2018-q2-update.win32_1.4.0.202007081208/tools/bin/../lib/gcc/arm-none-eabi/7.3.1/thumb/v7e-m/fpv4-sp/hard/crti.o
                0x000000000800c3c0                _fini
 .fini          0x000000000800c3c4        0x8 c:/st/stm32cubeide_1.4.0/stm32cubeide/plugins/com.st.stm32cube.ide.mcu.externaltools.gnu-tools-for-stm32.7-2018-q2-update.win32_1.4.0.202007081208/tools/bin/../lib/gcc/arm-none-eabi/7.3.1/thumb/v7e-m/fpv4-sp/hard/crtn.o
                0x000000000800c3cc                . = ALIGN (0x4)
                0x000000000800c3cc                _etext = .

.vfp11_veneer   0x000000000800c3cc        0x0
 .vfp11_veneer  0x000000000800c3cc        0x0 linker stubs

.v4_bx          0x000000000800c3cc        0x0
 .v4_bx         0x000000000800c3cc        0x0 linker stubs

.iplt           0x000000000800c3cc        0x0
 .iplt          0x000000000800c3cc        0x0 c:/st/stm32cubeide_1.4.0/stm32cubeide/plugins/com.st.stm32cube.ide.mcu.externaltools.gnu-tools-for-stm32.7-2018-q2-update.win32_1.4.0.202007081208/tools/bin/../lib/gcc/arm-none-eabi/7.3.1/thumb/v7e-m/fpv4-sp/hard/crtbegin.o

.rodata         0x000000000800c3cc      0x614
                0x000000000800c3cc                . = ALIGN (0x4)
 *(.rodata)
 .rodata        0x000000000800c3cc       0x2f Core/Src/main.o
 *fill*         0x000000000800c3fb        0x1 
 .rodata        0x000000000800c3fc        0xc c:/st/stm32cubeide_1.4.0/stm32cubeide/plugins/com.st.stm32cube.ide.mcu.externaltools.gnu-tools-for-stm32.7-2018-q2-update.win32_1.4.0.202007081208/tools/bin/../lib/gcc/arm-none-eabi/7.3.1/../../../../arm-none-eabi/lib/thumb/v7e-m/fpv4-sp/hard\libc_nano.a(lib_a-nano-vfscanf_i.o)
 *(.rodata*)
 .rodata.AHBPrescTable
                0x000000000800c408       0x10 Core/Src/system_stm32l4xx.o
                0x000000000800c408                AHBPrescTable
 .rodata.APBPrescTable
                0x000000000800c418        0x8 Core/Src/system_stm32l4xx.o
                0x000000000800c418                APBPrescTable
 .rodata.MSIRangeTable
                0x000000000800c420       0x30 Core/Src/system_stm32l4xx.o
                0x000000000800c420                MSIRangeTable
 .rodata._global_impure_ptr
                0x000000000800c450        0x4 c:/st/stm32cubeide_1.4.0/stm32cubeide/plugins/com.st.stm32cube.ide.mcu.externaltools.gnu-tools-for-stm32.7-2018-q2-update.win32_1.4.0.202007081208/tools/bin/../lib/gcc/arm-none-eabi/7.3.1/../../../../arm-none-eabi/lib/thumb/v7e-m/fpv4-sp/hard\libc_nano.a(lib_a-impure.o)
                0x000000000800c450                _global_impure_ptr
 .rodata.__sf_fake_stderr
                0x000000000800c454       0x20 c:/st/stm32cubeide_1.4.0/stm32cubeide/plugins/com.st.stm32cube.ide.mcu.externaltools.gnu-tools-for-stm32.7-2018-q2-update.win32_1.4.0.202007081208/tools/bin/../lib/gcc/arm-none-eabi/7.3.1/../../../../arm-none-eabi/lib/thumb/v7e-m/fpv4-sp/hard\libc_nano.a(lib_a-findfp.o)
                0x000000000800c454                __sf_fake_stderr
 .rodata.__sf_fake_stdin
                0x000000000800c474       0x20 c:/st/stm32cubeide_1.4.0/stm32cubeide/plugins/com.st.stm32cube.ide.mcu.externaltools.gnu-tools-for-stm32.7-2018-q2-update.win32_1.4.0.202007081208/tools/bin/../lib/gcc/arm-none-eabi/7.3.1/../../../../arm-none-eabi/lib/thumb/v7e-m/fpv4-sp/hard\libc_nano.a(lib_a-findfp.o)
                0x000000000800c474                __sf_fake_stdin
 .rodata.__sf_fake_stdout
                0x000000000800c494       0x20 c:/st/stm32cubeide_1.4.0/stm32cubeide/plugins/com.st.stm32cube.ide.mcu.externaltools.gnu-tools-for-stm32.7-2018-q2-update.win32_1.4.0.202007081208/tools/bin/../lib/gcc/arm-none-eabi/7.3.1/../../../../arm-none-eabi/lib/thumb/v7e-m/fpv4-sp/hard\libc_nano.a(lib_a-findfp.o)
                0x000000000800c494                __sf_fake_stdout
 .rodata.__ssvfscanf_r.str1.1
                0x000000000800c4b4        0x4 c:/st/stm32cubeide_1.4.0/stm32cubeide/plugins/com.st.stm32cube.ide.mcu.externaltools.gnu-tools-for-stm32.7-2018-q2-update.win32_1.4.0.202007081208/tools/bin/../lib/gcc/arm-none-eabi/7.3.1/../../../../arm-none-eabi/lib/thumb/v7e-m/fpv4-sp/hard\libc_nano.a(lib_a-nano-svfscanf.o)
 .rodata._vfprintf_r.str1.1
                0x000000000800c4b8        0xd c:/st/stm32cubeide_1.4.0/stm32cubeide/plugins/com.st.stm32cube.ide.mcu.externaltools.gnu-tools-for-stm32.7-2018-q2-update.win32_1.4.0.202007081208/tools/bin/../lib/gcc/arm-none-eabi/7.3.1/../../../../arm-none-eabi/lib/thumb/v7e-m/fpv4-sp/hard\libc_nano.a(lib_a-nano-vfprintf.o)
                                         0x11 (size before relaxing)
 .rodata._printf_i.str1.1
                0x000000000800c4c5       0x22 c:/st/stm32cubeide_1.4.0/stm32cubeide/plugins/com.st.stm32cube.ide.mcu.externaltools.gnu-tools-for-stm32.7-2018-q2-update.win32_1.4.0.202007081208/tools/bin/../lib/gcc/arm-none-eabi/7.3.1/../../../../arm-none-eabi/lib/thumb/v7e-m/fpv4-sp/hard\libc_nano.a(lib_a-nano-vfprintf_i.o)
 .rodata._scanf_i.str1.1
                0x000000000800c4e7       0x12 c:/st/stm32cubeide_1.4.0/stm32cubeide/plugins/com.st.stm32cube.ide.mcu.externaltools.gnu-tools-for-stm32.7-2018-q2-update.win32_1.4.0.202007081208/tools/bin/../lib/gcc/arm-none-eabi/7.3.1/../../../../arm-none-eabi/lib/thumb/v7e-m/fpv4-sp/hard\libc_nano.a(lib_a-nano-vfscanf_i.o)
 .rodata.str1.1
                0x000000000800c4f9        0x9 c:/st/stm32cubeide_1.4.0/stm32cubeide/plugins/com.st.stm32cube.ide.mcu.externaltools.gnu-tools-for-stm32.7-2018-q2-update.win32_1.4.0.202007081208/tools/bin/../lib/gcc/arm-none-eabi/7.3.1/../../../../arm-none-eabi/lib/thumb/v7e-m/fpv4-sp/hard\libc_nano.a(lib_a-nano-vfscanf_i.o)
 .rodata._setlocale_r.str1.1
                0x000000000800c502        0x8 c:/st/stm32cubeide_1.4.0/stm32cubeide/plugins/com.st.stm32cube.ide.mcu.externaltools.gnu-tools-for-stm32.7-2018-q2-update.win32_1.4.0.202007081208/tools/bin/../lib/gcc/arm-none-eabi/7.3.1/../../../../arm-none-eabi/lib/thumb/v7e-m/fpv4-sp/hard\libc_nano.a(lib_a-locale.o)
                                          0x9 (size before relaxing)
 .rodata.str1.1
                0x000000000800c50a        0x2 c:/st/stm32cubeide_1.4.0/stm32cubeide/plugins/com.st.stm32cube.ide.mcu.externaltools.gnu-tools-for-stm32.7-2018-q2-update.win32_1.4.0.202007081208/tools/bin/../lib/gcc/arm-none-eabi/7.3.1/../../../../arm-none-eabi/lib/thumb/v7e-m/fpv4-sp/hard\libc_nano.a(lib_a-locale.o)
 .rodata._ctype_
                0x000000000800c50c      0x101 c:/st/stm32cubeide_1.4.0/stm32cubeide/plugins/com.st.stm32cube.ide.mcu.externaltools.gnu-tools-for-stm32.7-2018-q2-update.win32_1.4.0.202007081208/tools/bin/../lib/gcc/arm-none-eabi/7.3.1/../../../../arm-none-eabi/lib/thumb/v7e-m/fpv4-sp/hard\libc_nano.a(lib_a-ctype_.o)
                0x000000000800c50c                _ctype_
 *fill*         0x000000000800c60d        0x3 
 .rodata.npio2_hw
                0x000000000800c610       0x80 c:/st/stm32cubeide_1.4.0/stm32cubeide/plugins/com.st.stm32cube.ide.mcu.externaltools.gnu-tools-for-stm32.7-2018-q2-update.win32_1.4.0.202007081208/tools/bin/../lib/gcc/arm-none-eabi/7.3.1/../../../../arm-none-eabi/lib/thumb/v7e-m/fpv4-sp/hard\libm.a(lib_a-ef_rem_pio2.o)
 .rodata.two_over_pi
                0x000000000800c690      0x318 c:/st/stm32cubeide_1.4.0/stm32cubeide/plugins/com.st.stm32cube.ide.mcu.externaltools.gnu-tools-for-stm32.7-2018-q2-update.win32_1.4.0.202007081208/tools/bin/../lib/gcc/arm-none-eabi/7.3.1/../../../../arm-none-eabi/lib/thumb/v7e-m/fpv4-sp/hard\libm.a(lib_a-ef_rem_pio2.o)
 .rodata.PIo2   0x000000000800c9a8       0x2c c:/st/stm32cubeide_1.4.0/stm32cubeide/plugins/com.st.stm32cube.ide.mcu.externaltools.gnu-tools-for-stm32.7-2018-q2-update.win32_1.4.0.202007081208/tools/bin/../lib/gcc/arm-none-eabi/7.3.1/../../../../arm-none-eabi/lib/thumb/v7e-m/fpv4-sp/hard\libm.a(lib_a-kf_rem_pio2.o)
 .rodata.init_jk
                0x000000000800c9d4        0xc c:/st/stm32cubeide_1.4.0/stm32cubeide/plugins/com.st.stm32cube.ide.mcu.externaltools.gnu-tools-for-stm32.7-2018-q2-update.win32_1.4.0.202007081208/tools/bin/../lib/gcc/arm-none-eabi/7.3.1/../../../../arm-none-eabi/lib/thumb/v7e-m/fpv4-sp/hard\libm.a(lib_a-kf_rem_pio2.o)
                0x000000000800c9e0                . = ALIGN (0x4)

.ARM.extab      0x000000000800c9e0        0x0
                0x000000000800c9e0                . = ALIGN (0x4)
 *(.ARM.extab* .gnu.linkonce.armextab.*)
                0x000000000800c9e0                . = ALIGN (0x4)

.ARM            0x000000000800c9e0        0x8
                0x000000000800c9e0                . = ALIGN (0x4)
                0x000000000800c9e0                __exidx_start = .
 *(.ARM.exidx*)
 .ARM.exidx     0x000000000800c9e0        0x8 c:/st/stm32cubeide_1.4.0/stm32cubeide/plugins/com.st.stm32cube.ide.mcu.externaltools.gnu-tools-for-stm32.7-2018-q2-update.win32_1.4.0.202007081208/tools/bin/../lib/gcc/arm-none-eabi/7.3.1/thumb/v7e-m/fpv4-sp/hard\libgcc.a(_udivmoddi4.o)
                0x000000000800c9e8                __exidx_end = .
                0x000000000800c9e8                . = ALIGN (0x4)

.rel.dyn        0x000000000800c9e8        0x0
 .rel.iplt      0x000000000800c9e8        0x0 c:/st/stm32cubeide_1.4.0/stm32cubeide/plugins/com.st.stm32cube.ide.mcu.externaltools.gnu-tools-for-stm32.7-2018-q2-update.win32_1.4.0.202007081208/tools/bin/../lib/gcc/arm-none-eabi/7.3.1/thumb/v7e-m/fpv4-sp/hard/crtbegin.o

.preinit_array  0x000000000800c9e8        0x0
                0x000000000800c9e8                . = ALIGN (0x4)
                0x000000000800c9e8                PROVIDE (__preinit_array_start = .)
 *(.preinit_array*)
                0x000000000800c9e8                PROVIDE (__preinit_array_end = .)
                0x000000000800c9e8                . = ALIGN (0x4)

.init_array     0x000000000800c9e8        0x4
                0x000000000800c9e8                . = ALIGN (0x4)
                0x000000000800c9e8                PROVIDE (__init_array_start = .)
 *(SORT_BY_NAME(.init_array.*))
 *(.init_array*)
 .init_array    0x000000000800c9e8        0x4 c:/st/stm32cubeide_1.4.0/stm32cubeide/plugins/com.st.stm32cube.ide.mcu.externaltools.gnu-tools-for-stm32.7-2018-q2-update.win32_1.4.0.202007081208/tools/bin/../lib/gcc/arm-none-eabi/7.3.1/thumb/v7e-m/fpv4-sp/hard/crtbegin.o
                0x000000000800c9ec                PROVIDE (__init_array_end = .)
                0x000000000800c9ec                . = ALIGN (0x4)

.fini_array     0x000000000800c9ec        0x4
                0x000000000800c9ec                . = ALIGN (0x4)
                [!provide]                        PROVIDE (__fini_array_start = .)
 *(SORT_BY_NAME(.fini_array.*))
 *(.fini_array*)
 .fini_array    0x000000000800c9ec        0x4 c:/st/stm32cubeide_1.4.0/stm32cubeide/plugins/com.st.stm32cube.ide.mcu.externaltools.gnu-tools-for-stm32.7-2018-q2-update.win32_1.4.0.202007081208/tools/bin/../lib/gcc/arm-none-eabi/7.3.1/thumb/v7e-m/fpv4-sp/hard/crtbegin.o
                [!provide]                        PROVIDE (__fini_array_end = .)
                0x000000000800c9f0                . = ALIGN (0x4)
                0x000000000800c9f0                _sidata = LOADADDR (.data)

.data           0x0000000020000000      0x4a4 load address 0x000000000800c9f0
                0x0000000020000000                . = ALIGN (0x4)
                0x0000000020000000                _sdata = .
 *(.data)
 *(.data*)
 .data.flaga_1  0x0000000020000000        0x4 Core/Src/main.o
                0x0000000020000000                flaga_1
 .data.Dev      0x0000000020000004        0x4 Core/Src/main.o
                0x0000000020000004                Dev
 .data.prom     0x0000000020000008        0x2 Core/Src/main.o
                0x0000000020000008                prom
 *fill*         0x000000002000000a        0x2 
 .data.SystemCoreClock
                0x000000002000000c        0x4 Core/Src/system_stm32l4xx.o
                0x000000002000000c                SystemCoreClock
 .data.uwTickPrio
                0x0000000020000010        0x4 Drivers/STM32L4xx_HAL_Driver/Src/stm32l4xx_hal.o
                0x0000000020000010                uwTickPrio
 .data.uwTickFreq
                0x0000000020000014        0x1 Drivers/STM32L4xx_HAL_Driver/Src/stm32l4xx_hal.o
                0x0000000020000014                uwTickFreq
 *fill*         0x0000000020000015        0x3 
 .data.DefaultTuningSettings
                0x0000000020000018       0xf3 Drivers/VL53L0X/core/src/vl53l0x_api.o
                0x0000000020000018                DefaultTuningSettings
 *fill*         0x000000002000010b        0x1 
 .data.InterruptThresholdSettings
                0x000000002000010c      0x1b6 Drivers/VL53L0X/core/src/vl53l0x_api.o
                0x000000002000010c                InterruptThresholdSettings
 *fill*         0x00000000200002c2        0x2 
 .data.refArrayQuadrants
                0x00000000200002c4       0x10 Drivers/VL53L0X/core/src/vl53l0x_api_calibration.o
                0x00000000200002c4                refArrayQuadrants
 .data._impure_ptr
                0x00000000200002d4        0x4 c:/st/stm32cubeide_1.4.0/stm32cubeide/plugins/com.st.stm32cube.ide.mcu.externaltools.gnu-tools-for-stm32.7-2018-q2-update.win32_1.4.0.202007081208/tools/bin/../lib/gcc/arm-none-eabi/7.3.1/../../../../arm-none-eabi/lib/thumb/v7e-m/fpv4-sp/hard\libc_nano.a(lib_a-impure.o)
                0x00000000200002d4                _impure_ptr
 .data.impure_data
                0x00000000200002d8       0x60 c:/st/stm32cubeide_1.4.0/stm32cubeide/plugins/com.st.stm32cube.ide.mcu.externaltools.gnu-tools-for-stm32.7-2018-q2-update.win32_1.4.0.202007081208/tools/bin/../lib/gcc/arm-none-eabi/7.3.1/../../../../arm-none-eabi/lib/thumb/v7e-m/fpv4-sp/hard\libc_nano.a(lib_a-impure.o)
 .data.__global_locale
                0x0000000020000338      0x16c c:/st/stm32cubeide_1.4.0/stm32cubeide/plugins/com.st.stm32cube.ide.mcu.externaltools.gnu-tools-for-stm32.7-2018-q2-update.win32_1.4.0.202007081208/tools/bin/../lib/gcc/arm-none-eabi/7.3.1/../../../../arm-none-eabi/lib/thumb/v7e-m/fpv4-sp/hard\libc_nano.a(lib_a-locale.o)
                0x0000000020000338                __global_locale
                0x00000000200004a4                . = ALIGN (0x4)
                0x00000000200004a4                _edata = .

.igot.plt       0x00000000200004a4        0x0 load address 0x000000000800ce94
 .igot.plt      0x00000000200004a4        0x0 c:/st/stm32cubeide_1.4.0/stm32cubeide/plugins/com.st.stm32cube.ide.mcu.externaltools.gnu-tools-for-stm32.7-2018-q2-update.win32_1.4.0.202007081208/tools/bin/../lib/gcc/arm-none-eabi/7.3.1/thumb/v7e-m/fpv4-sp/hard/crtbegin.o
                0x00000000200004a4                . = ALIGN (0x4)

.bss            0x00000000200004a4      0x390 load address 0x000000000800ce94
                0x00000000200004a4                _sbss = .
                0x00000000200004a4                __bss_start__ = _sbss
 *(.bss)
 .bss           0x00000000200004a4       0x1c c:/st/stm32cubeide_1.4.0/stm32cubeide/plugins/com.st.stm32cube.ide.mcu.externaltools.gnu-tools-for-stm32.7-2018-q2-update.win32_1.4.0.202007081208/tools/bin/../lib/gcc/arm-none-eabi/7.3.1/thumb/v7e-m/fpv4-sp/hard/crtbegin.o
 *(.bss*)
 .bss.a         0x00000000200004c0        0x1 Core/Src/main.o
                0x00000000200004c0                a
 *fill*         0x00000000200004c1        0x1 
 .bss.pomiar    0x00000000200004c2        0x2 Core/Src/main.o
                0x00000000200004c2                pomiar
 .bss.licznik   0x00000000200004c4        0x2 Core/Src/main.o
                0x00000000200004c4                licznik
 .bss.Ppros     0x00000000200004c6        0x2 Core/Src/main.o
                0x00000000200004c6                Ppros
 .bss.xs        0x00000000200004c8        0x2 Core/Src/main.o
                0x00000000200004c8                xs
 .bss.ys        0x00000000200004ca        0x2 Core/Src/main.o
                0x00000000200004ca                ys
 .bss.zs        0x00000000200004cc        0x2 Core/Src/main.o
                0x00000000200004cc                zs
 *fill*         0x00000000200004ce        0x2 
 .bss.kat       0x00000000200004d0        0x4 Core/Src/main.o
                0x00000000200004d0                kat
 .bss.__sbrk_heap_end
                0x00000000200004d4        0x4 Core/Src/sysmem.o
 .bss.__malloc_free_list
                0x00000000200004d8        0x4 c:/st/stm32cubeide_1.4.0/stm32cubeide/plugins/com.st.stm32cube.ide.mcu.externaltools.gnu-tools-for-stm32.7-2018-q2-update.win32_1.4.0.202007081208/tools/bin/../lib/gcc/arm-none-eabi/7.3.1/../../../../arm-none-eabi/lib/thumb/v7e-m/fpv4-sp/hard\libc_nano.a(lib_a-nano-mallocr.o)
                0x00000000200004d8                __malloc_free_list
 .bss.__malloc_sbrk_start
                0x00000000200004dc        0x4 c:/st/stm32cubeide_1.4.0/stm32cubeide/plugins/com.st.stm32cube.ide.mcu.externaltools.gnu-tools-for-stm32.7-2018-q2-update.win32_1.4.0.202007081208/tools/bin/../lib/gcc/arm-none-eabi/7.3.1/../../../../arm-none-eabi/lib/thumb/v7e-m/fpv4-sp/hard\libc_nano.a(lib_a-nano-mallocr.o)
                0x00000000200004dc                __malloc_sbrk_start
 *(COMMON)