Archive member included to satisfy reference by file (symbol)

c:/st/stm32cubeide_1.4.0/stm32cubeide/plugins/com.st.stm32cube.ide.mcu.externaltools.gnu-tools-for-stm32.7-2018-q2-update.win32_1.4.0.202007081208/tools/bin/../lib/gcc/arm-none-eabi/7.3.1/../../../../arm-none-eabi/lib/thumb/v7e-m/fpv4-sp/hard\libc_nano.a(lib_a-errno.o)
                              Core/Src/syscalls.o (__errno)
c:/st/stm32cubeide_1.4.0/stm32cubeide/plugins/com.st.stm32cube.ide.mcu.externaltools.gnu-tools-for-stm32.7-2018-q2-update.win32_1.4.0.202007081208/tools/bin/../lib/gcc/arm-none-eabi/7.3.1/../../../../arm-none-eabi/lib/thumb/v7e-m/fpv4-sp/hard\libc_nano.a(lib_a-exit.o)
                              c:/st/stm32cubeide_1.4.0/stm32cubeide/plugins/com.st.stm32cube.ide.mcu.externaltools.gnu-tools-for-stm32.7-2018-q2-update.win32_1.4.0.202007081208/tools/bin/../lib/gcc/arm-none-eabi/7.3.1/../../../../arm-none-eabi/lib/thumb/v7e-m/fpv4-sp/hard/crt0.o (exit)
c:/st/stm32cubeide_1.4.0/stm32cubeide/plugins/com.st.stm32cube.ide.mcu.externaltools.gnu-tools-for-stm32.7-2018-q2-update.win32_1.4.0.202007081208/tools/bin/../lib/gcc/arm-none-eabi/7.3.1/../../../../arm-none-eabi/lib/thumb/v7e-m/fpv4-sp/hard\libc_nano.a(lib_a-impure.o)
                              c:/st/stm32cubeide_1.4.0/stm32cubeide/plugins/com.st.stm32cube.ide.mcu.externaltools.gnu-tools-for-stm32.7-2018-q2-update.win32_1.4.0.202007081208/tools/bin/../lib/gcc/arm-none-eabi/7.3.1/../../../../arm-none-eabi/lib/thumb/v7e-m/fpv4-sp/hard\libc_nano.a(lib_a-exit.o) (_global_impure_ptr)
c:/st/stm32cubeide_1.4.0/stm32cubeide/plugins/com.st.stm32cube.ide.mcu.externaltools.gnu-tools-for-stm32.7-2018-q2-update.win32_1.4.0.202007081208/tools/bin/../lib/gcc/arm-none-eabi/7.3.1/../../../../arm-none-eabi/lib/thumb/v7e-m/fpv4-sp/hard\libc_nano.a(lib_a-init.o)
                              c:/st/stm32cubeide_1.4.0/stm32cubeide/plugins/com.st.stm32cube.ide.mcu.externaltools.gnu-tools-for-stm32.7-2018-q2-update.win32_1.4.0.202007081208/tools/bin/../lib/gcc/arm-none-eabi/7.3.1/../../../../arm-none-eabi/lib/thumb/v7e-m/fpv4-sp/hard/crt0.o (__libc_init_array)
c:/st/stm32cubeide_1.4.0/stm32cubeide/plugins/com.st.stm32cube.ide.mcu.externaltools.gnu-tools-for-stm32.7-2018-q2-update.win32_1.4.0.202007081208/tools/bin/../lib/gcc/arm-none-eabi/7.3.1/../../../../arm-none-eabi/lib/thumb/v7e-m/fpv4-sp/hard\libc_nano.a(lib_a-memcpy-stub.o)
                              Drivers/VL53L0X/core/src/vl53l0x_api_calibration.o (memcpy)
c:/st/stm32cubeide_1.4.0/stm32cubeide/plugins/com.st.stm32cube.ide.mcu.externaltools.gnu-tools-for-stm32.7-2018-q2-update.win32_1.4.0.202007081208/tools/bin/../lib/gcc/arm-none-eabi/7.3.1/../../../../arm-none-eabi/lib/thumb/v7e-m/fpv4-sp/hard\libc_nano.a(lib_a-memset.o)
                              c:/st/stm32cubeide_1.4.0/stm32cubeide/plugins/com.st.stm32cube.ide.mcu.externaltools.gnu-tools-for-stm32.7-2018-q2-update.win32_1.4.0.202007081208/tools/bin/../lib/gcc/arm-none-eabi/7.3.1/../../../../arm-none-eabi/lib/thumb/v7e-m/fpv4-sp/hard/crt0.o (memset)
c:/st/stm32cubeide_1.4.0/stm32cubeide/plugins/com.st.stm32cube.ide.mcu.externaltools.gnu-tools-for-stm32.7-2018-q2-update.win32_1.4.0.202007081208/tools/bin/../lib/gcc/arm-none-eabi/7.3.1/../../../../arm-none-eabi/lib/thumb/v7e-m/fpv4-sp/hard\libc_nano.a(lib_a-printf.o)
                              Core/Src/main.o (printf)
c:/st/stm32cubeide_1.4.0/stm32cubeide/plugins/com.st.stm32cube.ide.mcu.externaltools.gnu-tools-for-stm32.7-2018-q2-update.win32_1.4.0.202007081208/tools/bin/../lib/gcc/arm-none-eabi/7.3.1/../../../../arm-none-eabi/lib/thumb/v7e-m/fpv4-sp/hard\libc_nano.a(lib_a-sscanf.o)
                              Core/Src/main.o (sscanf)
c:/st/stm32cubeide_1.4.0/stm32cubeide/plugins/com.st.stm32cube.ide.mcu.externaltools.gnu-tools-for-stm32.7-2018-q2-update.win32_1.4.0.202007081208/tools/bin/../lib/gcc/arm-none-eabi/7.3.1/../../../../arm-none-eabi/lib/thumb/v7e-m/fpv4-sp/hard\libc_nano.a(lib_a-stdio.o)
                              c:/st/stm32cubeide_1.4.0/stm32cubeide/plugins/com.st.stm32cube.ide.mcu.externaltools.gnu-tools-for-stm32.7-2018-q2-update.win32_1.4.0.202007081208/tools/bin/../lib/gcc/arm-none-eabi/7.3.1/../../../../arm-none-eabi/lib/thumb/v7e-m/fpv4-sp/hard\libc_nano.a(lib_a-sscanf.o) (__seofread)
c:/st/stm32cubeide_1.4.0/stm32cubeide/plugins/com.st.stm32cube.ide.mcu.externaltools.gnu-tools-for-stm32.7-2018-q2-update.win32_1.4.0.202007081208/tools/bin/../lib/gcc/arm-none-eabi/7.3.1/../../../../arm-none-eabi/lib/thumb/v7e-m/fpv4-sp/hard\libc_nano.a(lib_a-strcpy.o)
                              Drivers/VL53L0X/core/src/vl53l0x_api_core.o (strcpy)
c:/st/stm32cubeide_1.4.0/stm32cubeide/plugins/com.st.stm32cube.ide.mcu.externaltools.gnu-tools-for-stm32.7-2018-q2-update.win32_1.4.0.202007081208/tools/bin/../lib/gcc/arm-none-eabi/7.3.1/../../../../arm-none-eabi/lib/thumb/v7e-m/fpv4-sp/hard\libc_nano.a(lib_a-strlen.o)
                              Core/Src/main.o (strlen)
[...]
Memory Configuration

Name             Origin             Length             Attributes
RAM              0x0000000020000000 0x0000000000018000 xrw
RAM2             0x0000000010000000 0x0000000000008000 xrw
FLASH            0x0000000008000000 0x0000000000100000 xr
*default*        0x0000000000000000 0xffffffffffffffff

Linker script and memory map

LOAD c:/st/stm32cubeide_1.4.0/stm32cubeide/plugins/com.st.stm32cube.ide.mcu.externaltools.gnu-tools-for-stm32.7-2018-q2-update.win32_1.4.0.202007081208/tools/bin/../lib/gcc/arm-none-eabi/7.3.1/thumb/v7e-m/fpv4-sp/hard/crti.o
LOAD c:/st/stm32cubeide_1.4.0/stm32cubeide/plugins/com.st.stm32cube.ide.mcu.externaltools.gnu-tools-for-stm32.7-2018-q2-update.win32_1.4.0.202007081208/tools/bin/../lib/gcc/arm-none-eabi/7.3.1/thumb/v7e-m/fpv4-sp/hard/crtbegin.o
LOAD c:/st/stm32cubeide_1.4.0/stm32cubeide/plugins/com.st.stm32cube.ide.mcu.externaltools.gnu-tools-for-stm32.7-2018-q2-update.win32_1.4.0.202007081208/tools/bin/../lib/gcc/arm-none-eabi/7.3.1/../../../../arm-none-eabi/lib/thumb/v7e-m/fpv4-sp/hard/crt0.o
LOAD Core/Src/StepMotor.o
LOAD Core/Src/gpio.o
LOAD Core/Src/i2c.o
LOAD Core/Src/main.o
LOAD Core/Src/stm32l4xx_hal_msp.o
LOAD Core/Src/stm32l4xx_it.o
LOAD Core/Src/syscalls.o
LOAD Core/Src/sysmem.o
LOAD Core/Src/system_stm32l4xx.o
LOAD Core/Src/tim.o
LOAD Core/Src/usart.o
LOAD Core/Startup/startup_stm32l476rgtx.o
LOAD Drivers/STM32L4xx_HAL_Driver/Src/stm32l4xx_hal.o
LOAD Drivers/STM32L4xx_HAL_Driver/Src/stm32l4xx_hal_cortex.o
LOAD Drivers/STM32L4xx_HAL_Driver/Src/stm32l4xx_hal_dma.o
LOAD Drivers/STM32L4xx_HAL_Driver/Src/stm32l4xx_hal_dma_ex.o
LOAD Drivers/STM32L4xx_HAL_Driver/Src/stm32l4xx_hal_exti.o
LOAD Drivers/STM32L4xx_HAL_Driver/Src/stm32l4xx_hal_flash.o
LOAD Drivers/STM32L4xx_HAL_Driver/Src/stm32l4xx_hal_flash_ex.o
LOAD Drivers/STM32L4xx_HAL_Driver/Src/stm32l4xx_hal_flash_ramfunc.o
LOAD Drivers/STM32L4xx_HAL_Driver/Src/stm32l4xx_hal_gpio.o
LOAD Drivers/STM32L4xx_HAL_Driver/Src/stm32l4xx_hal_i2c.o
LOAD Drivers/STM32L4xx_HAL_Driver/Src/stm32l4xx_hal_i2c_ex.o
LOAD Drivers/STM32L4xx_HAL_Driver/Src/stm32l4xx_hal_pwr.o
LOAD Drivers/STM32L4xx_HAL_Driver/Src/stm32l4xx_hal_pwr_ex.o
LOAD Drivers/STM32L4xx_HAL_Driver/Src/stm32l4xx_hal_rcc.o
LOAD Drivers/STM32L4xx_HAL_Driver/Src/stm32l4xx_hal_rcc_ex.o
LOAD Drivers/STM32L4xx_HAL_Driver/Src/stm32l4xx_hal_tim.o
LOAD Drivers/STM32L4xx_HAL_Driver/Src/stm32l4xx_hal_tim_ex.o
LOAD Drivers/STM32L4xx_HAL_Driver/Src/stm32l4xx_hal_uart.o
LOAD Drivers/STM32L4xx_HAL_Driver/Src/stm32l4xx_hal_uart_ex.o
LOAD Drivers/VL53L0X/core/src/vl53l0x_api.o
LOAD Drivers/VL53L0X/core/src/vl53l0x_api_calibration.o
LOAD Drivers/VL53L0X/core/src/vl53l0x_api_core.o
LOAD Drivers/VL53L0X/core/src/vl53l0x_api_ranging.o
LOAD Drivers/VL53L0X/core/src/vl53l0x_api_strings.o
LOAD Drivers/VL53L0X/platform/src/vl53l0x_platform.o
LOAD Drivers/VL53L0X/platform/src/vl53l0x_platform_log.o
START GROUP
LOAD c:/st/stm32cubeide_1.4.0/stm32cubeide/plugins/com.st.stm32cube.ide.mcu.externaltools.gnu-tools-for-stm32.7-2018-q2-update.win32_1.4.0.202007081208/tools/bin/../lib/gcc/arm-none-eabi/7.3.1/../../../../arm-none-eabi/lib/thumb/v7e-m/fpv4-sp/hard\libc_nano.a
LOAD c:/st/stm32cubeide_1.4.0/stm32cubeide/plugins/com.st.stm32cube.ide.mcu.externaltools.gnu-tools-for-stm32.7-2018-q2-update.win32_1.4.0.202007081208/tools/bin/../lib/gcc/arm-none-eabi/7.3.1/../../../../arm-none-eabi/lib/thumb/v7e-m/fpv4-sp/hard\libm.a
END GROUP
START GROUP
LOAD c:/st/stm32cubeide_1.4.0/stm32cubeide/plugins/com.st.stm32cube.ide.mcu.externaltools.gnu-tools-for-stm32.7-2018-q2-update.win32_1.4.0.202007081208/tools/bin/../lib/gcc/arm-none-eabi/7.3.1/thumb/v7e-m/fpv4-sp/hard\libgcc.a
LOAD c:/st/stm32cubeide_1.4.0/stm32cubeide/plugins/com.st.stm32cube.ide.mcu.externaltools.gnu-tools-for-stm32.7-2018-q2-update.win32_1.4.0.202007081208/tools/bin/../lib/gcc/arm-none-eabi/7.3.1/../../../../arm-none-eabi/lib/thumb/v7e-m/fpv4-sp/hard\libc_nano.a
END GROUP
START GROUP
LOAD c:/st/stm32cubeide_1.4.0/stm32cubeide/plugins/com.st.stm32cube.ide.mcu.externaltools.gnu-tools-for-stm32.7-2018-q2-update.win32_1.4.0.202007081208/tools/bin/../lib/gcc/arm-none-eabi/7.3.1/thumb/v7e-m/fpv4-sp/hard\libgcc.a
LOAD c:/st/stm32cubeide_1.4.0/stm32cubeide/plugins/com.st.stm32cube.ide.mcu.externaltools.gnu-tools-for-stm32.7-2018-q2-update.win32_1.4.0.202007081208/tools/bin/../lib/gcc/arm-none-eabi/7.3.1/../../../../arm-none-eabi/lib/thumb/v7e-m/fpv4-sp/hard\libc_nano.a
LOAD c:/st/stm32cubeide_1.4.0/stm32cubeide/plugins/com.st.stm32cube.ide.mcu.externaltools.gnu-tools-for-stm32.7-2018-q2-update.win32_1.4.0.202007081208/tools/bin/../lib/gcc/arm-none-eabi/7.3.1/../../../../arm-none-eabi/lib/thumb/v7e-m/fpv4-sp/hard\libnosys.a
END GROUP
START GROUP
LOAD c:/st/stm32cubeide_1.4.0/stm32cubeide/plugins/com.st.stm32cube.ide.mcu.externaltools.gnu-tools-for-stm32.7-2018-q2-update.win32_1.4.0.202007081208/tools/bin/../lib/gcc/arm-none-eabi/7.3.1/thumb/v7e-m/fpv4-sp/hard\libgcc.a
LOAD c:/st/stm32cubeide_1.4.0/stm32cubeide/plugins/com.st.stm32cube.ide.mcu.externaltools.gnu-tools-for-stm32.7-2018-q2-update.win32_1.4.0.202007081208/tools/bin/../lib/gcc/arm-none-eabi/7.3.1/../../../../arm-none-eabi/lib/thumb/v7e-m/fpv4-sp/hard\libc_nano.a
LOAD c:/st/stm32cubeide_1.4.0/stm32cubeide/plugins/com.st.stm32cube.ide.mcu.externaltools.gnu-tools-for-stm32.7-2018-q2-update.win32_1.4.0.202007081208/tools/bin/../lib/gcc/arm-none-eabi/7.3.1/../../../../arm-none-eabi/lib/thumb/v7e-m/fpv4-sp/hard\libnosys.a
END GROUP
LOAD c:/st/stm32cubeide_1.4.0/stm32cubeide/plugins/com.st.stm32cube.ide.mcu.externaltools.gnu-tools-for-stm32.7-2018-q2-update.win32_1.4.0.202007081208/tools/bin/../lib/gcc/arm-none-eabi/7.3.1/thumb/v7e-m/fpv4-sp/hard/crtend.o
LOAD c:/st/stm32cubeide_1.4.0/stm32cubeide/plugins/com.st.stm32cube.ide.mcu.externaltools.gnu-tools-for-stm32.7-2018-q2-update.win32_1.4.0.202007081208/tools/bin/../lib/gcc/arm-none-eabi/7.3.1/thumb/v7e-m/fpv4-sp/hard/crtn.o
                0x0000000020018000                _estack = (ORIGIN (RAM) + LENGTH (RAM))
                0x0000000000000200                _Min_Heap_Size = 0x200
                0x0000000000000400                _Min_Stack_Size = 0x400

.isr_vector     0x0000000008000000      0x188
                0x0000000008000000                . = ALIGN (0x4)
 *(.isr_vector)
 .isr_vector    0x0000000008000000      0x188 Core/Startup/startup_stm32l476rgtx.o
                0x0000000008000000                g_pfnVectors
                0x0000000008000188                . = ALIGN (0x4)

.text           0x0000000008000190     0xce90
                0x0000000008000190                . = ALIGN (0x4)
 *(.text)
 .text          0x0000000008000190       0x40 c:/st/stm32cubeide_1.4.0/stm32cubeide/plugins/com.st.stm32cube.ide.mcu.externaltools.gnu-tools-for-stm32.7-2018-q2-update.win32_1.4.0.202007081208/tools/bin/../lib/gcc/arm-none-eabi/7.3.1/thumb/v7e-m/fpv4-sp/hard/crtbegin.o
 .text          0x00000000080001d0       0x10 c:/st/stm32cubeide_1.4.0/stm32cubeide/plugins/com.st.stm32cube.ide.mcu.externaltools.gnu-tools-for-stm32.7-2018-q2-update.win32_1.4.0.202007081208/tools/bin/../lib/gcc/arm-none-eabi/7.3.1/../../../../arm-none-eabi/lib/thumb/v7e-m/fpv4-sp/hard\libc_nano.a(lib_a-strlen.o)
                0x00000000080001d0                strlen
 .text          0x00000000080001e0       0xa0 c:/st/stm32cubeide_1.4.0/stm32cubeide/plugins/com.st.stm32cube.ide.mcu.externaltools.gnu-tools-for-stm32.7-2018-q2-update.win32_1.4.0.202007081208/tools/bin/../lib/gcc/arm-none-eabi/7.3.1/../../../../arm-none-eabi/lib/thumb/v7e-m/fpv4-sp/hard\libc_nano.a(lib_a-memchr.o)
                0x00000000080001e0                memchr
 .text          0x0000000008000280      0x378 c:/st/stm32cubeide_1.4.0/stm32cubeide/plugins/com.st.stm32cube.ide.mcu.externaltools.gnu-tools-for-stm32.7-2018-q2-update.win32_1.4.0.202007081208/tools/bin/../lib/gcc/arm-none-eabi/7.3.1/thumb/v7e-m/fpv4-sp/hard\libgcc.a(_arm_addsubdf3.o)
                0x0000000008000280                __aeabi_drsub
                0x0000000008000288                __aeabi_dsub
                0x0000000008000288                __subdf3
                0x000000000800028c                __aeabi_dadd
                0x000000000800028c                __adddf3
                0x0000000008000504                __floatunsidf
                0x0000000008000504                __aeabi_ui2d
                0x0000000008000524                __floatsidf
                0x0000000008000524                __aeabi_i2d
                0x0000000008000548                __aeabi_f2d
                0x0000000008000548                __extendsfdf2
                0x000000000800058c                __floatundidf
                0x000000000800058c                __aeabi_ul2d
                0x000000000800059c                __floatdidf
                0x000000000800059c                __aeabi_l2d
 .text          0x00000000080005f8      0x424 c:/st/stm32cubeide_1.4.0/stm32cubeide/plugins/com.st.stm32cube.ide.mcu.externaltools.gnu-tools-for-stm32.7-2018-q2-update.win32_1.4.0.202007081208/tools/bin/../lib/gcc/arm-none-eabi/7.3.1/thumb/v7e-m/fpv4-sp/hard\libgcc.a(_arm_muldivdf3.o)
                0x00000000080005f8                __aeabi_dmul
                0x00000000080005f8                __muldf3
                0x000000000800084c                __divdf3
                0x000000000800084c                __aeabi_ddiv
 .text          0x0000000008000a1c       0xa0 c:/st/stm32cubeide_1.4.0/stm32cubeide/plugins/com.st.stm32cube.ide.mcu.externaltools.gnu-tools-for-stm32.7-2018-q2-update.win32_1.4.0.202007081208/tools/bin/../lib/gcc/arm-none-eabi/7.3.1/thumb/v7e-m/fpv4-sp/hard\libgcc.a(_arm_truncdfsf2.o)
                0x0000000008000a1c                __truncdfsf2
                0x0000000008000a1c                __aeabi_d2f
 .text          0x0000000008000abc       0x30 c:/st/stm32cubeide_1.4.0/stm32cubeide/plugins/com.st.stm32cube.ide.mcu.externaltools.gnu-tools-for-stm32.7-2018-q2-update.win32_1.4.0.202007081208/tools/bin/../lib/gcc/arm-none-eabi/7.3.1/thumb/v7e-m/fpv4-sp/hard\libgcc.a(_aeabi_uldivmod.o)
                0x0000000008000abc                __aeabi_uldivmod
 .text          0x0000000008000aec      0x2cc c:/st/stm32cubeide_1.4.0/stm32cubeide/plugins/com.st.stm32cube.ide.mcu.externaltools.gnu-tools-for-stm32.7-2018-q2-update.win32_1.4.0.202007081208/tools/bin/../lib/gcc/arm-none-eabi/7.3.1/thumb/v7e-m/fpv4-sp/hard\libgcc.a(_udivmoddi4.o)
                0x0000000008000aec                __udivmoddi4
 .text          0x0000000008000db8        0x4 c:/st/stm32cubeide_1.4.0/stm32cubeide/plugins/com.st.stm32cube.ide.mcu.externaltools.gnu-tools-for-stm32.7-2018-q2-update.win32_1.4.0.202007081208/tools/bin/../lib/gcc/arm-none-eabi/7.3.1/thumb/v7e-m/fpv4-sp/hard\libgcc.a(_dvmd_tls.o)
                0x0000000008000db8                __aeabi_idiv0
                0x0000000008000db8                __aeabi_ldiv0
 *(.text*)
 .text.HAL_TIM_PeriodElapsedCallback
                0x0000000008000dbc       0x34 Core/Src/StepMotor.o
                0x0000000008000dbc                HAL_TIM_PeriodElapsedCallback
 .text.half_step_motor_left
                0x0000000008000df0      0x1ec Core/Src/StepMotor.o
                0x0000000008000df0                half_step_motor_left
 .text.half_step_motor_right
                0x0000000008000fdc      0x1e8 Core/Src/StepMotor.o
                0x0000000008000fdc                half_step_motor_right
 .text.MX_GPIO_Init
                0x00000000080011c4       0xfc Core/Src/gpio.o
                0x00000000080011c4                MX_GPIO_Init
 .text.MX_I2C1_Init
                0x00000000080012c0       0x80 Core/Src/i2c.o
                0x00000000080012c0                MX_I2C1_Init
 .text.HAL_I2C_MspInit
                0x0000000008001340       0x88 Core/Src/i2c.o
                0x0000000008001340                HAL_I2C_MspInit
 .text.main     0x00000000080013c8      0x2f0 Core/Src/main.o
                0x00000000080013c8                main
 .text.SystemClock_Config
                0x00000000080016b8       0xee Core/Src/main.o
                0x00000000080016b8                SystemClock_Config
 *fill*         0x00000000080017a6        0x2 
 .text.kalibruj
                0x00000000080017a8       0x58 Core/Src/main.o
                0x00000000080017a8                kalibruj
 .text._write   0x0000000008001800       0x34 Core/Src/main.o
                0x0000000008001800                _write
 .text.send     0x0000000008001834       0x38 Core/Src/main.o
                0x0000000008001834                send
 .text.resetuj  0x000000000800186c       0x42 Core/Src/main.o
                0x000000000800186c                resetuj
 *fill*         0x00000000080018ae        0x2 
 .text.HAL_UART_RxCpltCallback
                0x00000000080018b0       0xe8 Core/Src/main.o
                0x00000000080018b0                HAL_UART_RxCpltCallback
 .text.Error_Handler
                0x0000000008001998        0xe Core/Src/main.o
                0x0000000008001998                Error_Handler
 *fill*         0x00000000080019a6        0x2 
 .text.HAL_MspInit
                0x00000000080019a8       0x48 Core/Src/stm32l4xx_hal_msp.o
                0x00000000080019a8                HAL_MspInit
 .text.NMI_Handler
                0x00000000080019f0        0xe Core/Src/stm32l4xx_it.o
                0x00000000080019f0                NMI_Handler
 .text.HardFault_Handler
                0x00000000080019fe        0x6 Core/Src/stm32l4xx_it.o
                0x00000000080019fe                HardFault_Handler
 .text.MemManage_Handler
                0x0000000008001a04        0x6 Core/Src/stm32l4xx_it.o
                0x0000000008001a04                MemManage_Handler
 .text.BusFault_Handler
                0x0000000008001a0a        0x6 Core/Src/stm32l4xx_it.o
                0x0000000008001a0a                BusFault_Handler
 .text.UsageFault_Handler
                0x0000000008001a10        0x6 Core/Src/stm32l4xx_it.o
                0x0000000008001a10                UsageFault_Handler
 .text.SVC_Handler
                0x0000000008001a16        0xe Core/Src/stm32l4xx_it.o
                0x0000000008001a16                SVC_Handler
 .text.DebugMon_Handler
                0x0000000008001a24        0xe Core/Src/stm32l4xx_it.o
                0x0000000008001a24                DebugMon_Handler
 .text.PendSV_Handler
                0x0000000008001a32        0xe Core/Src/stm32l4xx_it.o
                0x0000000008001a32                PendSV_Handler
 .text.SysTick_Handler
                0x0000000008001a40        0xc Core/Src/stm32l4xx_it.o
                0x0000000008001a40                SysTick_Handler
 .text.USART2_IRQHandler
                0x0000000008001a4c       0x20 Core/Src/stm32l4xx_it.o
                0x0000000008001a4c                USART2_IRQHandler
 .text.TIM6_DAC_IRQHandler
                0x0000000008001a6c       0x14 Core/Src/stm32l4xx_it.o
                0x0000000008001a6c                TIM6_DAC_IRQHandler
 .text._read    0x0000000008001a80       0x3a Core/Src/syscalls.o
                0x0000000008001a80                _read
 .text._close   0x0000000008001aba       0x18 Core/Src/syscalls.o
                0x0000000008001aba                _close
 .text._fstat   0x0000000008001ad2       0x20 Core/Src/syscalls.o
                0x0000000008001ad2                _fstat
 .text._isatty  0x0000000008001af2       0x16 Core/Src/syscalls.o
                0x0000000008001af2                _isatty
 .text._lseek   0x0000000008001b08       0x1a Core/Src/syscalls.o
                0x0000000008001b08                _lseek
 *fill*         0x0000000008001b22        0x2 
 .text._sbrk    0x0000000008001b24       0x6c Core/Src/sysmem.o
                0x0000000008001b24                _sbrk
 .text.SystemInit
                0x0000000008001b90       0x6c Core/Src/system_stm32l4xx.o
                0x0000000008001b90                SystemInit
 .text.MX_TIM6_Init
                0x0000000008001bfc       0x6c Core/Src/tim.o
                0x0000000008001bfc                MX_TIM6_Init
 .text.HAL_TIM_Base_MspInit
                0x0000000008001c68       0x4c Core/Src/tim.o
                0x0000000008001c68                HAL_TIM_Base_MspInit
 .text.MX_USART2_UART_Init
                0x0000000008001cb4       0x60 Core/Src/usart.o
                0x0000000008001cb4                MX_USART2_UART_Init
 .text.HAL_UART_MspInit
                0x0000000008001d14       0x94 Core/Src/usart.o
                0x0000000008001d14                HAL_UART_MspInit
 .text.Reset_Handler
                0x0000000008001da8       0x50 Core/Startup/startup_stm32l476rgtx.o
                0x0000000008001da8                Reset_Handler
 .text.Default_Handler
                0x0000000008001df8        0x2 Core/Startup/startup_stm32l476rgtx.o
                0x0000000008001df8                RTC_Alarm_IRQHandler
                0x0000000008001df8                EXTI2_IRQHandler
                0x0000000008001df8                TIM8_TRG_COM_IRQHandler
                0x0000000008001df8                TIM8_CC_IRQHandler
                0x0000000008001df8                TIM1_CC_IRQHandler
                0x0000000008001df8                TSC_IRQHandler
                0x0000000008001df8                TAMP_STAMP_IRQHandler
                0x0000000008001df8                EXTI3_IRQHandler
                0x0000000008001df8                LPTIM2_IRQHandler
                0x0000000008001df8                DFSDM1_FLT1_IRQHandler
                0x0000000008001df8                I2C3_ER_IRQHandler
                0x0000000008001df8                DFSDM1_FLT2_IRQHandler
                0x0000000008001df8                EXTI0_IRQHandler
                0x0000000008001df8                I2C2_EV_IRQHandler
                0x0000000008001df8                CAN1_RX0_IRQHandler
                0x0000000008001df8                FPU_IRQHandler
                0x0000000008001df8                TIM1_UP_TIM16_IRQHandler
                0x0000000008001df8                ADC1_2_IRQHandler
                0x0000000008001df8                SPI1_IRQHandler
                0x0000000008001df8                TIM8_UP_IRQHandler
                0x0000000008001df8                DMA2_Channel2_IRQHandler
                0x0000000008001df8                DMA1_Channel4_IRQHandler
                0x0000000008001df8                SAI2_IRQHandler
                0x0000000008001df8                DFSDM1_FLT3_IRQHandler
                0x0000000008001df8                USART3_IRQHandler
                0x0000000008001df8                DMA1_Channel7_IRQHandler
                0x0000000008001df8                CAN1_RX1_IRQHandler
                0x0000000008001df8                LCD_IRQHandler
                0x0000000008001df8                UART5_IRQHandler
                0x0000000008001df8                ADC3_IRQHandler
                0x0000000008001df8                TIM4_IRQHandler
                0x0000000008001df8                DMA2_Channel1_IRQHandler
                0x0000000008001df8                QUADSPI_IRQHandler
                0x0000000008001df8                I2C1_EV_IRQHandler
                0x0000000008001df8                DMA1_Channel6_IRQHandler
                0x0000000008001df8                UART4_IRQHandler
                0x0000000008001df8                DMA2_Channel4_IRQHandler
                0x0000000008001df8                TIM3_IRQHandler
                0x0000000008001df8                RCC_IRQHandler
                0x0000000008001df8                DMA1_Channel1_IRQHandler
                0x0000000008001df8                Default_Handler
                0x0000000008001df8                DMA2_Channel7_IRQHandler
                0x0000000008001df8                EXTI15_10_IRQHandler
                0x0000000008001df8                TIM7_IRQHandler
                0x0000000008001df8                SDMMC1_IRQHandler
                0x0000000008001df8                TIM5_IRQHandler
                0x0000000008001df8                I2C3_EV_IRQHandler
                0x0000000008001df8                EXTI9_5_IRQHandler
                0x0000000008001df8                RTC_WKUP_IRQHandler
                0x0000000008001df8                PVD_PVM_IRQHandler
                0x0000000008001df8                SPI2_IRQHandler
                0x0000000008001df8                CAN1_TX_IRQHandler
                0x0000000008001df8                DMA2_Channel5_IRQHandler
                0x0000000008001df8                DMA1_Channel5_IRQHandler
                0x0000000008001df8                EXTI4_IRQHandler
                0x0000000008001df8                RNG_IRQHandler
                0x0000000008001df8                TIM1_TRG_COM_TIM17_IRQHandler
                0x0000000008001df8                DMA1_Channel3_IRQHandler
                0x0000000008001df8                COMP_IRQHandler
                0x0000000008001df8                WWDG_IRQHandler
                0x0000000008001df8                LPUART1_IRQHandler
                0x0000000008001df8                DMA2_Channel6_IRQHandler
                0x0000000008001df8                TIM2_IRQHandler
                0x0000000008001df8                EXTI1_IRQHandler
                0x0000000008001df8                DFSDM1_FLT0_IRQHandler
                0x0000000008001df8                I2C2_ER_IRQHandler
                0x0000000008001df8                DMA1_Channel2_IRQHandler
                0x0000000008001df8                TIM8_BRK_IRQHandler
                0x0000000008001df8                CAN1_SCE_IRQHandler
                0x0000000008001df8                FLASH_IRQHandler
                0x0000000008001df8                USART1_IRQHandler
                0x0000000008001df8                OTG_FS_IRQHandler
                0x0000000008001df8                SPI3_IRQHandler
                0x0000000008001df8                I2C1_ER_IRQHandler
                0x0000000008001df8                FMC_IRQHandler
                0x0000000008001df8                SWPMI1_IRQHandler
                0x0000000008001df8                LPTIM1_IRQHandler
                0x0000000008001df8                SAI1_IRQHandler
                0x0000000008001df8                DMA2_Channel3_IRQHandler
                0x0000000008001df8                TIM1_BRK_TIM15_IRQHandler
 *fill*         0x0000000008001dfa        0x2 
 .text.HAL_Init
                0x0000000008001dfc       0x40 Drivers/STM32L4xx_HAL_Driver/Src/stm32l4xx_hal.o
                0x0000000008001dfc                HAL_Init
 .text.HAL_InitTick
                0x0000000008001e3c       0x78 Drivers/STM32L4xx_HAL_Driver/Src/stm32l4xx_hal.o
                0x0000000008001e3c                HAL_InitTick
 .text.HAL_IncTick
                0x0000000008001eb4       0x28 Drivers/STM32L4xx_HAL_Driver/Src/stm32l4xx_hal.o
                0x0000000008001eb4                HAL_IncTick
 .text.HAL_GetTick
                0x0000000008001edc       0x18 Drivers/STM32L4xx_HAL_Driver/Src/stm32l4xx_hal.o
                0x0000000008001edc                HAL_GetTick
 .text.HAL_Delay
                0x0000000008001ef4       0x44 Drivers/STM32L4xx_HAL_Driver/Src/stm32l4xx_hal.o
                0x0000000008001ef4                HAL_Delay
 .text.__NVIC_SetPriorityGrouping
                0x0000000008001f38       0x48 Drivers/STM32L4xx_HAL_Driver/Src/stm32l4xx_hal_cortex.o
 .text.__NVIC_GetPriorityGrouping
                0x0000000008001f80       0x1c Drivers/STM32L4xx_HAL_Driver/Src/stm32l4xx_hal_cortex.o
 .text.__NVIC_EnableIRQ
                0x0000000008001f9c       0x3c Drivers/STM32L4xx_HAL_Driver/Src/stm32l4xx_hal_cortex.o
 .text.__NVIC_SetPriority
                0x0000000008001fd8       0x54 Drivers/STM32L4xx_HAL_Driver/Src/stm32l4xx_hal_cortex.o
 .text.NVIC_EncodePriority
                0x000000000800202c       0x66 Drivers/STM32L4xx_HAL_Driver/Src/stm32l4xx_hal_cortex.o
 *fill*         0x0000000008002092        0x2 
 .text.SysTick_Config
                0x0000000008002094       0x44 Drivers/STM32L4xx_HAL_Driver/Src/stm32l4xx_hal_cortex.o
 .text.HAL_NVIC_SetPriorityGrouping
                0x00000000080020d8       0x16 Drivers/STM32L4xx_HAL_Driver/Src/stm32l4xx_hal_cortex.o
                0x00000000080020d8                HAL_NVIC_SetPriorityGrouping
 .text.HAL_NVIC_SetPriority
                0x00000000080020ee       0x38 Drivers/STM32L4xx_HAL_Driver/Src/stm32l4xx_hal_cortex.o
                0x00000000080020ee                HAL_NVIC_SetPriority
 .text.HAL_NVIC_EnableIRQ
                0x0000000008002126       0x1c Drivers/STM32L4xx_HAL_Driver/Src/stm32l4xx_hal_cortex.o
                0x0000000008002126                HAL_NVIC_EnableIRQ
 .text.HAL_SYSTICK_Config
                0x0000000008002142       0x18 Drivers/STM32L4xx_HAL_Driver/Src/stm32l4xx_hal_cortex.o
                0x0000000008002142                HAL_SYSTICK_Config
 .text.HAL_DMA_Abort_IT
                0x000000000800215a       0x82 Drivers/STM32L4xx_HAL_Driver/Src/stm32l4xx_hal_dma.o
                0x000000000800215a                HAL_DMA_Abort_IT
 .text.HAL_GPIO_Init
                0x00000000080021dc      0x350 Drivers/STM32L4xx_HAL_Driver/Src/stm32l4xx_hal_gpio.o
                0x00000000080021dc                HAL_GPIO_Init
 .text.HAL_GPIO_ReadPin
                0x000000000800252c       0x30 Drivers/STM32L4xx_HAL_Driver/Src/stm32l4xx_hal_gpio.o
                0x000000000800252c                HAL_GPIO_ReadPin
 .text.HAL_GPIO_WritePin
                0x000000000800255c       0x30 Drivers/STM32L4xx_HAL_Driver/Src/stm32l4xx_hal_gpio.o
                0x000000000800255c                HAL_GPIO_WritePin
 .text.HAL_I2C_Init
                0x000000000800258c      0x11e Drivers/STM32L4xx_HAL_Driver/Src/stm32l4xx_hal_i2c.o
                0x000000000800258c                HAL_I2C_Init
 *fill*         0x00000000080026aa        0x2 
 .text.HAL_I2C_Master_Transmit
                0x00000000080026ac      0x1e8 Drivers/STM32L4xx_HAL_Driver/Src/stm32l4xx_hal_i2c.o
                0x00000000080026ac                HAL_I2C_Master_Transmit
 .text.HAL_I2C_Master_Receive
                0x0000000008002894      0x1ec Drivers/STM32L4xx_HAL_Driver/Src/stm32l4xx_hal_i2c.o
                0x0000000008002894                HAL_I2C_Master_Receive
 .text.I2C_Flush_TXDR
                0x0000000008002a80       0x48 Drivers/STM32L4xx_HAL_Driver/Src/stm32l4xx_hal_i2c.o
 .text.I2C_WaitOnFlagUntilTimeout
                0x0000000008002ac8       0x80 Drivers/STM32L4xx_HAL_Driver/Src/stm32l4xx_hal_i2c.o
 .text.I2C_WaitOnTXISFlagUntilTimeout
                0x0000000008002b48       0x80 Drivers/STM32L4xx_HAL_Driver/Src/stm32l4xx_hal_i2c.o
 .text.I2C_WaitOnSTOPFlagUntilTimeout
                0x0000000008002bc8       0x78 Drivers/STM32L4xx_HAL_Driver/Src/stm32l4xx_hal_i2c.o
 .text.I2C_WaitOnRXNEFlagUntilTimeout
                0x0000000008002c40       0xd8 Drivers/STM32L4xx_HAL_Driver/Src/stm32l4xx_hal_i2c.o
 .text.I2C_IsAcknowledgeFailed
                0x0000000008002d18       0xcc Drivers/STM32L4xx_HAL_Driver/Src/stm32l4xx_hal_i2c.o
 .text.I2C_TransferConfig
                0x0000000008002de4       0x5c Drivers/STM32L4xx_HAL_Driver/Src/stm32l4xx_hal_i2c.o
 .text.HAL_I2CEx_ConfigAnalogFilter
                0x0000000008002e40       0x96 Drivers/STM32L4xx_HAL_Driver/Src/stm32l4xx_hal_i2c_ex.o
                0x0000000008002e40                HAL_I2CEx_ConfigAnalogFilter
 .text.HAL_I2CEx_ConfigDigitalFilter
                0x0000000008002ed6       0x98 Drivers/STM32L4xx_HAL_Driver/Src/stm32l4xx_hal_i2c_ex.o
                0x0000000008002ed6                HAL_I2CEx_ConfigDigitalFilter
 *fill*         0x0000000008002f6e        0x2 
 .text.HAL_PWREx_GetVoltageRange
                0x0000000008002f70       0x1c Drivers/STM32L4xx_HAL_Driver/Src/stm32l4xx_hal_pwr_ex.o
                0x0000000008002f70                HAL_PWREx_GetVoltageRange
 .text.HAL_PWREx_ControlVoltageScaling
                0x0000000008002f8c       0xac Drivers/STM32L4xx_HAL_Driver/Src/stm32l4xx_hal_pwr_ex.o
                0x0000000008002f8c                HAL_PWREx_ControlVoltageScaling
 .text.HAL_RCC_OscConfig
                0x0000000008003038      0x7cc Drivers/STM32L4xx_HAL_Driver/Src/stm32l4xx_hal_rcc.o
                0x0000000008003038                HAL_RCC_OscConfig
 .text.HAL_RCC_ClockConfig
                0x0000000008003804      0x1c4 Drivers/STM32L4xx_HAL_Driver/Src/stm32l4xx_hal_rcc.o
                0x0000000008003804                HAL_RCC_ClockConfig
 .text.HAL_RCC_GetSysClockFreq
                0x00000000080039c8      0x114 Drivers/STM32L4xx_HAL_Driver/Src/stm32l4xx_hal_rcc.o
                0x00000000080039c8                HAL_RCC_GetSysClockFreq
 .text.HAL_RCC_GetHCLKFreq
                0x0000000008003adc       0x18 Drivers/STM32L4xx_HAL_Driver/Src/stm32l4xx_hal_rcc.o
                0x0000000008003adc                HAL_RCC_GetHCLKFreq
 .text.HAL_RCC_GetPCLK1Freq
                0x0000000008003af4       0x2c Drivers/STM32L4xx_HAL_Driver/Src/stm32l4xx_hal_rcc.o
                0x0000000008003af4                HAL_RCC_GetPCLK1Freq
 .text.HAL_RCC_GetPCLK2Freq
                0x0000000008003b20       0x2c Drivers/STM32L4xx_HAL_Driver/Src/stm32l4xx_hal_rcc.o
                0x0000000008003b20                HAL_RCC_GetPCLK2Freq
 .text.RCC_SetFlashLatencyFromMSIRange
                0x0000000008003b4c       0xc0 Drivers/STM32L4xx_HAL_Driver/Src/stm32l4xx_hal_rcc.o
 .text.HAL_RCCEx_PeriphCLKConfig
                0x0000000008003c0c      0x5cc Drivers/STM32L4xx_HAL_Driver/Src/stm32l4xx_hal_rcc_ex.o
                0x0000000008003c0c                HAL_RCCEx_PeriphCLKConfig
 .text.RCCEx_PLLSAI1_Config
                0x00000000080041d8      0x1e0 Drivers/STM32L4xx_HAL_Driver/Src/stm32l4xx_hal_rcc_ex.o
 .text.RCCEx_PLLSAI2_Config
                0x00000000080043b8      0x1b4 Drivers/STM32L4xx_HAL_Driver/Src/stm32l4xx_hal_rcc_ex.o
 .text.HAL_TIM_Base_Init
                0x000000000800456c       0xae Drivers/STM32L4xx_HAL_Driver/Src/stm32l4xx_hal_tim.o
                0x000000000800456c                HAL_TIM_Base_Init
 *fill*         0x000000000800461a        0x2 
 .text.HAL_TIM_Base_Start_IT
                0x000000000800461c       0xe0 Drivers/STM32L4xx_HAL_Driver/Src/stm32l4xx_hal_tim.o
                0x000000000800461c                HAL_TIM_Base_Start_IT
 .text.HAL_TIM_Base_Stop_IT
                0x00000000080046fc       0x5e Drivers/STM32L4xx_HAL_Driver/Src/stm32l4xx_hal_tim.o
                0x00000000080046fc                HAL_TIM_Base_Stop_IT
 .text.HAL_TIM_IRQHandler
                0x000000000800475a      0x23e Drivers/STM32L4xx_HAL_Driver/Src/stm32l4xx_hal_tim.o
                0x000000000800475a                HAL_TIM_IRQHandler
 .text.HAL_TIM_OC_DelayElapsedCallback
                0x0000000008004998       0x14 Drivers/STM32L4xx_HAL_Driver/Src/stm32l4xx_hal_tim.o
                0x0000000008004998                HAL_TIM_OC_DelayElapsedCallback
 .text.HAL_TIM_IC_CaptureCallback
                0x00000000080049ac       0x14 Drivers/STM32L4xx_HAL_Driver/Src/stm32l4xx_hal_tim.o
                0x00000000080049ac                HAL_TIM_IC_CaptureCallback
 .text.HAL_TIM_PWM_PulseFinishedCallback
                0x00000000080049c0       0x14 Drivers/STM32L4xx_HAL_Driver/Src/stm32l4xx_hal_tim.o
                0x00000000080049c0                HAL_TIM_PWM_PulseFinishedCallback
 .text.HAL_TIM_TriggerCallback
                0x00000000080049d4       0x14 Drivers/STM32L4xx_HAL_Driver/Src/stm32l4xx_hal_tim.o
                0x00000000080049d4                HAL_TIM_TriggerCallback
 .text.TIM_Base_SetConfig
                0x00000000080049e8      0x134 Drivers/STM32L4xx_HAL_Driver/Src/stm32l4xx_hal_tim.o
                0x00000000080049e8                TIM_Base_SetConfig
 .text.HAL_TIMEx_MasterConfigSynchronization
                0x0000000008004b1c      0x110 Drivers/STM32L4xx_HAL_Driver/Src/stm32l4xx_hal_tim_ex.o
                0x0000000008004b1c                HAL_TIMEx_MasterConfigSynchronization
 .text.HAL_TIMEx_CommutCallback
                0x0000000008004c2c       0x14 Drivers/STM32L4xx_HAL_Driver/Src/stm32l4xx_hal_tim_ex.o
                0x0000000008004c2c                HAL_TIMEx_CommutCallback
 .text.HAL_TIMEx_BreakCallback
                0x0000000008004c40       0x14 Drivers/STM32L4xx_HAL_Driver/Src/stm32l4xx_hal_tim_ex.o
                0x0000000008004c40                HAL_TIMEx_BreakCallback
 .text.HAL_TIMEx_Break2Callback
                0x0000000008004c54       0x14 Drivers/STM32L4xx_HAL_Driver/Src/stm32l4xx_hal_tim_ex.o
                0x0000000008004c54                HAL_TIMEx_Break2Callback
 .text.HAL_UART_Init
                0x0000000008004c68       0x9c Drivers/STM32L4xx_HAL_Driver/Src/stm32l4xx_hal_uart.o
                0x0000000008004c68                HAL_UART_Init
 .text.HAL_UART_Transmit
                0x0000000008004d04      0x126 Drivers/STM32L4xx_HAL_Driver/Src/stm32l4xx_hal_uart.o
                0x0000000008004d04                HAL_UART_Transmit
 *fill*         0x0000000008004e2a        0x2 
 .text.HAL_UART_Receive_IT
                0x0000000008004e2c      0x144 Drivers/STM32L4xx_HAL_Driver/Src/stm32l4xx_hal_uart.o
                0x0000000008004e2c                HAL_UART_Receive_IT
 .text.HAL_UART_IRQHandler
                0x0000000008004f70      0x290 Drivers/STM32L4xx_HAL_Driver/Src/stm32l4xx_hal_uart.o
                0x0000000008004f70                HAL_UART_IRQHandler
 .text.HAL_UART_TxCpltCallback
                0x0000000008005200       0x14 Drivers/STM32L4xx_HAL_Driver/Src/stm32l4xx_hal_uart.o
                0x0000000008005200                HAL_UART_TxCpltCallback
 .text.HAL_UART_ErrorCallback
                0x0000000008005214       0x14 Drivers/STM32L4xx_HAL_Driver/Src/stm32l4xx_hal_uart.o
                0x0000000008005214                HAL_UART_ErrorCallback
 .text.UART_SetConfig
                0x0000000008005228      0x514 Drivers/STM32L4xx_HAL_Driver/Src/stm32l4xx_hal_uart.o
                0x0000000008005228                UART_SetConfig
 .text.UART_AdvFeatureConfig
                0x000000000800573c      0x144 Drivers/STM32L4xx_HAL_Driver/Src/stm32l4xx_hal_uart.o
                0x000000000800573c                UART_AdvFeatureConfig
 .text.UART_CheckIdleState
                0x0000000008005880       0x8a Drivers/STM32L4xx_HAL_Driver/Src/stm32l4xx_hal_uart.o
                0x0000000008005880                UART_CheckIdleState
 .text.UART_WaitOnFlagUntilTimeout
                0x000000000800590a       0xf6 Drivers/STM32L4xx_HAL_Driver/Src/stm32l4xx_hal_uart.o
                0x000000000800590a                UART_WaitOnFlagUntilTimeout
 .text.UART_EndRxTransfer
                0x0000000008005a00       0x40 Drivers/STM32L4xx_HAL_Driver/Src/stm32l4xx_hal_uart.o
 .text.UART_DMAAbortOnError
                0x0000000008005a40       0x2c Drivers/STM32L4xx_HAL_Driver/Src/stm32l4xx_hal_uart.o
 .text.UART_EndTransmit_IT
                0x0000000008005a6c       0x32 Drivers/STM32L4xx_HAL_Driver/Src/stm32l4xx_hal_uart.o
 .text.UART_RxISR_8BIT
                0x0000000008005a9e       0xaa Drivers/STM32L4xx_HAL_Driver/Src/stm32l4xx_hal_uart.o
 .text.UART_RxISR_16BIT
                0x0000000008005b48       0xaa Drivers/STM32L4xx_HAL_Driver/Src/stm32l4xx_hal_uart.o
 .text.HAL_UARTEx_WakeupCallback
                0x0000000008005bf2       0x14 Drivers/STM32L4xx_HAL_Driver/Src/stm32l4xx_hal_uart_ex.o
                0x0000000008005bf2                HAL_UARTEx_WakeupCallback
 .text.VL53L0X_GetOffsetCalibrationDataMicroMeter
                0x0000000008005c06       0x26 Drivers/VL53L0X/core/src/vl53l0x_api.o
                0x0000000008005c06                VL53L0X_GetOffsetCalibrationDataMicroMeter
 .text.VL53L0X_DataInit
                0x0000000008005c2c      0x2c8 Drivers/VL53L0X/core/src/vl53l0x_api.o
                0x0000000008005c2c                VL53L0X_DataInit
 .text.VL53L0X_StaticInit
                0x0000000008005ef4      0x304 Drivers/VL53L0X/core/src/vl53l0x_api.o
                0x0000000008005ef4                VL53L0X_StaticInit
 .text.VL53L0X_WaitDeviceBooted
                0x00000000080061f8       0x1c Drivers/VL53L0X/core/src/vl53l0x_api.o
                0x00000000080061f8                VL53L0X_WaitDeviceBooted
 .text.VL53L0X_GetDeviceParameters
                0x0000000008006214      0x120 Drivers/VL53L0X/core/src/vl53l0x_api.o
                0x0000000008006214                VL53L0X_GetDeviceParameters
 .text.VL53L0X_SetDeviceMode
                0x0000000008006334       0x90 Drivers/VL53L0X/core/src/vl53l0x_api.o
                0x0000000008006334                VL53L0X_SetDeviceMode
 .text.VL53L0X_GetDeviceMode
                0x00000000080063c4       0x26 Drivers/VL53L0X/core/src/vl53l0x_api.o
                0x00000000080063c4                VL53L0X_GetDeviceMode
 .text.VL53L0X_GetFractionEnable
                0x00000000080063ea       0x3e Drivers/VL53L0X/core/src/vl53l0x_api.o
                0x00000000080063ea                VL53L0X_GetFractionEnable
 .text.VL53L0X_SetMeasurementTimingBudgetMicroSeconds
                0x0000000008006428       0x26 Drivers/VL53L0X/core/src/vl53l0x_api.o
                0x0000000008006428                VL53L0X_SetMeasurementTimingBudgetMicroSeconds
 .text.VL53L0X_GetMeasurementTimingBudgetMicroSeconds
                0x000000000800644e       0x26 Drivers/VL53L0X/core/src/vl53l0x_api.o
                0x000000000800644e                VL53L0X_GetMeasurementTimingBudgetMicroSeconds
 .text.VL53L0X_SetVcselPulsePeriod
                0x0000000008006474       0x30 Drivers/VL53L0X/core/src/vl53l0x_api.o
                0x0000000008006474                VL53L0X_SetVcselPulsePeriod
 .text.VL53L0X_GetVcselPulsePeriod
                0x00000000080064a4       0x2e Drivers/VL53L0X/core/src/vl53l0x_api.o
                0x00000000080064a4                VL53L0X_GetVcselPulsePeriod
 *fill*         0x00000000080064d2        0x2 
 .text.VL53L0X_SetSequenceStepEnable
                0x00000000080064d4      0x144 Drivers/VL53L0X/core/src/vl53l0x_api.o
                0x00000000080064d4                VL53L0X_SetSequenceStepEnable
 .text.sequence_step_enabled
                0x0000000008006618       0xa4 Drivers/VL53L0X/core/src/vl53l0x_api.o
                0x0000000008006618                sequence_step_enabled
 .text.VL53L0X_GetSequenceStepEnables
                0x00000000080066bc       0xb0 Drivers/VL53L0X/core/src/vl53l0x_api.o
                0x00000000080066bc                VL53L0X_GetSequenceStepEnables
 .text.VL53L0X_GetInterMeasurementPeriodMilliSeconds
                0x000000000800676c       0x68 Drivers/VL53L0X/core/src/vl53l0x_api.o
                0x000000000800676c                VL53L0X_GetInterMeasurementPeriodMilliSeconds
 .text.VL53L0X_GetXTalkCompensationEnable
                0x00000000080067d4       0x2a Drivers/VL53L0X/core/src/vl53l0x_api.o
                0x00000000080067d4                VL53L0X_GetXTalkCompensationEnable
 .text.VL53L0X_GetXTalkCompensationRateMegaCps
                0x00000000080067fe       0x66 Drivers/VL53L0X/core/src/vl53l0x_api.o
                0x00000000080067fe                VL53L0X_GetXTalkCompensationRateMegaCps
 .text.VL53L0X_SetLimitCheckEnable
                0x0000000008006864      0x118 Drivers/VL53L0X/core/src/vl53l0x_api.o
                0x0000000008006864                VL53L0X_SetLimitCheckEnable
 .text.VL53L0X_GetLimitCheckEnable
                0x000000000800697c       0x46 Drivers/VL53L0X/core/src/vl53l0x_api.o
                0x000000000800697c                VL53L0X_GetLimitCheckEnable
 *fill*         0x00000000080069c2        0x2 
 .text.VL53L0X_SetLimitCheckValue
                0x00000000080069c4       0xc4 Drivers/VL53L0X/core/src/vl53l0x_api.o
                0x00000000080069c4                VL53L0X_SetLimitCheckValue
 .text.VL53L0X_GetLimitCheckValue
                0x0000000008006a88      0x11c Drivers/VL53L0X/core/src/vl53l0x_api.o
                0x0000000008006a88                VL53L0X_GetLimitCheckValue
 .text.VL53L0X_GetWrapAroundCheckEnable
                0x0000000008006ba4       0x64 Drivers/VL53L0X/core/src/vl53l0x_api.o
                0x0000000008006ba4                VL53L0X_GetWrapAroundCheckEnable
 .text.VL53L0X_PerformSingleMeasurement
                0x0000000008006c08       0x68 Drivers/VL53L0X/core/src/vl53l0x_api.o
                0x0000000008006c08                VL53L0X_PerformSingleMeasurement
 .text.VL53L0X_PerformRefCalibration
                0x0000000008006c70       0x2c Drivers/VL53L0X/core/src/vl53l0x_api.o
                0x0000000008006c70                VL53L0X_PerformRefCalibration
 .text.VL53L0X_CheckAndLoadInterruptSettings
                0x0000000008006c9c       0xcc Drivers/VL53L0X/core/src/vl53l0x_api.o
                0x0000000008006c9c                VL53L0X_CheckAndLoadInterruptSettings
 .text.VL53L0X_StartMeasurement
                0x0000000008006d68      0x17e Drivers/VL53L0X/core/src/vl53l0x_api.o
                0x0000000008006d68                VL53L0X_StartMeasurement
 .text.VL53L0X_GetMeasurementDataReady
                0x0000000008006ee6       0x80 Drivers/VL53L0X/core/src/vl53l0x_api.o
                0x0000000008006ee6                VL53L0X_GetMeasurementDataReady
 *fill*         0x0000000008006f66        0x2 
 .text.VL53L0X_GetRangingMeasurementData
                0x0000000008006f68      0x24c Drivers/VL53L0X/core/src/vl53l0x_api.o
                0x0000000008006f68                VL53L0X_GetRangingMeasurementData
 .text.VL53L0X_PerformSingleRangingMeasurement
                0x00000000080071b4       0x60 Drivers/VL53L0X/core/src/vl53l0x_api.o
                0x00000000080071b4                VL53L0X_PerformSingleRangingMeasurement
 .text.VL53L0X_SetGpioConfig
                0x0000000008007214      0x248 Drivers/VL53L0X/core/src/vl53l0x_api.o
                0x0000000008007214                VL53L0X_SetGpioConfig
 .text.VL53L0X_GetInterruptThresholds
                0x000000000800745c       0x6c Drivers/VL53L0X/core/src/vl53l0x_api.o
                0x000000000800745c                VL53L0X_GetInterruptThresholds
 .text.VL53L0X_ClearInterruptMask
                0x00000000080074c8       0x80 Drivers/VL53L0X/core/src/vl53l0x_api.o
                0x00000000080074c8                VL53L0X_ClearInterruptMask
 .text.VL53L0X_GetInterruptMaskStatus
                0x0000000008007548       0x44 Drivers/VL53L0X/core/src/vl53l0x_api.o
                0x0000000008007548                VL53L0X_GetInterruptMaskStatus
 .text.VL53L0X_PerformRefSpadManagement
                0x000000000800758c       0x2a Drivers/VL53L0X/core/src/vl53l0x_api.o
                0x000000000800758c                VL53L0X_PerformRefSpadManagement
 .text.VL53L0X_get_offset_calibration_data_micro_meter
                0x00000000080075b6       0x7e Drivers/VL53L0X/core/src/vl53l0x_api_calibration.o
                0x00000000080075b6                VL53L0X_get_offset_calibration_data_micro_meter
 .text.get_next_good_spad
                0x0000000008007634       0xbc Drivers/VL53L0X/core/src/vl53l0x_api_calibration.o
                0x0000000008007634                get_next_good_spad
 .text.is_aperture
                0x00000000080076f0       0x34 Drivers/VL53L0X/core/src/vl53l0x_api_calibration.o
                0x00000000080076f0                is_aperture
 .text.enable_spad_bit
                0x0000000008007724       0x70 Drivers/VL53L0X/core/src/vl53l0x_api_calibration.o
                0x0000000008007724                enable_spad_bit
 .text.set_ref_spad_map
                0x0000000008007794       0x26 Drivers/VL53L0X/core/src/vl53l0x_api_calibration.o
                0x0000000008007794                set_ref_spad_map
 .text.get_ref_spad_map
                0x00000000080077ba       0x26 Drivers/VL53L0X/core/src/vl53l0x_api_calibration.o
                0x00000000080077ba                get_ref_spad_map
 .text.enable_ref_spads
                0x00000000080077e0       0xf8 Drivers/VL53L0X/core/src/vl53l0x_api_calibration.o
                0x00000000080077e0                enable_ref_spads
 .text.perform_ref_signal_measurement
                0x00000000080078d8       0xd4 Drivers/VL53L0X/core/src/vl53l0x_api_calibration.o
                0x00000000080078d8                perform_ref_signal_measurement
 .text.VL53L0X_perform_ref_spad_management
                0x00000000080079ac      0x418 Drivers/VL53L0X/core/src/vl53l0x_api_calibration.o
                0x00000000080079ac                VL53L0X_perform_ref_spad_management
 .text.VL53L0X_set_reference_spads
                0x0000000008007dc4      0x14a Drivers/VL53L0X/core/src/vl53l0x_api_calibration.o
                0x0000000008007dc4                VL53L0X_set_reference_spads
 .text.VL53L0X_perform_single_ref_calibration
                0x0000000008007f0e       0x76 Drivers/VL53L0X/core/src/vl53l0x_api_calibration.o
                0x0000000008007f0e                VL53L0X_perform_single_ref_calibration
 .text.VL53L0X_ref_calibration_io
                0x0000000008007f84      0x132 Drivers/VL53L0X/core/src/vl53l0x_api_calibration.o
                0x0000000008007f84                VL53L0X_ref_calibration_io
 .text.VL53L0X_perform_vhv_calibration
                0x00000000080080b6       0xce Drivers/VL53L0X/core/src/vl53l0x_api_calibration.o
                0x00000000080080b6                VL53L0X_perform_vhv_calibration
 .text.VL53L0X_perform_phase_calibration
                0x0000000008008184       0xca Drivers/VL53L0X/core/src/vl53l0x_api_calibration.o
                0x0000000008008184                VL53L0X_perform_phase_calibration
 .text.VL53L0X_perform_ref_calibration
                0x000000000800824e       0x7a Drivers/VL53L0X/core/src/vl53l0x_api_calibration.o
                0x000000000800824e                VL53L0X_perform_ref_calibration
 .text.VL53L0X_measurement_poll_for_completion
                0x00000000080082c8       0x60 Drivers/VL53L0X/core/src/vl53l0x_api_core.o
                0x00000000080082c8                VL53L0X_measurement_poll_for_completion
 .text.VL53L0X_decode_vcsel_period
                0x0000000008008328       0x26 Drivers/VL53L0X/core/src/vl53l0x_api_core.o
                0x0000000008008328                VL53L0X_decode_vcsel_period
 .text.VL53L0X_encode_vcsel_period
                0x000000000800834e       0x26 Drivers/VL53L0X/core/src/vl53l0x_api_core.o
                0x000000000800834e                VL53L0X_encode_vcsel_period
 .text.VL53L0X_isqrt
                0x0000000008008374       0x68 Drivers/VL53L0X/core/src/vl53l0x_api_core.o
                0x0000000008008374                VL53L0X_isqrt
 .text.VL53L0X_device_read_strobe
                0x00000000080083dc       0x86 Drivers/VL53L0X/core/src/vl53l0x_api_core.o
                0x00000000080083dc                VL53L0X_device_read_strobe
 .text.VL53L0X_get_info_from_device
                0x0000000008008462      0x99a Drivers/VL53L0X/core/src/vl53l0x_api_core.o
                0x0000000008008462                VL53L0X_get_info_from_device
 .text.VL53L0X_calc_macro_period_ps
                0x0000000008008dfc       0x3a Drivers/VL53L0X/core/src/vl53l0x_api_core.o
                0x0000000008008dfc                VL53L0X_calc_macro_period_ps
 .text.VL53L0X_encode_timeout
                0x0000000008008e36       0x58 Drivers/VL53L0X/core/src/vl53l0x_api_core.o
                0x0000000008008e36                VL53L0X_encode_timeout
 .text.VL53L0X_decode_timeout
                0x0000000008008e8e       0x2c Drivers/VL53L0X/core/src/vl53l0x_api_core.o
                0x0000000008008e8e                VL53L0X_decode_timeout
 *fill*         0x0000000008008eba        0x2 
 .text.VL53L0X_calc_timeout_mclks
                0x0000000008008ebc       0x54 Drivers/VL53L0X/core/src/vl53l0x_api_core.o
                0x0000000008008ebc                VL53L0X_calc_timeout_mclks
 .text.VL53L0X_calc_timeout_us
                0x0000000008008f10       0x54 Drivers/VL53L0X/core/src/vl53l0x_api_core.o
                0x0000000008008f10                VL53L0X_calc_timeout_us
 .text.get_sequence_step_timeout
                0x0000000008008f64      0x1c2 Drivers/VL53L0X/core/src/vl53l0x_api_core.o
                0x0000000008008f64                get_sequence_step_timeout
 .text.set_sequence_step_timeout
                0x0000000008009126      0x1e4 Drivers/VL53L0X/core/src/vl53l0x_api_core.o
                0x0000000008009126                set_sequence_step_timeout
 .text.VL53L0X_set_vcsel_pulse_period
                0x000000000800930a      0x512 Drivers/VL53L0X/core/src/vl53l0x_api_core.o
                0x000000000800930a                VL53L0X_set_vcsel_pulse_period
 .text.VL53L0X_get_vcsel_pulse_period
                0x000000000800981c       0x6e Drivers/VL53L0X/core/src/vl53l0x_api_core.o
                0x000000000800981c                VL53L0X_get_vcsel_pulse_period
 .text.VL53L0X_set_measurement_timing_budget_micro_seconds
                0x000000000800988a      0x1c0 Drivers/VL53L0X/core/src/vl53l0x_api_core.o
                0x000000000800988a                VL53L0X_set_measurement_timing_budget_micro_seconds
 .text.VL53L0X_get_measurement_timing_budget_micro_seconds
                0x0000000008009a4a      0x162 Drivers/VL53L0X/core/src/vl53l0x_api_core.o
                0x0000000008009a4a                VL53L0X_get_measurement_timing_budget_micro_seconds
 .text.VL53L0X_load_tuning_settings
                0x0000000008009bac      0x1c4 Drivers/VL53L0X/core/src/vl53l0x_api_core.o
                0x0000000008009bac                VL53L0X_load_tuning_settings
 .text.VL53L0X_get_total_xtalk_rate
                0x0000000008009d70       0x5e Drivers/VL53L0X/core/src/vl53l0x_api_core.o
                0x0000000008009d70                VL53L0X_get_total_xtalk_rate
 .text.VL53L0X_get_total_signal_rate
                0x0000000008009dce       0x4a Drivers/VL53L0X/core/src/vl53l0x_api_core.o
                0x0000000008009dce                VL53L0X_get_total_signal_rate
 .text.VL53L0X_calc_dmax
                0x0000000008009e18      0x240 Drivers/VL53L0X/core/src/vl53l0x_api_core.o
                0x0000000008009e18                VL53L0X_calc_dmax
 .text.VL53L0X_calc_sigma_estimate
                0x000000000800a058      0x4a4 Drivers/VL53L0X/core/src/vl53l0x_api_core.o
                0x000000000800a058                VL53L0X_calc_sigma_estimate
 .text.VL53L0X_get_pal_range_status
                0x000000000800a4fc      0x3b6 Drivers/VL53L0X/core/src/vl53l0x_api_core.o
                0x000000000800a4fc                VL53L0X_get_pal_range_status
 .text._I2CWrite
                0x000000000800a8b2       0x3e Drivers/VL53L0X/platform/src/vl53l0x_platform.o
                0x000000000800a8b2                _I2CWrite
 .text._I2CRead
                0x000000000800a8f0       0x44 Drivers/VL53L0X/platform/src/vl53l0x_platform.o
                0x000000000800a8f0                _I2CRead
 .text.VL53L0X_WriteMulti
                0x000000000800a934       0x60 Drivers/VL53L0X/platform/src/vl53l0x_platform.o
                0x000000000800a934                VL53L0X_WriteMulti
 .text.VL53L0X_ReadMulti
                0x000000000800a994       0x56 Drivers/VL53L0X/platform/src/vl53l0x_platform.o
                0x000000000800a994                VL53L0X_ReadMulti
 *fill*         0x000000000800a9ea        0x2 
 .text.VL53L0X_WrByte
                0x000000000800a9ec       0x48 Drivers/VL53L0X/platform/src/vl53l0x_platform.o
                0x000000000800a9ec                VL53L0X_WrByte
 .text.VL53L0X_WrWord
                0x000000000800aa34       0x54 Drivers/VL53L0X/platform/src/vl53l0x_platform.o
                0x000000000800aa34                VL53L0X_WrWord
 .text.VL53L0X_UpdateByte
                0x000000000800aa88       0x68 Drivers/VL53L0X/platform/src/vl53l0x_platform.o
                0x000000000800aa88                VL53L0X_UpdateByte
 .text.VL53L0X_RdByte
                0x000000000800aaf0       0x54 Drivers/VL53L0X/platform/src/vl53l0x_platform.o
                0x000000000800aaf0                VL53L0X_RdByte
 .text.VL53L0X_RdWord
                0x000000000800ab44       0x70 Drivers/VL53L0X/platform/src/vl53l0x_platform.o
                0x000000000800ab44                VL53L0X_RdWord
 .text.VL53L0X_RdDWord
                0x000000000800abb4       0x78 Drivers/VL53L0X/platform/src/vl53l0x_platform.o
                0x000000000800abb4                VL53L0X_RdDWord
 .text.VL53L0X_PollingDelay
                0x000000000800ac2c       0x1e Drivers/VL53L0X/platform/src/vl53l0x_platform.o
                0x000000000800ac2c                VL53L0X_PollingDelay
 *fill*         0x000000000800ac4a        0x2 
 .text.__errno  0x000000000800ac4c        0xc c:/st/stm32cubeide_1.4.0/stm32cubeide/plugins/com.st.stm32cube.ide.mcu.externaltools.gnu-tools-for-stm32.7-2018-q2-update.win32_1.4.0.202007081208/tools/bin/../lib/gcc/arm-none-eabi/7.3.1/../../../../arm-none-eabi/lib/thumb/v7e-m/fpv4-sp/hard\libc_nano.a(lib_a-errno.o)
                0x000000000800ac4c                __errno
 .text.__libc_init_array
                0x000000000800ac58       0x48 c:/st/stm32cubeide_1.4.0/stm32cubeide/plugins/com.st.stm32cube.ide.mcu.externaltools.gnu-tools-for-stm32.7-2018-q2-update.win32_1.4.0.202007081208/tools/bin/../lib/gcc/arm-none-eabi/7.3.1/../../../../arm-none-eabi/lib/thumb/v7e-m/fpv4-sp/hard\libc_nano.a(lib_a-init.o)
                0x000000000800ac58                __libc_init_array
 .text.memcpy   0x000000000800aca0       0x16 c:/st/stm32cubeide_1.4.0/stm32cubeide/plugins/com.st.stm32cube.ide.mcu.externaltools.gnu-tools-for-stm32.7-2018-q2-update.win32_1.4.0.202007081208/tools/bin/../lib/gcc/arm-none-eabi/7.3.1/../../../../arm-none-eabi/lib/thumb/v7e-m/fpv4-sp/hard\libc_nano.a(lib_a-memcpy-stub.o)
                0x000000000800aca0                memcpy
 .text.memset   0x000000000800acb6       0x10 c:/st/stm32cubeide_1.4.0/stm32cubeide/plugins/com.st.stm32cube.ide.mcu.externaltools.gnu-tools-for-stm32.7-2018-q2-update.win32_1.4.0.202007081208/tools/bin/../lib/gcc/arm-none-eabi/7.3.1/../../../../arm-none-eabi/lib/thumb/v7e-m/fpv4-sp/hard\libc_nano.a(lib_a-memset.o)
                0x000000000800acb6                memset
 *fill*         0x000000000800acc6        0x2 
 .text.printf   0x000000000800acc8       0x30 c:/st/stm32cubeide_1.4.0/stm32cubeide/plugins/com.st.stm32cube.ide.mcu.externaltools.gnu-tools-for-stm32.7-2018-q2-update.win32_1.4.0.202007081208/tools/bin/../lib/gcc/arm-none-eabi/7.3.1/../../../../arm-none-eabi/lib/thumb/v7e-m/fpv4-sp/hard\libc_nano.a(lib_a-printf.o)
                0x000000000800acc8                iprintf
                0x000000000800acc8                printf
 .text.sscanf   0x000000000800acf8       0x54 c:/st/stm32cubeide_1.4.0/stm32cubeide/plugins/com.st.stm32cube.ide.mcu.externaltools.gnu-tools-for-stm32.7-2018-q2-update.win32_1.4.0.202007081208/tools/bin/../lib/gcc/arm-none-eabi/7.3.1/../../../../arm-none-eabi/lib/thumb/v7e-m/fpv4-sp/hard\libc_nano.a(lib_a-sscanf.o)
                0x000000000800acf8                siscanf
                0x000000000800acf8                sscanf
 .text.__sread  0x000000000800ad4c       0x22 c:/st/stm32cubeide_1.4.0/stm32cubeide/plugins/com.st.stm32cube.ide.mcu.externaltools.gnu-tools-for-stm32.7-2018-q2-update.win32_1.4.0.202007081208/tools/bin/../lib/gcc/arm-none-eabi/7.3.1/../../../../arm-none-eabi/lib/thumb/v7e-m/fpv4-sp/hard\libc_nano.a(lib_a-stdio.o)
                0x000000000800ad4c                __sread
 .text.__seofread
                0x000000000800ad6e        0x4 c:/st/stm32cubeide_1.4.0/stm32cubeide/plugins/com.st.stm32cube.ide.mcu.externaltools.gnu-tools-for-stm32.7-2018-q2-update.win32_1.4.0.202007081208/tools/bin/../lib/gcc/arm-none-eabi/7.3.1/../../../../arm-none-eabi/lib/thumb/v7e-m/fpv4-sp/hard\libc_nano.a(lib_a-stdio.o)
                0x000000000800ad6e                __seofread
 .text.__swrite
                0x000000000800ad72       0x38 c:/st/stm32cubeide_1.4.0/stm32cubeide/plugins/com.st.stm32cube.ide.mcu.externaltools.gnu-tools-for-stm32.7-2018-q2-update.win32_1.4.0.202007081208/tools/bin/../lib/gcc/arm-none-eabi/7.3.1/../../../../arm-none-eabi/lib/thumb/v7e-m/fpv4-sp/hard\libc_nano.a(lib_a-stdio.o)
                0x000000000800ad72                __swrite
 .text.__sseek  0x000000000800adaa       0x24 c:/st/stm32cubeide_1.4.0/stm32cubeide/plugins/com.st.stm32cube.ide.mcu.externaltools.gnu-tools-for-stm32.7-2018-q2-update.win32_1.4.0.202007081208/tools/bin/../lib/gcc/arm-none-eabi/7.3.1/../../../../arm-none-eabi/lib/thumb/v7e-m/fpv4-sp/hard\libc_nano.a(lib_a-stdio.o)
                0x000000000800adaa                __sseek
 .text.__sclose
                0x000000000800adce        0x8 c:/st/stm32cubeide_1.4.0/stm32cubeide/plugins/com.st.stm32cube.ide.mcu.externaltools.gnu-tools-for-stm32.7-2018-q2-update.win32_1.4.0.202007081208/tools/bin/../lib/gcc/arm-none-eabi/7.3.1/../../../../arm-none-eabi/lib/thumb/v7e-m/fpv4-sp/hard\libc_nano.a(lib_a-stdio.o)
                0x000000000800adce                __sclose
 .text.strcpy   0x000000000800add6       0x10 c:/st/stm32cubeide_1.4.0/stm32cubeide/plugins/com.st.stm32cube.ide.mcu.externaltools.gnu-tools-for-stm32.7-2018-q2-update.win32_1.4.0.202007081208/tools/bin/../lib/gcc/arm-none-eabi/7.3.1/../../../../arm-none-eabi/lib/thumb/v7e-m/fpv4-sp/hard\libc_nano.a(lib_a-strcpy.o)
                0x000000000800add6                strcpy
 .text.strncpy  0x000000000800ade6       0x2a c:/st/stm32cubeide_1.4.0/stm32cubeide/plugins/com.st.stm32cube.ide.mcu.externaltools.gnu-tools-for-stm32.7-2018-q2-update.win32_1.4.0.202007081208/tools/bin/../lib/gcc/arm-none-eabi/7.3.1/../../../../arm-none-eabi/lib/thumb/v7e-m/fpv4-sp/hard\libc_nano.a(lib_a-strncpy.o)
                0x000000000800ade6                strncpy
 .text._write_r
                0x000000000800ae10       0x24 c:/st/stm32cubeide_1.4.0/stm32cubeide/plugins/com.st.stm32cube.ide.mcu.externaltools.gnu-tools-for-stm32.7-2018-q2-update.win32_1.4.0.202007081208/tools/bin/../lib/gcc/arm-none-eabi/7.3.1/../../../../arm-none-eabi/lib/thumb/v7e-m/fpv4-sp/hard\libc_nano.a(lib_a-writer.o)
                0x000000000800ae10                _write_r
 .text._close_r
                0x000000000800ae34       0x20 c:/st/stm32cubeide_1.4.0/stm32cubeide/plugins/com.st.stm32cube.ide.mcu.externaltools.gnu-tools-for-stm32.7-2018-q2-update.win32_1.4.0.202007081208/tools/bin/../lib/gcc/arm-none-eabi/7.3.1/../../../../arm-none-eabi/lib/thumb/v7e-m/fpv4-sp/hard\libc_nano.a(lib_a-closer.o)
                0x000000000800ae34                _close_r
 .text.std      0x000000000800ae54       0x48 c:/st/stm32cubeide_1.4.0/stm32cubeide/plugins/com.st.stm32cube.ide.mcu.externaltools.gnu-tools-for-stm32.7-2018-q2-update.win32_1.4.0.202007081208/tools/bin/../lib/gcc/arm-none-eabi/7.3.1/../../../../arm-none-eabi/lib/thumb/v7e-m/fpv4-sp/hard\libc_nano.a(lib_a-findfp.o)
 .text._cleanup_r
                0x000000000800ae9c        0xc c:/st/stm32cubeide_1.4.0/stm32cubeide/plugins/com.st.stm32cube.ide.mcu.externaltools.gnu-tools-for-stm32.7-2018-q2-update.win32_1.4.0.202007081208/tools/bin/../lib/gcc/arm-none-eabi/7.3.1/../../../../arm-none-eabi/lib/thumb/v7e-m/fpv4-sp/hard\libc_nano.a(lib_a-findfp.o)
                0x000000000800ae9c                _cleanup_r
 .text.__sfmoreglue
                0x000000000800aea8       0x2c c:/st/stm32cubeide_1.4.0/stm32cubeide/plugins/com.st.stm32cube.ide.mcu.externaltools.gnu-tools-for-stm32.7-2018-q2-update.win32_1.4.0.202007081208/tools/bin/../lib/gcc/arm-none-eabi/7.3.1/../../../../arm-none-eabi/lib/thumb/v7e-m/fpv4-sp/hard\libc_nano.a(lib_a-findfp.o)
                0x000000000800aea8                __sfmoreglue
 .text.__sinit  0x000000000800aed4       0x60 c:/st/stm32cubeide_1.4.0/stm32cubeide/plugins/com.st.stm32cube.ide.mcu.externaltools.gnu-tools-for-stm32.7-2018-q2-update.win32_1.4.0.202007081208/tools/bin/../lib/gcc/arm-none-eabi/7.3.1/../../../../arm-none-eabi/lib/thumb/v7e-m/fpv4-sp/hard\libc_nano.a(lib_a-findfp.o)
                0x000000000800aed4                __sinit
 .text.__sfp    0x000000000800af34       0x78 c:/st/stm32cubeide_1.4.0/stm32cubeide/plugins/com.st.stm32cube.ide.mcu.externaltools.gnu-tools-for-stm32.7-2018-q2-update.win32_1.4.0.202007081208/tools/bin/../lib/gcc/arm-none-eabi/7.3.1/../../../../arm-none-eabi/lib/thumb/v7e-m/fpv4-sp/hard\libc_nano.a(lib_a-findfp.o)
                0x000000000800af34                __sfp
 .text._fwalk_reent
                0x000000000800afac       0x3c c:/st/stm32cubeide_1.4.0/stm32cubeide/plugins/com.st.stm32cube.ide.mcu.externaltools.gnu-tools-for-stm32.7-2018-q2-update.win32_1.4.0.202007081208/tools/bin/../lib/gcc/arm-none-eabi/7.3.1/../../../../arm-none-eabi/lib/thumb/v7e-m/fpv4-sp/hard\libc_nano.a(lib_a-fwalk.o)
                0x000000000800afac                _fwalk_reent
 .text._lseek_r
                0x000000000800afe8       0x24 c:/st/stm32cubeide_1.4.0/stm32cubeide/plugins/com.st.stm32cube.ide.mcu.externaltools.gnu-tools-for-stm32.7-2018-q2-update.win32_1.4.0.202007081208/tools/bin/../lib/gcc/arm-none-eabi/7.3.1/../../../../arm-none-eabi/lib/thumb/v7e-m/fpv4-sp/hard\libc_nano.a(lib_a-lseekr.o)
                0x000000000800afe8                _lseek_r
 .text._malloc_r
                0x000000000800b00c       0xb4 c:/st/stm32cubeide_1.4.0/stm32cubeide/plugins/com.st.stm32cube.ide.mcu.externaltools.gnu-tools-for-stm32.7-2018-q2-update.win32_1.4.0.202007081208/tools/bin/../lib/gcc/arm-none-eabi/7.3.1/../../../../arm-none-eabi/lib/thumb/v7e-m/fpv4-sp/hard\libc_nano.a(lib_a-nano-mallocr.o)
                0x000000000800b00c                _malloc_r
 .text._sungetc_r
                0x000000000800b0c0       0x7a c:/st/stm32cubeide_1.4.0/stm32cubeide/plugins/com.st.stm32cube.ide.mcu.externaltools.gnu-tools-for-stm32.7-2018-q2-update.win32_1.4.0.202007081208/tools/bin/../lib/gcc/arm-none-eabi/7.3.1/../../../../arm-none-eabi/lib/thumb/v7e-m/fpv4-sp/hard\libc_nano.a(lib_a-nano-svfscanf.o)
                0x000000000800b0c0                _sungetc_r
 .text.__ssrefill_r
                0x000000000800b13a       0x3a c:/st/stm32cubeide_1.4.0/stm32cubeide/plugins/com.st.stm32cube.ide.mcu.externaltools.gnu-tools-for-stm32.7-2018-q2-update.win32_1.4.0.202007081208/tools/bin/../lib/gcc/arm-none-eabi/7.3.1/../../../../arm-none-eabi/lib/thumb/v7e-m/fpv4-sp/hard\libc_nano.a(lib_a-nano-svfscanf.o)
                0x000000000800b13a                __ssrefill_r
 .text.__ssvfscanf_r
                0x000000000800b174      0x2a0 c:/st/stm32cubeide_1.4.0/stm32cubeide/plugins/com.st.stm32cube.ide.mcu.externaltools.gnu-tools-for-stm32.7-2018-q2-update.win32_1.4.0.202007081208/tools/bin/../lib/gcc/arm-none-eabi/7.3.1/../../../../arm-none-eabi/lib/thumb/v7e-m/fpv4-sp/hard\libc_nano.a(lib_a-nano-svfscanf.o)
                0x000000000800b174                __ssvfiscanf_r
                0x000000000800b174                __ssvfscanf_r
 .text.__sfputc_r
                0x000000000800b414       0x2e c:/st/stm32cubeide_1.4.0/stm32cubeide/plugins/com.st.stm32cube.ide.mcu.externaltools.gnu-tools-for-stm32.7-2018-q2-update.win32_1.4.0.202007081208/tools/bin/../lib/gcc/arm-none-eabi/7.3.1/../../../../arm-none-eabi/lib/thumb/v7e-m/fpv4-sp/hard\libc_nano.a(lib_a-nano-vfprintf.o)
 .text.__sfputs_r
                0x000000000800b442       0x24 c:/st/stm32cubeide_1.4.0/stm32cubeide/plugins/com.st.stm32cube.ide.mcu.externaltools.gnu-tools-for-stm32.7-2018-q2-update.win32_1.4.0.202007081208/tools/bin/../lib/gcc/arm-none-eabi/7.3.1/../../../../arm-none-eabi/lib/thumb/v7e-m/fpv4-sp/hard\libc_nano.a(lib_a-nano-vfprintf.o)
                0x000000000800b442                __sfputs_r
 *fill*         0x000000000800b466        0x2 
 .text._vfprintf_r
                0x000000000800b468      0x22c c:/st/stm32cubeide_1.4.0/stm32cubeide/plugins/com.st.stm32cube.ide.mcu.externaltools.gnu-tools-for-stm32.7-2018-q2-update.win32_1.4.0.202007081208/tools/bin/../lib/gcc/arm-none-eabi/7.3.1/../../../../arm-none-eabi/lib/thumb/v7e-m/fpv4-sp/hard\libc_nano.a(lib_a-nano-vfprintf.o)
                0x000000000800b468                _vfprintf_r
                0x000000000800b468                _vfiprintf_r
 .text._printf_common
                0x000000000800b694       0xea c:/st/stm32cubeide_1.4.0/stm32cubeide/plugins/com.st.stm32cube.ide.mcu.externaltools.gnu-tools-for-stm32.7-2018-q2-update.win32_1.4.0.202007081208/tools/bin/../lib/gcc/arm-none-eabi/7.3.1/../../../../arm-none-eabi/lib/thumb/v7e-m/fpv4-sp/hard\libc_nano.a(lib_a-nano-vfprintf_i.o)
                0x000000000800b694                _printf_common
 *fill*         0x000000000800b77e        0x2 
 .text._printf_i
                0x000000000800b780      0x224 c:/st/stm32cubeide_1.4.0/stm32cubeide/plugins/com.st.stm32cube.ide.mcu.externaltools.gnu-tools-for-stm32.7-2018-q2-update.win32_1.4.0.202007081208/tools/bin/../lib/gcc/arm-none-eabi/7.3.1/../../../../arm-none-eabi/lib/thumb/v7e-m/fpv4-sp/hard\libc_nano.a(lib_a-nano-vfprintf_i.o)
                0x000000000800b780                _printf_i
 .text._scanf_chars
                0x000000000800b9a4       0xc6 c:/st/stm32cubeide_1.4.0/stm32cubeide/plugins/com.st.stm32cube.ide.mcu.externaltools.gnu-tools-for-stm32.7-2018-q2-update.win32_1.4.0.202007081208/tools/bin/../lib/gcc/arm-none-eabi/7.3.1/../../../../arm-none-eabi/lib/thumb/v7e-m/fpv4-sp/hard\libc_nano.a(lib_a-nano-vfscanf_i.o)
                0x000000000800b9a4                _scanf_chars
 *fill*         0x000000000800ba6a        0x2 
 .text._scanf_i
                0x000000000800ba6c      0x1e8 c:/st/stm32cubeide_1.4.0/stm32cubeide/plugins/com.st.stm32cube.ide.mcu.externaltools.gnu-tools-for-stm32.7-2018-q2-update.win32_1.4.0.202007081208/tools/bin/../lib/gcc/arm-none-eabi/7.3.1/../../../../arm-none-eabi/lib/thumb/v7e-m/fpv4-sp/hard\libc_nano.a(lib_a-nano-vfscanf_i.o)
                0x000000000800ba6c                _scanf_i
 .text._read_r  0x000000000800bc54       0x24 c:/st/stm32cubeide_1.4.0/stm32cubeide/plugins/com.st.stm32cube.ide.mcu.externaltools.gnu-tools-for-stm32.7-2018-q2-update.win32_1.4.0.202007081208/tools/bin/../lib/gcc/arm-none-eabi/7.3.1/../../../../arm-none-eabi/lib/thumb/v7e-m/fpv4-sp/hard\libc_nano.a(lib_a-readr.o)
                0x000000000800bc54                _read_r
 .text._sbrk_r  0x000000000800bc78       0x20 c:/st/stm32cubeide_1.4.0/stm32cubeide/plugins/com.st.stm32cube.ide.mcu.externaltools.gnu-tools-for-stm32.7-2018-q2-update.win32_1.4.0.202007081208/tools/bin/../lib/gcc/arm-none-eabi/7.3.1/../../../../arm-none-eabi/lib/thumb/v7e-m/fpv4-sp/hard\libc_nano.a(lib_a-sbrkr.o)
                0x000000000800bc78                _sbrk_r
 .text.__sccl   0x000000000800bc98       0x64 c:/st/stm32cubeide_1.4.0/stm32cubeide/plugins/com.st.stm32cube.ide.mcu.externaltools.gnu-tools-for-stm32.7-2018-q2-update.win32_1.4.0.202007081208/tools/bin/../lib/gcc/arm-none-eabi/7.3.1/../../../../arm-none-eabi/lib/thumb/v7e-m/fpv4-sp/hard\libc_nano.a(lib_a-sccl.o)
                0x000000000800bc98                __sccl
 .text._strtol_l.isra.0
                0x000000000800bcfc       0xf6 c:/st/stm32cubeide_1.4.0/stm32cubeide/plugins/com.st.stm32cube.ide.mcu.externaltools.gnu-tools-for-stm32.7-2018-q2-update.win32_1.4.0.202007081208/tools/bin/../lib/gcc/arm-none-eabi/7.3.1/../../../../arm-none-eabi/lib/thumb/v7e-m/fpv4-sp/hard\libc_nano.a(lib_a-strtol.o)
 *fill*         0x000000000800bdf2        0x2 
 .text._strtol_r
                0x000000000800bdf4       0x24 c:/st/stm32cubeide_1.4.0/stm32cubeide/plugins/com.st.stm32cube.ide.mcu.externaltools.gnu-tools-for-stm32.7-2018-q2-update.win32_1.4.0.202007081208/tools/bin/../lib/gcc/arm-none-eabi/7.3.1/../../../../arm-none-eabi/lib/thumb/v7e-m/fpv4-sp/hard\libc_nano.a(lib_a-strtol.o)
                0x000000000800bdf4                _strtol_r
 .text._strtoul_l.isra.0
                0x000000000800be18       0xf4 c:/st/stm32cubeide_1.4.0/stm32cubeide/plugins/com.st.stm32cube.ide.mcu.externaltools.gnu-tools-for-stm32.7-2018-q2-update.win32_1.4.0.202007081208/tools/bin/../lib/gcc/arm-none-eabi/7.3.1/../../../../arm-none-eabi/lib/thumb/v7e-m/fpv4-sp/hard\libc_nano.a(lib_a-strtoul.o)
 .text._strtoul_r
                0x000000000800bf0c       0x24 c:/st/stm32cubeide_1.4.0/stm32cubeide/plugins/com.st.stm32cube.ide.mcu.externaltools.gnu-tools-for-stm32.7-2018-q2-update.win32_1.4.0.202007081208/tools/bin/../lib/gcc/arm-none-eabi/7.3.1/../../../../arm-none-eabi/lib/thumb/v7e-m/fpv4-sp/hard\libc_nano.a(lib_a-strtoul.o)
                0x000000000800bf0c                _strtoul_r
 .text.__submore
                0x000000000800bf30       0x74 c:/st/stm32cubeide_1.4.0/stm32cubeide/plugins/com.st.stm32cube.ide.mcu.externaltools.gnu-tools-for-stm32.7-2018-q2-update.win32_1.4.0.202007081208/tools/bin/../lib/gcc/arm-none-eabi/7.3.1/../../../../arm-none-eabi/lib/thumb/v7e-m/fpv4-sp/hard\libc_nano.a(lib_a-ungetc.o)
                0x000000000800bf30                __submore
 .text.__swbuf_r
                0x000000000800bfa4       0xa4 c:/st/stm32cubeide_1.4.0/stm32cubeide/plugins/com.st.stm32cube.ide.mcu.externaltools.gnu-tools-for-stm32.7-2018-q2-update.win32_1.4.0.202007081208/tools/bin/../lib/gcc/arm-none-eabi/7.3.1/../../../../arm-none-eabi/lib/thumb/v7e-m/fpv4-sp/hard\libc_nano.a(lib_a-wbuf.o)
                0x000000000800bfa4                __swbuf_r
 .text.__swsetup_r
                0x000000000800c048       0xdc c:/st/stm32cubeide_1.4.0/stm32cubeide/plugins/com.st.stm32cube.ide.mcu.externaltools.gnu-tools-for-stm32.7-2018-q2-update.win32_1.4.0.202007081208/tools/bin/../lib/gcc/arm-none-eabi/7.3.1/../../../../arm-none-eabi/lib/thumb/v7e-m/fpv4-sp/hard\libc_nano.a(lib_a-wsetup.o)
                0x000000000800c048                __swsetup_r
 .text.__sflush_r
                0x000000000800c124      0x10c c:/st/stm32cubeide_1.4.0/stm32cubeide/plugins/com.st.stm32cube.ide.mcu.externaltools.gnu-tools-for-stm32.7-2018-q2-update.win32_1.4.0.202007081208/tools/bin/../lib/gcc/arm-none-eabi/7.3.1/../../../../arm-none-eabi/lib/thumb/v7e-m/fpv4-sp/hard\libc_nano.a(lib_a-fflush.o)
                0x000000000800c124                __sflush_r
 .text._fflush_r
                0x000000000800c230       0x54 c:/st/stm32cubeide_1.4.0/stm32cubeide/plugins/com.st.stm32cube.ide.mcu.externaltools.gnu-tools-for-stm32.7-2018-q2-update.win32_1.4.0.202007081208/tools/bin/../lib/gcc/arm-none-eabi/7.3.1/../../../../arm-none-eabi/lib/thumb/v7e-m/fpv4-sp/hard\libc_nano.a(lib_a-fflush.o)
                0x000000000800c230                _fflush_r
 .text.__locale_ctype_ptr_l
                0x000000000800c284        0x6 c:/st/stm32cubeide_1.4.0/stm32cubeide/plugins/com.st.stm32cube.ide.mcu.externaltools.gnu-tools-for-stm32.7-2018-q2-update.win32_1.4.0.202007081208/tools/bin/../lib/gcc/arm-none-eabi/7.3.1/../../../../arm-none-eabi/lib/thumb/v7e-m/fpv4-sp/hard\libc_nano.a(lib_a-locale.o)
                0x000000000800c284                __locale_ctype_ptr_l
 *fill*         0x000000000800c28a        0x2 
 .text.__locale_ctype_ptr
                0x000000000800c28c       0x1c c:/st/stm32cubeide_1.4.0/stm32cubeide/plugins/com.st.stm32cube.ide.mcu.externaltools.gnu-tools-for-stm32.7-2018-q2-update.win32_1.4.0.202007081208/tools/bin/../lib/gcc/arm-none-eabi/7.3.1/../../../../arm-none-eabi/lib/thumb/v7e-m/fpv4-sp/hard\libc_nano.a(lib_a-locale.o)
                0x000000000800c28c                __locale_ctype_ptr
 .text.__swhatbuf_r
                0x000000000800c2a8       0x48 c:/st/stm32cubeide_1.4.0/stm32cubeide/plugins/com.st.stm32cube.ide.mcu.externaltools.gnu-tools-for-stm32.7-2018-q2-update.win32_1.4.0.202007081208/tools/bin/../lib/gcc/arm-none-eabi/7.3.1/../../../../arm-none-eabi/lib/thumb/v7e-m/fpv4-sp/hard\libc_nano.a(lib_a-makebuf.o)
                0x000000000800c2a8                __swhatbuf_r
 .text.__smakebuf_r
                0x000000000800c2f0       0x80 c:/st/stm32cubeide_1.4.0/stm32cubeide/plugins/com.st.stm32cube.ide.mcu.externaltools.gnu-tools-for-stm32.7-2018-q2-update.win32_1.4.0.202007081208/tools/bin/../lib/gcc/arm-none-eabi/7.3.1/../../../../arm-none-eabi/lib/thumb/v7e-m/fpv4-sp/hard\libc_nano.a(lib_a-makebuf.o)
                0x000000000800c2f0                __smakebuf_r
 .text.__ascii_mbtowc
                0x000000000800c370       0x24 c:/st/stm32cubeide_1.4.0/stm32cubeide/plugins/com.st.stm32cube.ide.mcu.externaltools.gnu-tools-for-stm32.7-2018-q2-update.win32_1.4.0.202007081208/tools/bin/../lib/gcc/arm-none-eabi/7.3.1/../../../../arm-none-eabi/lib/thumb/v7e-m/fpv4-sp/hard\libc_nano.a(lib_a-mbtowc_r.o)
                0x000000000800c370                __ascii_mbtowc
 .text.__malloc_lock
                0x000000000800c394        0x2 c:/st/stm32cubeide_1.4.0/stm32cubeide/plugins/com.st.stm32cube.ide.mcu.externaltools.gnu-tools-for-stm32.7-2018-q2-update.win32_1.4.0.202007081208/tools/bin/../lib/gcc/arm-none-eabi/7.3.1/../../../../arm-none-eabi/lib/thumb/v7e-m/fpv4-sp/hard\libc_nano.a(lib_a-mlock.o)
                0x000000000800c394                __malloc_lock
 .text.__malloc_unlock
                0x000000000800c396        0x2 c:/st/stm32cubeide_1.4.0/stm32cubeide/plugins/com.st.stm32cube.ide.mcu.externaltools.gnu-tools-for-stm32.7-2018-q2-update.win32_1.4.0.202007081208/tools/bin/../lib/gcc/arm-none-eabi/7.3.1/../../../../arm-none-eabi/lib/thumb/v7e-m/fpv4-sp/hard\libc_nano.a(lib_a-mlock.o)
                0x000000000800c396                __malloc_unlock
 .text._free_r  0x000000000800c398       0x9c c:/st/stm32cubeide_1.4.0/stm32cubeide/plugins/com.st.stm32cube.ide.mcu.externaltools.gnu-tools-for-stm32.7-2018-q2-update.win32_1.4.0.202007081208/tools/bin/../lib/gcc/arm-none-eabi/7.3.1/../../../../arm-none-eabi/lib/thumb/v7e-m/fpv4-sp/hard\libc_nano.a(lib_a-nano-freer.o)
                0x000000000800c398                _free_r
 .text._realloc_r
                0x000000000800c434       0x4c c:/st/stm32cubeide_1.4.0/stm32cubeide/plugins/com.st.stm32cube.ide.mcu.externaltools.gnu-tools-for-stm32.7-2018-q2-update.win32_1.4.0.202007081208/tools/bin/../lib/gcc/arm-none-eabi/7.3.1/../../../../arm-none-eabi/lib/thumb/v7e-m/fpv4-sp/hard\libc_nano.a(lib_a-nano-reallocr.o)
                0x000000000800c434                _realloc_r
 .text.__ascii_wctomb
                0x000000000800c480       0x1a c:/st/stm32cubeide_1.4.0/stm32cubeide/plugins/com.st.stm32cube.ide.mcu.externaltools.gnu-tools-for-stm32.7-2018-q2-update.win32_1.4.0.202007081208/tools/bin/../lib/gcc/arm-none-eabi/7.3.1/../../../../arm-none-eabi/lib/thumb/v7e-m/fpv4-sp/hard\libc_nano.a(lib_a-wctomb_r.o)
                0x000000000800c480                __ascii_wctomb
 *fill*         0x000000000800c49a        0x2 
 .text._fstat_r
                0x000000000800c49c       0x24 c:/st/stm32cubeide_1.4.0/stm32cubeide/plugins/com.st.stm32cube.ide.mcu.externaltools.gnu-tools-for-stm32.7-2018-q2-update.win32_1.4.0.202007081208/tools/bin/../lib/gcc/arm-none-eabi/7.3.1/../../../../arm-none-eabi/lib/thumb/v7e-m/fpv4-sp/hard\libc_nano.a(lib_a-fstatr.o)
                0x000000000800c49c                _fstat_r
 .text._isatty_r
                0x000000000800c4c0       0x20 c:/st/stm32cubeide_1.4.0/stm32cubeide/plugins/com.st.stm32cube.ide.mcu.externaltools.gnu-tools-for-stm32.7-2018-q2-update.win32_1.4.0.202007081208/tools/bin/../lib/gcc/arm-none-eabi/7.3.1/../../../../arm-none-eabi/lib/thumb/v7e-m/fpv4-sp/hard\libc_nano.a(lib_a-isattyr.o)
                0x000000000800c4c0                _isatty_r
 .text._malloc_usable_size_r
                0x000000000800c4e0       0x10 c:/st/stm32cubeide_1.4.0/stm32cubeide/plugins/com.st.stm32cube.ide.mcu.externaltools.gnu-tools-for-stm32.7-2018-q2-update.win32_1.4.0.202007081208/tools/bin/../lib/gcc/arm-none-eabi/7.3.1/../../../../arm-none-eabi/lib/thumb/v7e-m/fpv4-sp/hard\libc_nano.a(lib_a-nano-msizer.o)
                0x000000000800c4e0                _malloc_usable_size_r
 .text.cosf     0x000000000800c4f0       0x80 c:/st/stm32cubeide_1.4.0/stm32cubeide/plugins/com.st.stm32cube.ide.mcu.externaltools.gnu-tools-for-stm32.7-2018-q2-update.win32_1.4.0.202007081208/tools/bin/../lib/gcc/arm-none-eabi/7.3.1/../../../../arm-none-eabi/lib/thumb/v7e-m/fpv4-sp/hard\libm.a(lib_a-sf_cos.o)
                0x000000000800c4f0                cosf
 .text.sinf     0x000000000800c570       0x84 c:/st/stm32cubeide_1.4.0/stm32cubeide/plugins/com.st.stm32cube.ide.mcu.externaltools.gnu-tools-for-stm32.7-2018-q2-update.win32_1.4.0.202007081208/tools/bin/../lib/gcc/arm-none-eabi/7.3.1/../../../../arm-none-eabi/lib/thumb/v7e-m/fpv4-sp/hard\libm.a(lib_a-sf_sin.o)
                0x000000000800c570                sinf
 .text.__ieee754_rem_pio2f
                0x000000000800c5f4      0x258 c:/st/stm32cubeide_1.4.0/stm32cubeide/plugins/com.st.stm32cube.ide.mcu.externaltools.gnu-tools-for-stm32.7-2018-q2-update.win32_1.4.0.202007081208/tools/bin/../lib/gcc/arm-none-eabi/7.3.1/../../../../arm-none-eabi/lib/thumb/v7e-m/fpv4-sp/hard\libm.a(lib_a-ef_rem_pio2.o)
                0x000000000800c5f4                __ieee754_rem_pio2f
 .text.__kernel_cosf
                0x000000000800c84c       0xbc c:/st/stm32cubeide_1.4.0/stm32cubeide/plugins/com.st.stm32cube.ide.mcu.externaltools.gnu-tools-for-stm32.7-2018-q2-update.win32_1.4.0.202007081208/tools/bin/../lib/gcc/arm-none-eabi/7.3.1/../../../../arm-none-eabi/lib/thumb/v7e-m/fpv4-sp/hard\libm.a(lib_a-kf_cos.o)
                0x000000000800c84c                __kernel_cosf
 .text.__kernel_rem_pio2f
                0x000000000800c908      0x504 c:/st/stm32cubeide_1.4.0/stm32cubeide/plugins/com.st.stm32cube.ide.mcu.externaltools.gnu-tools-for-stm32.7-2018-q2-update.win32_1.4.0.202007081208/tools/bin/../lib/gcc/arm-none-eabi/7.3.1/../../../../arm-none-eabi/lib/thumb/v7e-m/fpv4-sp/hard\libm.a(lib_a-kf_rem_pio2.o)
                0x000000000800c908                __kernel_rem_pio2f
 .text.__kernel_sinf
                0x000000000800ce0c       0x90 c:/st/stm32cubeide_1.4.0/stm32cubeide/plugins/com.st.stm32cube.ide.mcu.externaltools.gnu-tools-for-stm32.7-2018-q2-update.win32_1.4.0.202007081208/tools/bin/../lib/gcc/arm-none-eabi/7.3.1/../../../../arm-none-eabi/lib/thumb/v7e-m/fpv4-sp/hard\libm.a(lib_a-kf_sin.o)
                0x000000000800ce0c                __kernel_sinf
 .text.fabsf    0x000000000800ce9c        0xe c:/st/stm32cubeide_1.4.0/stm32cubeide/plugins/com.st.stm32cube.ide.mcu.externaltools.gnu-tools-for-stm32.7-2018-q2-update.win32_1.4.0.202007081208/tools/bin/../lib/gcc/arm-none-eabi/7.3.1/../../../../arm-none-eabi/lib/thumb/v7e-m/fpv4-sp/hard\libm.a(lib_a-sf_fabs.o)
                0x000000000800ce9c                fabsf
 *fill*         0x000000000800ceaa        0x2 
 .text.floorf   0x000000000800ceac       0x84 c:/st/stm32cubeide_1.4.0/stm32cubeide/plugins/com.st.stm32cube.ide.mcu.externaltools.gnu-tools-for-stm32.7-2018-q2-update.win32_1.4.0.202007081208/tools/bin/../lib/gcc/arm-none-eabi/7.3.1/../../../../arm-none-eabi/lib/thumb/v7e-m/fpv4-sp/hard\libm.a(lib_a-sf_floor.o)
                0x000000000800ceac                floorf
 .text.scalbnf  0x000000000800cf30       0xc0 c:/st/stm32cubeide_1.4.0/stm32cubeide/plugins/com.st.stm32cube.ide.mcu.externaltools.gnu-tools-for-stm32.7-2018-q2-update.win32_1.4.0.202007081208/tools/bin/../lib/gcc/arm-none-eabi/7.3.1/../../../../arm-none-eabi/lib/thumb/v7e-m/fpv4-sp/hard\libm.a(lib_a-sf_scalbn.o)
                0x000000000800cf30                scalbnf
 .text.copysignf
                0x000000000800cff0       0x18 c:/st/stm32cubeide_1.4.0/stm32cubeide/plugins/com.st.stm32cube.ide.mcu.externaltools.gnu-tools-for-stm32.7-2018-q2-update.win32_1.4.0.202007081208/tools/bin/../lib/gcc/arm-none-eabi/7.3.1/../../../../arm-none-eabi/lib/thumb/v7e-m/fpv4-sp/hard\libm.a(lib_a-sf_copysign.o)
                0x000000000800cff0                copysignf
 *(.glue_7)
 .glue_7        0x000000000800d008        0x0 linker stubs
 *(.glue_7t)
 .glue_7t       0x000000000800d008        0x0 linker stubs
 *(.eh_frame)
 .eh_frame      0x000000000800d008        0x0 c:/st/stm32cubeide_1.4.0/stm32cubeide/plugins/com.st.stm32cube.ide.mcu.externaltools.gnu-tools-for-stm32.7-2018-q2-update.win32_1.4.0.202007081208/tools/bin/../lib/gcc/arm-none-eabi/7.3.1/thumb/v7e-m/fpv4-sp/hard/crtbegin.o
 *(.init)
 .init          0x000000000800d008        0x4 c:/st/stm32cubeide_1.4.0/stm32cubeide/plugins/com.st.stm32cube.ide.mcu.externaltools.gnu-tools-for-stm32.7-2018-q2-update.win32_1.4.0.202007081208/tools/bin/../lib/gcc/arm-none-eabi/7.3.1/thumb/v7e-m/fpv4-sp/hard/crti.o
                0x000000000800d008                _init
 .init          0x000000000800d00c        0x8 c:/st/stm32cubeide_1.4.0/stm32cubeide/plugins/com.st.stm32cube.ide.mcu.externaltools.gnu-tools-for-stm32.7-2018-q2-update.win32_1.4.0.202007081208/tools/bin/../lib/gcc/arm-none-eabi/7.3.1/thumb/v7e-m/fpv4-sp/hard/crtn.o
 *(.fini)
 .fini          0x000000000800d014        0x4 c:/st/stm32cubeide_1.4.0/stm32cubeide/plugins/com.st.stm32cube.ide.mcu.externaltools.gnu-tools-for-stm32.7-2018-q2-update.win32_1.4.0.202007081208/tools/bin/../lib/gcc/arm-none-eabi/7.3.1/thumb/v7e-m/fpv4-sp/hard/crti.o
                0x000000000800d014                _fini
 .fini          0x000000000800d018        0x8 c:/st/stm32cubeide_1.4.0/stm32cubeide/plugins/com.st.stm32cube.ide.mcu.externaltools.gnu-tools-for-stm32.7-2018-q2-update.win32_1.4.0.202007081208/tools/bin/../lib/gcc/arm-none-eabi/7.3.1/thumb/v7e-m/fpv4-sp/hard/crtn.o
                0x000000000800d020                . = ALIGN (0x4)
                0x000000000800d020                _etext = .

.vfp11_veneer   0x000000000800d020        0x0
 .vfp11_veneer  0x000000000800d020        0x0 linker stubs

.v4_bx          0x000000000800d020        0x0
 .v4_bx         0x000000000800d020        0x0 linker stubs

.iplt           0x000000000800d020        0x0
 .iplt          0x000000000800d020        0x0 c:/st/stm32cubeide_1.4.0/stm32cubeide/plugins/com.st.stm32cube.ide.mcu.externaltools.gnu-tools-for-stm32.7-2018-q2-update.win32_1.4.0.202007081208/tools/bin/../lib/gcc/arm-none-eabi/7.3.1/thumb/v7e-m/fpv4-sp/hard/crtbegin.o

.rodata         0x000000000800d020      0x5f8
                0x000000000800d020                . = ALIGN (0x4)
 *(.rodata)
 .rodata        0x000000000800d020       0x13 Core/Src/main.o
 *fill*         0x000000000800d033        0x1 
 .rodata        0x000000000800d034        0xc c:/st/stm32cubeide_1.4.0/stm32cubeide/plugins/com.st.stm32cube.ide.mcu.externaltools.gnu-tools-for-stm32.7-2018-q2-update.win32_1.4.0.202007081208/tools/bin/../lib/gcc/arm-none-eabi/7.3.1/../../../../arm-none-eabi/lib/thumb/v7e-m/fpv4-sp/hard\libc_nano.a(lib_a-nano-vfscanf_i.o)
 *(.rodata*)
 .rodata.AHBPrescTable
                0x000000000800d040       0x10 Core/Src/system_stm32l4xx.o
                0x000000000800d040                AHBPrescTable
 .rodata.APBPrescTable
                0x000000000800d050        0x8 Core/Src/system_stm32l4xx.o
                0x000000000800d050                APBPrescTable
 .rodata.MSIRangeTable
                0x000000000800d058       0x30 Core/Src/system_stm32l4xx.o
                0x000000000800d058                MSIRangeTable
 .rodata._global_impure_ptr
                0x000000000800d088        0x4 c:/st/stm32cubeide_1.4.0/stm32cubeide/plugins/com.st.stm32cube.ide.mcu.externaltools.gnu-tools-for-stm32.7-2018-q2-update.win32_1.4.0.202007081208/tools/bin/../lib/gcc/arm-none-eabi/7.3.1/../../../../arm-none-eabi/lib/thumb/v7e-m/fpv4-sp/hard\libc_nano.a(lib_a-impure.o)
                0x000000000800d088                _global_impure_ptr
 .rodata.__sf_fake_stderr
                0x000000000800d08c       0x20 c:/st/stm32cubeide_1.4.0/stm32cubeide/plugins/com.st.stm32cube.ide.mcu.externaltools.gnu-tools-for-stm32.7-2018-q2-update.win32_1.4.0.202007081208/tools/bin/../lib/gcc/arm-none-eabi/7.3.1/../../../../arm-none-eabi/lib/thumb/v7e-m/fpv4-sp/hard\libc_nano.a(lib_a-findfp.o)
                0x000000000800d08c                __sf_fake_stderr
 .rodata.__sf_fake_stdin
                0x000000000800d0ac       0x20 c:/st/stm32cubeide_1.4.0/stm32cubeide/plugins/com.st.stm32cube.ide.mcu.externaltools.gnu-tools-for-stm32.7-2018-q2-update.win32_1.4.0.202007081208/tools/bin/../lib/gcc/arm-none-eabi/7.3.1/../../../../arm-none-eabi/lib/thumb/v7e-m/fpv4-sp/hard\libc_nano.a(lib_a-findfp.o)
                0x000000000800d0ac                __sf_fake_stdin
 .rodata.__sf_fake_stdout
                0x000000000800d0cc       0x20 c:/st/stm32cubeide_1.4.0/stm32cubeide/plugins/com.st.stm32cube.ide.mcu.externaltools.gnu-tools-for-stm32.7-2018-q2-update.win32_1.4.0.202007081208/tools/bin/../lib/gcc/arm-none-eabi/7.3.1/../../../../arm-none-eabi/lib/thumb/v7e-m/fpv4-sp/hard\libc_nano.a(lib_a-findfp.o)
                0x000000000800d0cc                __sf_fake_stdout
 .rodata.__ssvfscanf_r.str1.1
                0x000000000800d0ec        0x4 c:/st/stm32cubeide_1.4.0/stm32cubeide/plugins/com.st.stm32cube.ide.mcu.externaltools.gnu-tools-for-stm32.7-2018-q2-update.win32_1.4.0.202007081208/tools/bin/../lib/gcc/arm-none-eabi/7.3.1/../../../../arm-none-eabi/lib/thumb/v7e-m/fpv4-sp/hard\libc_nano.a(lib_a-nano-svfscanf.o)
 .rodata._vfprintf_r.str1.1
                0x000000000800d0f0        0xd c:/st/stm32cubeide_1.4.0/stm32cubeide/plugins/com.st.stm32cube.ide.mcu.externaltools.gnu-tools-for-stm32.7-2018-q2-update.win32_1.4.0.202007081208/tools/bin/../lib/gcc/arm-none-eabi/7.3.1/../../../../arm-none-eabi/lib/thumb/v7e-m/fpv4-sp/hard\libc_nano.a(lib_a-nano-vfprintf.o)
                                         0x11 (size before relaxing)
 .rodata._printf_i.str1.1
                0x000000000800d0fd       0x22 c:/st/stm32cubeide_1.4.0/stm32cubeide/plugins/com.st.stm32cube.ide.mcu.externaltools.gnu-tools-for-stm32.7-2018-q2-update.win32_1.4.0.202007081208/tools/bin/../lib/gcc/arm-none-eabi/7.3.1/../../../../arm-none-eabi/lib/thumb/v7e-m/fpv4-sp/hard\libc_nano.a(lib_a-nano-vfprintf_i.o)
 .rodata._scanf_i.str1.1
                0x000000000800d11f       0x12 c:/st/stm32cubeide_1.4.0/stm32cubeide/plugins/com.st.stm32cube.ide.mcu.externaltools.gnu-tools-for-stm32.7-2018-q2-update.win32_1.4.0.202007081208/tools/bin/../lib/gcc/arm-none-eabi/7.3.1/../../../../arm-none-eabi/lib/thumb/v7e-m/fpv4-sp/hard\libc_nano.a(lib_a-nano-vfscanf_i.o)
 .rodata.str1.1
                0x000000000800d131        0x9 c:/st/stm32cubeide_1.4.0/stm32cubeide/plugins/com.st.stm32cube.ide.mcu.externaltools.gnu-tools-for-stm32.7-2018-q2-update.win32_1.4.0.202007081208/tools/bin/../lib/gcc/arm-none-eabi/7.3.1/../../../../arm-none-eabi/lib/thumb/v7e-m/fpv4-sp/hard\libc_nano.a(lib_a-nano-vfscanf_i.o)
 .rodata._setlocale_r.str1.1
                0x000000000800d13a        0x8 c:/st/stm32cubeide_1.4.0/stm32cubeide/plugins/com.st.stm32cube.ide.mcu.externaltools.gnu-tools-for-stm32.7-2018-q2-update.win32_1.4.0.202007081208/tools/bin/../lib/gcc/arm-none-eabi/7.3.1/../../../../arm-none-eabi/lib/thumb/v7e-m/fpv4-sp/hard\libc_nano.a(lib_a-locale.o)
                                          0x9 (size before relaxing)
 .rodata.str1.1
                0x000000000800d142        0x2 c:/st/stm32cubeide_1.4.0/stm32cubeide/plugins/com.st.stm32cube.ide.mcu.externaltools.gnu-tools-for-stm32.7-2018-q2-update.win32_1.4.0.202007081208/tools/bin/../lib/gcc/arm-none-eabi/7.3.1/../../../../arm-none-eabi/lib/thumb/v7e-m/fpv4-sp/hard\libc_nano.a(lib_a-locale.o)
 .rodata._ctype_
                0x000000000800d144      0x101 c:/st/stm32cubeide_1.4.0/stm32cubeide/plugins/com.st.stm32cube.ide.mcu.externaltools.gnu-tools-for-stm32.7-2018-q2-update.win32_1.4.0.202007081208/tools/bin/../lib/gcc/arm-none-eabi/7.3.1/../../../../arm-none-eabi/lib/thumb/v7e-m/fpv4-sp/hard\libc_nano.a(lib_a-ctype_.o)
                0x000000000800d144                _ctype_
 *fill*         0x000000000800d245        0x3 
 .rodata.npio2_hw
                0x000000000800d248       0x80 c:/st/stm32cubeide_1.4.0/stm32cubeide/plugins/com.st.stm32cube.ide.mcu.externaltools.gnu-tools-for-stm32.7-2018-q2-update.win32_1.4.0.202007081208/tools/bin/../lib/gcc/arm-none-eabi/7.3.1/../../../../arm-none-eabi/lib/thumb/v7e-m/fpv4-sp/hard\libm.a(lib_a-ef_rem_pio2.o)
 .rodata.two_over_pi
                0x000000000800d2c8      0x318 c:/st/stm32cubeide_1.4.0/stm32cubeide/plugins/com.st.stm32cube.ide.mcu.externaltools.gnu-tools-for-stm32.7-2018-q2-update.win32_1.4.0.202007081208/tools/bin/../lib/gcc/arm-none-eabi/7.3.1/../../../../arm-none-eabi/lib/thumb/v7e-m/fpv4-sp/hard\libm.a(lib_a-ef_rem_pio2.o)
 .rodata.PIo2   0x000000000800d5e0       0x2c c:/st/stm32cubeide_1.4.0/stm32cubeide/plugins/com.st.stm32cube.ide.mcu.externaltools.gnu-tools-for-stm32.7-2018-q2-update.win32_1.4.0.202007081208/tools/bin/../lib/gcc/arm-none-eabi/7.3.1/../../../../arm-none-eabi/lib/thumb/v7e-m/fpv4-sp/hard\libm.a(lib_a-kf_rem_pio2.o)
 .rodata.init_jk
                0x000000000800d60c        0xc c:/st/stm32cubeide_1.4.0/stm32cubeide/plugins/com.st.stm32cube.ide.mcu.externaltools.gnu-tools-for-stm32.7-2018-q2-update.win32_1.4.0.202007081208/tools/bin/../lib/gcc/arm-none-eabi/7.3.1/../../../../arm-none-eabi/lib/thumb/v7e-m/fpv4-sp/hard\libm.a(lib_a-kf_rem_pio2.o)
                0x000000000800d618                . = ALIGN (0x4)

.ARM.extab      0x000000000800d618        0x0
                0x000000000800d618                . = ALIGN (0x4)
 *(.ARM.extab* .gnu.linkonce.armextab.*)
                0x000000000800d618                . = ALIGN (0x4)

.ARM            0x000000000800d618        0x8
                0x000000000800d618                . = ALIGN (0x4)
                0x000000000800d618                __exidx_start = .
 *(.ARM.exidx*)
 .ARM.exidx     0x000000000800d618        0x8 c:/st/stm32cubeide_1.4.0/stm32cubeide/plugins/com.st.stm32cube.ide.mcu.externaltools.gnu-tools-for-stm32.7-2018-q2-update.win32_1.4.0.202007081208/tools/bin/../lib/gcc/arm-none-eabi/7.3.1/thumb/v7e-m/fpv4-sp/hard\libgcc.a(_udivmoddi4.o)
                0x000000000800d620                __exidx_end = .
                0x000000000800d620                . = ALIGN (0x4)

.rel.dyn        0x000000000800d620        0x0
 .rel.iplt      0x000000000800d620        0x0 c:/st/stm32cubeide_1.4.0/stm32cubeide/plugins/com.st.stm32cube.ide.mcu.externaltools.gnu-tools-for-stm32.7-2018-q2-update.win32_1.4.0.202007081208/tools/bin/../lib/gcc/arm-none-eabi/7.3.1/thumb/v7e-m/fpv4-sp/hard/crtbegin.o

.preinit_array  0x000000000800d620        0x0
                0x000000000800d620                . = ALIGN (0x4)
                0x000000000800d620                PROVIDE (__preinit_array_start = .)
 *(.preinit_array*)
                0x000000000800d620                PROVIDE (__preinit_array_end = .)
                0x000000000800d620                . = ALIGN (0x4)

.init_array     0x000000000800d620        0x4
                0x000000000800d620                . = ALIGN (0x4)
                0x000000000800d620                PROVIDE (__init_array_start = .)
 *(SORT_BY_NAME(.init_array.*))
 *(.init_array*)
 .init_array    0x000000000800d620        0x4 c:/st/stm32cubeide_1.4.0/stm32cubeide/plugins/com.st.stm32cube.ide.mcu.externaltools.gnu-tools-for-stm32.7-2018-q2-update.win32_1.4.0.202007081208/tools/bin/../lib/gcc/arm-none-eabi/7.3.1/thumb/v7e-m/fpv4-sp/hard/crtbegin.o
                0x000000000800d624                PROVIDE (__init_array_end = .)
                0x000000000800d624                . = ALIGN (0x4)

.fini_array     0x000000000800d624        0x4
                0x000000000800d624                . = ALIGN (0x4)
                [!provide]                        PROVIDE (__fini_array_start = .)
 *(SORT_BY_NAME(.fini_array.*))
 *(.fini_array*)
 .fini_array    0x000000000800d624        0x4 c:/st/stm32cubeide_1.4.0/stm32cubeide/plugins/com.st.stm32cube.ide.mcu.externaltools.gnu-tools-for-stm32.7-2018-q2-update.win32_1.4.0.202007081208/tools/bin/../lib/gcc/arm-none-eabi/7.3.1/thumb/v7e-m/fpv4-sp/hard/crtbegin.o
                [!provide]                        PROVIDE (__fini_array_end = .)
                0x000000000800d628                . = ALIGN (0x4)
                0x000000000800d628                _sidata = LOADADDR (.data)

.data           0x0000000020000000      0x4a4 load address 0x000000000800d628
                0x0000000020000000                . = ALIGN (0x4)
                0x0000000020000000                _sdata = .
 *(.data)
 *(.data*)
 .data.flaga_1  0x0000000020000000        0x4 Core/Src/main.o
                0x0000000020000000                flaga_1
 .data.Dev      0x0000000020000004        0x4 Core/Src/main.o
                0x0000000020000004                Dev
 .data.prom     0x0000000020000008        0x2 Core/Src/main.o
                0x0000000020000008                prom
 *fill*         0x000000002000000a        0x2 
 .data.SystemCoreClock
                0x000000002000000c        0x4 Core/Src/system_stm32l4xx.o
                0x000000002000000c                SystemCoreClock
 .data.uwTickPrio
                0x0000000020000010        0x4 Drivers/STM32L4xx_HAL_Driver/Src/stm32l4xx_hal.o
                0x0000000020000010                uwTickPrio
 .data.uwTickFreq
                0x0000000020000014        0x1 Drivers/STM32L4xx_HAL_Driver/Src/stm32l4xx_hal.o
                0x0000000020000014                uwTickFreq
 *fill*         0x0000000020000015        0x3 
 .data.DefaultTuningSettings
                0x0000000020000018       0xf3 Drivers/VL53L0X/core/src/vl53l0x_api.o
                0x0000000020000018                DefaultTuningSettings
 *fill*         0x000000002000010b        0x1 
 .data.InterruptThresholdSettings
                0x000000002000010c      0x1b6 Drivers/VL53L0X/core/src/vl53l0x_api.o
                0x000000002000010c                InterruptThresholdSettings
 *fill*         0x00000000200002c2        0x2 
 .data.refArrayQuadrants
                0x00000000200002c4       0x10 Drivers/VL53L0X/core/src/vl53l0x_api_calibration.o
                0x00000000200002c4                refArrayQuadrants
 .data._impure_ptr
                0x00000000200002d4        0x4 c:/st/stm32cubeide_1.4.0/stm32cubeide/plugins/com.st.stm32cube.ide.mcu.externaltools.gnu-tools-for-stm32.7-2018-q2-update.win32_1.4.0.202007081208/tools/bin/../lib/gcc/arm-none-eabi/7.3.1/../../../../arm-none-eabi/lib/thumb/v7e-m/fpv4-sp/hard\libc_nano.a(lib_a-impure.o)
                0x00000000200002d4                _impure_ptr
 .data.impure_data
                0x00000000200002d8       0x60 c:/st/stm32cubeide_1.4.0/stm32cubeide/plugins/com.st.stm32cube.ide.mcu.externaltools.gnu-tools-for-stm32.7-2018-q2-update.win32_1.4.0.202007081208/tools/bin/../lib/gcc/arm-none-eabi/7.3.1/../../../../arm-none-eabi/lib/thumb/v7e-m/fpv4-sp/hard\libc_nano.a(lib_a-impure.o)
 .data.__global_locale