22:31:52 **** Incremental Build of configuration Debug for project Usart ****
make -j12 all 
arm-none-eabi-gcc "../Core/Src/main.c" -mcpu=cortex-m4 -std=gnu11 -g3 -DUSE_HAL_DRIVER -DSTM32L476xx -DDEBUG -c -I../Core/Inc -I../Drivers/STM32L4xx_HAL_Driver/Inc -I../Drivers/STM32L4xx_HAL_Driver/Inc/Legacy -I../Drivers/CMSIS/Device/ST/STM32L4xx/Include -I../Drivers/CMSIS/Include -O0 -ffunction-sections -fdata-sections -Wall -fstack-usage -MMD -MP -MF"Core/Src/main.d" -MT"Core/Src/main.o" --specs=nano.specs -mfpu=fpv4-sp-d16 -mfloat-abi=hard -mthumb -o "Core/Src/main.o"
arm-none-eabi-gcc -o "Usart.elf" @"objects.list"   -mcpu=cortex-m4 -T"C:\Users\adamj\Desktop\Studia\Semestr_6\WDS\ATMEGA\STM32\Uart\Usart\STM32L476RGTX_FLASH.ld" --specs=nosys.specs -Wl,-Map="Usart.map" -Wl,--gc-sections -static --specs=nano.specs -mfpu=fpv4-sp-d16 -mfloat-abi=hard -mthumb -Wl,--start-group -lc -lm -Wl,--end-group
Finished building target: Usart.elf
 
arm-none-eabi-objdump -h -S  Usart.elf  > "Usart.list"
arm-none-eabi-objcopy  -O binary  Usart.elf  "Usart.bin"
arm-none-eabi-size   Usart.elf 
   text	   data	    bss	    dec	    hex	filename
  22204	    488	   1824	  24516	   5fc4	Usart.elf
Finished building: default.size.stdout
 
Finished building: Usart.bin
 
Finished building: Usart.list
 

22:31:53 Build Finished. 0 errors, 0 warnings. (took 1s.497ms)

